La g├®n├®ration a d├®marr├® 16/04/2025 09:13:42.
     0>LÔÇÖenregistreur dÔÇÖ├®v├®nements du terminal nÔÇÖa pas ├®t├® utilis├® car la sortie est redirig├®e vers un fichier.
       Processus = "C:\Program Files\dotnet\dotnet.exe"
       Chemin de l'ex├®cutable MSBuild = "C:\Program Files\dotnet\sdk\9.0.203\MSBuild.dll"
       Arguments de ligne de commande = "C:\Program Files\dotnet\sdk\9.0.203\MSBuild.dll -maxcpucount -verbosity:m -tlp:default=auto -nologo -restore -consoleloggerparameters:Summary -verbosity:detailed SqlParserLight.sln -distributedlogger:Microsoft.DotNet.Tools.MSBuild.MSBuildLogger,C:\Program Files\dotnet\sdk\9.0.203\dotnet.dll*Microsoft.DotNet.Tools.MSBuild.MSBuildForwardingLogger,C:\Program Files\dotnet\sdk\9.0.203\dotnet.dll"
       R├®pertoire actif = "D:\www\SqlParserLight"
       Version de MSBuild = "17.13.20+a4ef1e90f"
       DÔÇÖapr├¿s la cl├® de Registre Windows LongPathsEnabled, la fonctionnalit├® LongPaths est d├®sactiv├®.
       Bas├® sur la cl├® de Registre Windows VerifiedAndReputablePolicyState, ├®tat SAC = 0 : d├®sactiv├®.
       D:\www\SqlParserLight\SqlParserLight.sln.metaproj : message : Propri├®t├® 'MSBuildExtensionsPath' avec la valeur 'C:\Program Files\dotnet\sdk\9.0.203\' d├®velopp├®e ├á partir de lÔÇÖenvironnement.
       Assembly charg├® pendant Evaluation┬á: System.Threading.Tasks.Parallel, Version=9.0.0.0, Culture=neutral, PublicKeyToken=b03f5f7f11d50a3a (emplacement : C:\Program Files\dotnet\shared\Microsoft.NETCore.App\9.0.4\System.Threading.Tasks.Parallel.dll, MVID : 5277877b-7aa0-4066-9d51-19fe42b8b4fc, AssemblyLoadContext : Default)
       R├®assignation de propri├®t├®┬á: $(_GenerateRestoreGraphProjectEntryInputProperties)="
             ExcludeRestorePackageImports=true;
             _RestoreSolutionFileUsed=true;
             SolutionDir=D:\www\SqlParserLight\;
             SolutionName=SqlParserLight;
             SolutionFileName=SqlParserLight.sln;
             SolutionPath=D:\www\SqlParserLight\SqlParserLight.sln;
             SolutionExt=.sln;
           " (valeur pr├®c├®dente┬á: "ExcludeRestorePackageImports=true") ├á C:\Program Files\dotnet\sdk\9.0.203\NuGet.targets (101,5)
       Assembly charg├® pendant Evaluation┬á: System.Numerics.Vectors, Version=9.0.0.0, Culture=neutral, PublicKeyToken=b03f5f7f11d50a3a (emplacement : C:\Program Files\dotnet\shared\Microsoft.NETCore.App\9.0.4\System.Numerics.Vectors.dll, MVID : ca5eeabe-3a3f-460b-9fea-f5bc7c7f8c95, AssemblyLoadContext : Default)
       Remplacement de la cible "Restore" du projet "D:\www\SqlParserLight\SqlParserLight.sln.metaproj" par la cible "Restore" du projet "C:\Program Files\dotnet\sdk\9.0.203\NuGet.targets".
       La cible "Store" r├®pertori├®e dans un attribut BeforeTargets ├á "C:\Program Files\dotnet\sdk\9.0.203\Current\SolutionFile\ImportAfter\Microsoft.NET.Sdk.Solution.targets (33,11)" n'existe pas dans le projet et sera ignor├®e.
       La cible "VSTest" r├®pertori├®e dans un attribut BeforeTargets ├á "C:\Program Files\dotnet\sdk\9.0.203\Current\SolutionFile\ImportAfter\Microsoft.NET.Sdk.Solution.targets (33,11)" n'existe pas dans le projet et sera ignor├®e.
       La cible "_CheckForInvalidConfigurationAndPlatform" r├®pertori├®e dans un attribut BeforeTargets ├á "C:\Program Files\dotnet\sdk\9.0.203\NuGet.targets (700,11)" n'existe pas dans le projet et sera ignor├®e.
     1>Projet "D:\www\SqlParserLight\SqlParserLight.sln" sur le n┼ôud 1 (Restore cible(s)).
     1>Cible "ValidateSolutionConfiguration" dans le fichier "D:\www\SqlParserLight\SqlParserLight.sln.metaproj" du projet "D:\www\SqlParserLight\SqlParserLight.sln" (point d'entr├®e)┬á:
     1>T├óche "Error" ignor├®e en raison d'une fausse condition┬á; (('$(CurrentSolutionConfigurationContents)' == '') and ('$(SkipInvalidConfigurations)' != 'true')) a ├®t├® ├®valu├®e comme (('<SolutionConfiguration>
  <ProjectConfiguration Project="{9E810FD2-BBDD-5549-7EFD-A9D83FE2D063}" AbsolutePath="D:\www\SqlParserLight\SqlParserLib.csproj" BuildProjectInSolution="True">Debug|AnyCPU</ProjectConfiguration>
</SolutionConfiguration>' == '') and ('' != 'true')).
       T├óche "Warning" ignor├®e en raison d'une fausse condition┬á; (('$(CurrentSolutionConfigurationContents)' == '') and ('$(SkipInvalidConfigurations)' == 'true')) a ├®t├® ├®valu├®e comme (('<SolutionConfiguration>
         <ProjectConfiguration Project="{9E810FD2-BBDD-5549-7EFD-A9D83FE2D063}" AbsolutePath="D:\www\SqlParserLight\SqlParserLib.csproj" BuildProjectInSolution="True">Debug|AnyCPU</ProjectConfiguration>
       </SolutionConfiguration>' == '') and ('' == 'true')).
       Utilisation de la t├óche "Message" ├á partir de l'assembly "Microsoft.Build.Tasks.Core, Version=15.1.0.0, Culture=neutral, PublicKeyToken=b03f5f7f11d50a3a".
       T├óche "Message"
         G├®n├®ration de la configuration de solution "Debug|Any CPU".
       Ex├®cution de la t├óche "Message" termin├®e.
     1>G├®n├®ration de la cible "ValidateSolutionConfiguration" termin├®e dans le projet "SqlParserLight.sln".
     1>Cible "ValidateToolsVersions" dans le fichier "D:\www\SqlParserLight\SqlParserLight.sln.metaproj" du projet "D:\www\SqlParserLight\SqlParserLight.sln" (point d'entr├®e)┬á:
       T├óche "Error" ignor├®e en raison d'une fausse condition┬á; ('$(MSBuildToolsVersion)' == '2.0' and ('$(ProjectToolsVersion)' != '2.0' and '$(ProjectToolsVersion)' != '')) a ├®t├® ├®valu├®e comme ('Current' == '2.0' and ('' != '2.0' and '' != '')).
     1>G├®n├®ration de la cible "ValidateToolsVersions" termin├®e dans le projet "SqlParserLight.sln".
     1>Cible "ValidateProjects" dans le fichier "D:\www\SqlParserLight\SqlParserLight.sln.metaproj" du projet "D:\www\SqlParserLight\SqlParserLight.sln" (point d'entr├®e)┬á:
     1>G├®n├®ration de la cible "ValidateProjects" termin├®e dans le projet "SqlParserLight.sln".
     1>Cible "_LoadRestoreGraphEntryPoints" dans le fichier "C:\Program Files\dotnet\sdk\9.0.203\NuGet.targets" du projet "D:\www\SqlParserLight\SqlParserLight.sln" (la cible "_FilterRestoreGraphProjectInputItems" en d├®pend)┬á:
       Assembly charg├® pendant TaskRun┬á: NuGet.Build.Tasks, Version=6.13.2.1, Culture=neutral, PublicKeyToken=31bf3856ad364e35 (emplacement : C:\Program Files\dotnet\sdk\9.0.203\NuGet.Build.Tasks.dll, MVID : 62e79c77-0ada-483f-894c-14761c15d9e0, AssemblyLoadContext : MSBuild plugin C:\Program Files\dotnet\sdk\9.0.203\NuGet.Build.Tasks.dll)
       Assembly charg├® pendant TaskRun┬á: System.Threading.ThreadPool, Version=9.0.0.0, Culture=neutral, PublicKeyToken=b03f5f7f11d50a3a (emplacement : C:\Program Files\dotnet\shared\Microsoft.NETCore.App\9.0.4\System.Threading.ThreadPool.dll, MVID : 6ef8f121-a952-4a67-8869-37ea67b13592, AssemblyLoadContext : Default)
       Assembly charg├® pendant TaskRun┬á: System.Reflection.Metadata, Version=9.0.0.0, Culture=neutral, PublicKeyToken=b03f5f7f11d50a3a (emplacement : C:\Program Files\dotnet\shared\Microsoft.NETCore.App\9.0.4\System.Reflection.Metadata.dll, MVID : f64eb88c-5ea6-4acb-a131-9b2008e507a3, AssemblyLoadContext : Default)
       Assembly charg├® pendant TaskRun┬á: NuGet.Common, Version=6.13.2.1, Culture=neutral, PublicKeyToken=31bf3856ad364e35 (emplacement : C:\Program Files\dotnet\sdk\9.0.203\NuGet.Common.dll, MVID : 1e7fc0f3-b9da-4391-ac2a-870da838c6d9, AssemblyLoadContext : MSBuild plugin C:\Program Files\dotnet\sdk\9.0.203\NuGet.Build.Tasks.dll)
       Assembly charg├® pendant TaskRun┬á: NuGet.Commands, Version=6.13.2.1, Culture=neutral, PublicKeyToken=31bf3856ad364e35 (emplacement : C:\Program Files\dotnet\sdk\9.0.203\NuGet.Commands.dll, MVID : 855faea7-8a4e-48cc-adb7-b27d7c462d84, AssemblyLoadContext : MSBuild plugin C:\Program Files\dotnet\sdk\9.0.203\NuGet.Build.Tasks.dll)
       Assembly charg├® pendant TaskRun┬á: NuGet.ProjectModel, Version=6.13.2.1, Culture=neutral, PublicKeyToken=31bf3856ad364e35 (emplacement : C:\Program Files\dotnet\sdk\9.0.203\NuGet.ProjectModel.dll, MVID : 31442f45-c99a-41e8-9017-e63a2d767d4f, AssemblyLoadContext : MSBuild plugin C:\Program Files\dotnet\sdk\9.0.203\NuGet.Build.Tasks.dll)
       Utilisation de la t├óche "GetRestoreSolutionProjectsTask" ├á partir de l'assembly "C:\Program Files\dotnet\sdk\9.0.203\NuGet.Build.Tasks.dll".
       T├óche "GetRestoreSolutionProjectsTask"
       Ex├®cution de la t├óche "GetRestoreSolutionProjectsTask" termin├®e.
     1>G├®n├®ration de la cible "_LoadRestoreGraphEntryPoints" termin├®e dans le projet "SqlParserLight.sln".
     1>Cible "_FilterRestoreGraphProjectInputItems" dans le fichier "C:\Program Files\dotnet\sdk\9.0.203\NuGet.targets" du projet "D:\www\SqlParserLight\SqlParserLight.sln" (la cible "_GenerateRestoreGraph" en d├®pend)┬á:
       Utilisation de la t├óche "RemoveDuplicates" ├á partir de l'assembly "Microsoft.Build.Tasks.Core, Version=15.1.0.0, Culture=neutral, PublicKeyToken=b03f5f7f11d50a3a".
       T├óche "RemoveDuplicates"
       Ex├®cution de la t├óche "RemoveDuplicates" termin├®e.
       Utilisation de la t├óche "MSBuild" ├á partir de l'assembly "Microsoft.Build.Tasks.Core, Version=15.1.0.0, Culture=neutral, PublicKeyToken=b03f5f7f11d50a3a".
       T├óche "MSBuild"
         Propri├®t├®s globales┬á:
           ExcludeRestorePackageImports=true
           _RestoreSolutionFileUsed=true
           SolutionDir=D:\www\SqlParserLight\
           SolutionName=SqlParserLight
           SolutionFileName=SqlParserLight.sln
           SolutionPath=D:\www\SqlParserLight\SqlParserLight.sln
           SolutionExt=.sln
         Propri├®t├®s suppl├®mentaires du projet "D:\www\SqlParserLight\SqlParserLib.csproj":
           Configuration=Debug
           Platform=AnyCPU
     0>Le ┬½┬áMicrosoft.NET.Sdk┬á┬╗ SDK a ├®t├® r├®solu par le programme de r├®solution de ┬½┬áDefaultSdkResolver┬á┬╗ en ┬½┬áC:\Program Files\dotnet\sdk\9.0.203\Sdks\Microsoft.NET.Sdk\Sdk┬á┬╗ dÔÇÖemplacement et en version ┬½┬á┬á┬╗.
       C:\Program Files\dotnet\sdk\9.0.203\Sdks\Microsoft.NET.Sdk\Sdk\Sdk.props(49,11): message : Propri├®t├® 'MSBuildExtensionsPath' avec la valeur 'C:\Program Files\dotnet\sdk\9.0.203\' d├®velopp├®e ├á partir de lÔÇÖenvironnement.
       R├®assignation de propri├®t├®┬á: $(MSBuildProjectExtensionsPath)="D:\www\SqlParserLight\obj\" (valeur pr├®c├®dente┬á: "obj\") ├á C:\Program Files\dotnet\sdk\9.0.203\Current\Microsoft.Common.props (60,5)
       C:\Program Files\dotnet\sdk\9.0.203\Current\Microsoft.Common.props(84,119): message : Propri├®t├® 'MSBuildUserExtensionsPath' avec la valeur 'C:\Users\PREDTR\AppData\Local\Microsoft\MSBuild' d├®velopp├®e ├á partir de lÔÇÖenvironnement.
       La propri├®t├® "Configuration" est une propri├®t├® globale et elle ne peut pas ├¬tre modifi├®e.
       La propri├®t├® "Platform" est une propri├®t├® globale et elle ne peut pas ├¬tre modifi├®e.
       La propri├®t├® "Configuration" est une propri├®t├® globale et elle ne peut pas ├¬tre modifi├®e.
       La propri├®t├® "Platform" est une propri├®t├® globale et elle ne peut pas ├¬tre modifi├®e.
       R├®assignation de propri├®t├®┬á: $(AssemblySearchPaths)="{CandidateAssemblyFiles};{HintPathFromItem}" (valeur pr├®c├®dente┬á: "{CandidateAssemblyFiles}") ├á C:\Program Files\dotnet\sdk\9.0.203\Sdks\Microsoft.NET.Sdk\targets\Microsoft.NET.Sdk.props (90,5)
       R├®assignation de propri├®t├®┬á: $(AssemblySearchPaths)="{CandidateAssemblyFiles};{HintPathFromItem};{TargetFrameworkDirectory}" (valeur pr├®c├®dente┬á: "{CandidateAssemblyFiles};{HintPathFromItem}") ├á C:\Program Files\dotnet\sdk\9.0.203\Sdks\Microsoft.NET.Sdk\targets\Microsoft.NET.Sdk.props (91,5)
       R├®assignation de propri├®t├®┬á: $(AssemblySearchPaths)="{CandidateAssemblyFiles};{HintPathFromItem};{TargetFrameworkDirectory};{RawFileName}" (valeur pr├®c├®dente┬á: "{CandidateAssemblyFiles};{HintPathFromItem};{TargetFrameworkDirectory}") ├á C:\Program Files\dotnet\sdk\9.0.203\Sdks\Microsoft.NET.Sdk\targets\Microsoft.NET.Sdk.props (92,5)
       Le programme de r├®solution ┬½┬áDefaultSdkResolver┬á┬╗ a tent├® de r├®soudre le SDK ┬½┬áMicrosoft.NET.SDK.WorkloadAutoImportPropsLocator┬á┬╗.
       Avertissements┬á: null
       Erreurs┬á: MSB4276: Le programme de r├®solution du SDK par d├®faut nÔÇÖa pas pu r├®soudre le SDK ┬½Microsoft.NET.SDK.WorkloadAutoImportPropsLocator┬╗, car le r├®pertoire ┬½C:\Program Files\dotnet\sdk\9.0.203\Sdks\Microsoft.NET.SDK.WorkloadAutoImportPropsLocator\Sdk┬╗ nÔÇÖexistait pas.
       Assembly charg├® pendant Evaluation┬á: Microsoft.Build.NuGetSdkResolver, Version=6.13.2.1, Culture=neutral, PublicKeyToken=31bf3856ad364e35 (emplacement : C:\Program Files\dotnet\sdk\9.0.203\Microsoft.Build.NuGetSdkResolver.dll, MVID : 0cf9614e-759f-4adc-965e-a0c0bdf7ff68, AssemblyLoadContext : MSBuild plugin C:\Program Files\dotnet\sdk\9.0.203\Microsoft.Build.NuGetSdkResolver.dll)
       Assembly charg├® pendant Evaluation┬á: NuGet.Common, Version=6.13.2.1, Culture=neutral, PublicKeyToken=31bf3856ad364e35 (emplacement : C:\Program Files\dotnet\sdk\9.0.203\NuGet.Common.dll, MVID : 1e7fc0f3-b9da-4391-ac2a-870da838c6d9, AssemblyLoadContext : MSBuild plugin C:\Program Files\dotnet\sdk\9.0.203\Microsoft.Build.NuGetSdkResolver.dll)
       Assembly charg├® pendant Evaluation┬á: Microsoft.NET.Sdk.WorkloadMSBuildSdkResolver, Version=9.0.203.0, Culture=neutral, PublicKeyToken=31bf3856ad364e35 (emplacement : C:\Program Files\dotnet\sdk\9.0.203\Microsoft.NET.Sdk.WorkloadMSBuildSdkResolver.dll, MVID : 540b19a2-66cf-420f-b2da-3a3013c5b26c, AssemblyLoadContext : MSBuild plugin C:\Program Files\dotnet\sdk\9.0.203\Microsoft.NET.Sdk.WorkloadMSBuildSdkResolver.dll)
       Assembly charg├® pendant Evaluation┬á: Microsoft.DotNet.Cli.Utils, Version=9.0.203.0, Culture=neutral, PublicKeyToken=adb9793829ddae60 (emplacement : C:\Program Files\dotnet\sdk\9.0.203\Microsoft.DotNet.Cli.Utils.dll, MVID : 0aec2bf0-9aa7-4aac-8b36-007baa1bbd25, AssemblyLoadContext : MSBuild plugin C:\Program Files\dotnet\sdk\9.0.203\Microsoft.NET.Sdk.WorkloadMSBuildSdkResolver.dll)
       Assembly charg├® pendant Evaluation┬á: Microsoft.NET.Sdk.WorkloadManifestReader, Version=9.0.203.0, Culture=neutral, PublicKeyToken=adb9793829ddae60 (emplacement : C:\Program Files\dotnet\sdk\9.0.203\Microsoft.NET.Sdk.WorkloadManifestReader.dll, MVID : 8ff35ae2-d41b-4891-8a98-18b26730aad6, AssemblyLoadContext : MSBuild plugin C:\Program Files\dotnet\sdk\9.0.203\Microsoft.NET.Sdk.WorkloadMSBuildSdkResolver.dll)
       Assembly charg├® pendant Evaluation┬á: Microsoft.Deployment.DotNet.Releases, Version=2.0.0.0, Culture=neutral, PublicKeyToken=31bf3856ad364e35 (emplacement : C:\Program Files\dotnet\sdk\9.0.203\Microsoft.Deployment.DotNet.Releases.dll, MVID : 400d16c0-099c-46d2-bc0e-802a0637399b, AssemblyLoadContext : MSBuild plugin C:\Program Files\dotnet\sdk\9.0.203\Microsoft.NET.Sdk.WorkloadMSBuildSdkResolver.dll)
       Le ┬½┬áMicrosoft.NET.SDK.WorkloadAutoImportPropsLocator┬á┬╗ SDK a ├®t├® r├®solu par le programme de r├®solution de ┬½┬áMicrosoft.DotNet.MSBuildWorkloadSdkResolver┬á┬╗ en ┬½┬ánull┬á┬╗ dÔÇÖemplacement et en version ┬½┬ánull┬á┬╗.
       R├®assignation de propri├®t├®┬á: $(TargetsForTfmSpecificContentInPackage)=";PackTool;_PackProjectToolValidation" (valeur pr├®c├®dente┬á: ";PackTool") ├á C:\Program Files\dotnet\sdk\9.0.203\Sdks\Microsoft.NET.Sdk\targets\Microsoft.NET.PackProjectTool.props (15,5)
       R├®assignation de propri├®t├®┬á: $(OutputType)="Exe" (valeur pr├®c├®dente┬á: "Library") ├á D:\www\SqlParserLight\SqlParserLib.csproj (4,5)
       La propri├®t├® "Configuration" est une propri├®t├® globale et elle ne peut pas ├¬tre modifi├®e.
       La propri├®t├® "Platform" est une propri├®t├® globale et elle ne peut pas ├¬tre modifi├®e.
       R├®assignation de propri├®t├®┬á: $(PublishProfileImported)="false" (valeur pr├®c├®dente┬á: "true") ├á C:\Program Files\dotnet\sdk\9.0.203\Sdks\Microsoft.NET.Sdk\targets\Microsoft.NET.Sdk.ImportPublishProfile.targets (28,5)
       Assembly charg├® pendant Evaluation┬á: NuGet.Frameworks, Version=6.13.2.1, Culture=neutral, PublicKeyToken=31bf3856ad364e35 (emplacement : C:\Program Files\dotnet\sdk\9.0.203\NuGet.Frameworks.dll, MVID : 76a96b52-e729-4bae-bd9e-e26373f1f336, AssemblyLoadContext : Assembly.LoadFile(C:\Program Files\dotnet\sdk\9.0.203\NuGet.Frameworks.dll))
       R├®assignation de propri├®t├®┬á: $(TargetPlatformVersion)="" (valeur pr├®c├®dente┬á: "0.0") ├á C:\Program Files\dotnet\sdk\9.0.203\Sdks\Microsoft.NET.Sdk\targets\Microsoft.NET.TargetFrameworkInference.targets (69,5)
       R├®assignation de propri├®t├®┬á: $(DefaultItemExcludes)=";bin\Debug\/**;obj\Debug\/**" (valeur pr├®c├®dente┬á: ";bin\Debug\/**") ├á C:\Program Files\dotnet\sdk\9.0.203\Sdks\Microsoft.NET.Sdk\targets\Microsoft.NET.DefaultOutputPaths.targets (122,5)
       R├®assignation de propri├®t├®┬á: $(OutputPath)="bin\Debug\net8.0\" (valeur pr├®c├®dente┬á: "bin\Debug\") ├á C:\Program Files\dotnet\sdk\9.0.203\Sdks\Microsoft.NET.Sdk\targets\Microsoft.NET.DefaultOutputPaths.targets (137,5)
       R├®assignation de propri├®t├®┬á: $(IntermediateOutputPath)="obj\Debug\net8.0\" (valeur pr├®c├®dente┬á: "obj\Debug\") ├á C:\Program Files\dotnet\sdk\9.0.203\Sdks\Microsoft.NET.Sdk\targets\Microsoft.NET.DefaultOutputPaths.targets (142,5)
       Le programme de r├®solution ┬½┬áDefaultSdkResolver┬á┬╗ a tent├® de r├®soudre le SDK ┬½┬áMicrosoft.NET.SDK.WorkloadManifestTargetsLocator┬á┬╗.
       Avertissements┬á: null
       Erreurs┬á: MSB4276: Le programme de r├®solution du SDK par d├®faut nÔÇÖa pas pu r├®soudre le SDK ┬½Microsoft.NET.SDK.WorkloadManifestTargetsLocator┬╗, car le r├®pertoire ┬½C:\Program Files\dotnet\sdk\9.0.203\Sdks\Microsoft.NET.SDK.WorkloadManifestTargetsLocator\Sdk┬╗ nÔÇÖexistait pas.
       Le ┬½┬áMicrosoft.NET.SDK.WorkloadManifestTargetsLocator┬á┬╗ SDK a ├®t├® r├®solu par le programme de r├®solution de ┬½┬áMicrosoft.DotNet.MSBuildWorkloadSdkResolver┬á┬╗ en ┬½┬áC:\Program Files\dotnet\sdk-manifests\9.0.100\microsoft.net.sdk.android\35.0.39┬á┬╗ dÔÇÖemplacement et en version ┬½┬ánull┬á┬╗.
       R├®assignation de propri├®t├®┬á: $(_FrameworkIdentifierForImplicitDefine)="NET" (valeur pr├®c├®dente┬á: "NETCOREAPP") ├á C:\Program Files\dotnet\sdk\9.0.203\Sdks\Microsoft.NET.Sdk\targets\Microsoft.NET.Sdk.BeforeCommon.targets (187,5)
       R├®assignation de propri├®t├®┬á: $(_FrameworkVersionForImplicitDefine)="8_0" (valeur pr├®c├®dente┬á: "8.0") ├á C:\Program Files\dotnet\sdk\9.0.203\Sdks\Microsoft.NET.Sdk\targets\Microsoft.NET.Sdk.BeforeCommon.targets (192,5)
       R├®assignation de propri├®t├®┬á: $(CommandLineArgsForDesignTimeEvaluation)="-langversion:12.0 -define:TRACE" (valeur pr├®c├®dente┬á: "-langversion:12.0") ├á C:\Program Files\dotnet\sdk\9.0.203\Roslyn\Microsoft.CSharp.Core.targets (200,5)
       La propri├®t├® "Platform" est une propri├®t├® globale et elle ne peut pas ├¬tre modifi├®e.
       La propri├®t├® "Configuration" est une propri├®t├® globale et elle ne peut pas ├¬tre modifi├®e.
       R├®assignation de propri├®t├®┬á: $(_DebugSymbolsProduced)="true" (valeur pr├®c├®dente┬á: "false") ├á C:\Program Files\dotnet\sdk\9.0.203\Microsoft.Common.CurrentVersion.targets (175,5)
       R├®assignation de propri├®t├®┬á: $(_DocumentationFileProduced)="false" (valeur pr├®c├®dente┬á: "true") ├á C:\Program Files\dotnet\sdk\9.0.203\Microsoft.Common.CurrentVersion.targets (185,5)
       La propri├®t├® "SolutionName" est une propri├®t├® globale et elle ne peut pas ├¬tre modifi├®e.
       La propri├®t├® "SolutionFileName" est une propri├®t├® globale et elle ne peut pas ├¬tre modifi├®e.
       La propri├®t├® "SolutionPath" est une propri├®t├® globale et elle ne peut pas ├¬tre modifi├®e.
       La propri├®t├® "SolutionDir" est une propri├®t├® globale et elle ne peut pas ├¬tre modifi├®e.
       La propri├®t├® "SolutionExt" est une propri├®t├® globale et elle ne peut pas ├¬tre modifi├®e.
       R├®assignation de propri├®t├®┬á: $(MSBuildCopyMarkerName)="SqlParse.D240908E" (valeur pr├®c├®dente┬á: "SqlParserLib.csproj") ├á C:\Program Files\dotnet\sdk\9.0.203\Microsoft.Common.CurrentVersion.targets (392,5)
       R├®assignation de propri├®t├®┬á: $(MSBuildCopyMarkerName)="SqlParse.D240908E.Up2Date" (valeur pr├®c├®dente┬á: "SqlParse.D240908E") ├á C:\Program Files\dotnet\sdk\9.0.203\Microsoft.Common.CurrentVersion.targets (393,5)
       R├®assignation de propri├®t├®┬á: $(ProcessorArchitecture)="msil" (valeur pr├®c├®dente┬á: "") ├á C:\Program Files\dotnet\sdk\9.0.203\Microsoft.Common.CurrentVersion.targets (541,5)
       R├®assignation de propri├®t├®┬á: $(DelaySign)="" (valeur pr├®c├®dente┬á: "false") ├á C:\Program Files\dotnet\sdk\9.0.203\Microsoft.Common.CurrentVersion.targets (580,5)
       C:\Program Files\dotnet\sdk\9.0.203\Microsoft.Common.CurrentVersion.targets(2590,5): message : Propri├®t├® 'LOCALAPPDATA' avec la valeur 'C:\Users\PREDTR\AppData\Local' d├®velopp├®e ├á partir de lÔÇÖenvironnement.
       R├®assignation de propri├®t├®┬á: $(_SGenGenerateSerializationAssembliesConfig)="Auto" (valeur pr├®c├®dente┬á: "") ├á C:\Program Files\dotnet\sdk\9.0.203\Microsoft.Common.CurrentVersion.targets (3917,5)
       R├®assignation de propri├®t├®┬á: $(_SGenGenerateSerializationAssembliesConfig)="Off" (valeur pr├®c├®dente┬á: "Auto") ├á C:\Program Files\dotnet\sdk\9.0.203\Microsoft.Common.CurrentVersion.targets (3918,5)
       R├®assignation de propri├®t├®┬á: $(_TargetsThatPrepareProjectReferences)="
             AssignProjectConfiguration;
             _SplitProjectReferencesByFileExistence
           " (valeur pr├®c├®dente┬á: "_SplitProjectReferencesByFileExistence") ├á C:\Program Files\dotnet\sdk\9.0.203\Microsoft.Common.CurrentVersion.targets (5129,5)
       C:\Program Files\dotnet\sdk\9.0.203\Microsoft.Common.CurrentVersion.targets(6924,5): message : Propri├®t├® 'MSBuildExtensionsPath32' avec la valeur 'C:\Program Files\dotnet\sdk\9.0.203' d├®velopp├®e ├á partir de lÔÇÖenvironnement.
       La propri├®t├® "_RestoreSolutionFileUsed" est une propri├®t├® globale et elle ne peut pas ├¬tre modifi├®e.
       R├®assignation de propri├®t├®┬á: $(_GenerateRestoreGraphProjectEntryInputProperties)="
             ExcludeRestorePackageImports=true;
             _RestoreSolutionFileUsed=true;
             SolutionDir=D:\www\SqlParserLight\;
             SolutionName=SqlParserLight;
             SolutionFileName=SqlParserLight.sln;
             SolutionPath=D:\www\SqlParserLight\SqlParserLight.sln;
             SolutionExt=.sln;
           " (valeur pr├®c├®dente┬á: "ExcludeRestorePackageImports=true") ├á C:\Program Files\dotnet\sdk\9.0.203\NuGet.targets (101,5)
       R├®assignation de propri├®t├®┬á: $(ProjectAssetsFile)="D:\www\SqlParserLight\obj\project.assets.json" (valeur pr├®c├®dente┬á: "D:\www\SqlParserLight\obj\/project.assets.json") ├á C:\Program Files\dotnet\sdk\9.0.203\Sdks\Microsoft.NET.Sdk\targets\Microsoft.PackageDependencyResolution.targets (24,5)
       R├®assignation de propri├®t├®┬á: $(ProjectAssetsCacheFile)="D:\www\SqlParserLight\obj\Debug\net8.0\SqlParserLib.assets.cache" (valeur pr├®c├®dente┬á: "obj\Debug\net8.0\SqlParserLib.assets.cache") ├á C:\Program Files\dotnet\sdk\9.0.203\Sdks\Microsoft.NET.Sdk\targets\Microsoft.PackageDependencyResolution.targets (29,5)
       R├®assignation de propri├®t├®┬á: $(ResolveAssemblyReferencesDependsOn)="
             
             ResolveProjectReferences;
             FindInvalidProjectReferences;
             GetFrameworkPaths;
             GetReferenceAssemblyPaths;
             PrepareForBuild;
             ResolveSDKReferences;
             ExpandSDKReferences;
           ;
             ResolvePackageDependenciesForBuild;
             _HandlePackageFileConflicts;
           " (valeur pr├®c├®dente┬á: "
             ResolveProjectReferences;
             FindInvalidProjectReferences;
             GetFrameworkPaths;
             GetReferenceAssemblyPaths;
             PrepareForBuild;
             ResolveSDKReferences;
             ExpandSDKReferences;
           ") ├á C:\Program Files\dotnet\sdk\9.0.203\Sdks\Microsoft.NET.Sdk\targets\Microsoft.PackageDependencyResolution.targets (80,5)
       R├®assignation de propri├®t├®┬á: $(PrepareResourcesDependsOn)="
             ResolvePackageDependenciesForBuild;
             _HandlePackageFileConflicts;
             
             ;
             PrepareResourceNames;
             ResGen;
             CompileLicxFiles
           
           " (valeur pr├®c├®dente┬á: "
             ;
             PrepareResourceNames;
             ResGen;
             CompileLicxFiles
           ") ├á C:\Program Files\dotnet\sdk\9.0.203\Sdks\Microsoft.NET.Sdk\targets\Microsoft.PackageDependencyResolution.targets (86,5)
       R├®assignation de propri├®t├®┬á: $(DefaultItemExcludes)=";bin\Debug\/**;obj\Debug\/**;bin\/**" (valeur pr├®c├®dente┬á: ";bin\Debug\/**;obj\Debug\/**") ├á C:\Program Files\dotnet\sdk\9.0.203\Sdks\Microsoft.NET.Sdk\targets\Microsoft.NET.Sdk.DefaultItems.targets (27,5)
       R├®assignation de propri├®t├®┬á: $(DefaultItemExcludes)=";bin\Debug\/**;obj\Debug\/**;bin\/**;obj\/**" (valeur pr├®c├®dente┬á: ";bin\Debug\/**;obj\Debug\/**;bin\/**") ├á C:\Program Files\dotnet\sdk\9.0.203\Sdks\Microsoft.NET.Sdk\targets\Microsoft.NET.Sdk.DefaultItems.targets (29,5)
       R├®assignation de propri├®t├®┬á: $(DefaultItemExcludes)=";bin\Debug\/**;obj\Debug\/**;bin\/**;obj\/**;**/*.user" (valeur pr├®c├®dente┬á: ";bin\Debug\/**;obj\Debug\/**;bin\/**;obj\/**") ├á C:\Program Files\dotnet\sdk\9.0.203\Sdks\Microsoft.NET.Sdk\targets\Microsoft.NET.Sdk.DefaultItems.targets (32,5)
       R├®assignation de propri├®t├®┬á: $(DefaultItemExcludes)=";bin\Debug\/**;obj\Debug\/**;bin\/**;obj\/**;**/*.user;**/*.*proj" (valeur pr├®c├®dente┬á: ";bin\Debug\/**;obj\Debug\/**;bin\/**;obj\/**;**/*.user") ├á C:\Program Files\dotnet\sdk\9.0.203\Sdks\Microsoft.NET.Sdk\targets\Microsoft.NET.Sdk.DefaultItems.targets (33,5)
       R├®assignation de propri├®t├®┬á: $(DefaultItemExcludes)=";bin\Debug\/**;obj\Debug\/**;bin\/**;obj\/**;**/*.user;**/*.*proj;**/*.sln" (valeur pr├®c├®dente┬á: ";bin\Debug\/**;obj\Debug\/**;bin\/**;obj\/**;**/*.user;**/*.*proj") ├á C:\Program Files\dotnet\sdk\9.0.203\Sdks\Microsoft.NET.Sdk\targets\Microsoft.NET.Sdk.DefaultItems.targets (34,5)
       R├®assignation de propri├®t├®┬á: $(DefaultItemExcludes)=";bin\Debug\/**;obj\Debug\/**;bin\/**;obj\/**;**/*.user;**/*.*proj;**/*.sln;**/*.vssscc" (valeur pr├®c├®dente┬á: ";bin\Debug\/**;obj\Debug\/**;bin\/**;obj\/**;**/*.user;**/*.*proj;**/*.sln") ├á C:\Program Files\dotnet\sdk\9.0.203\Sdks\Microsoft.NET.Sdk\targets\Microsoft.NET.Sdk.DefaultItems.targets (35,5)
       R├®assignation de propri├®t├®┬á: $(DefaultItemExcludes)=";bin\Debug\/**;obj\Debug\/**;bin\/**;obj\/**;**/*.user;**/*.*proj;**/*.sln;**/*.vssscc;**/.DS_Store" (valeur pr├®c├®dente┬á: ";bin\Debug\/**;obj\Debug\/**;bin\/**;obj\/**;**/*.user;**/*.*proj;**/*.sln;**/*.vssscc") ├á C:\Program Files\dotnet\sdk\9.0.203\Sdks\Microsoft.NET.Sdk\targets\Microsoft.NET.Sdk.DefaultItems.targets (36,5)
       R├®assignation de propri├®t├®┬á: $(ResolveAssemblyReferencesDependsOn)="
             
             
             ResolveProjectReferences;
             FindInvalidProjectReferences;
             GetFrameworkPaths;
             GetReferenceAssemblyPaths;
             PrepareForBuild;
             ResolveSDKReferences;
             ExpandSDKReferences;
           ;
             ResolvePackageDependenciesForBuild;
             _HandlePackageFileConflicts;
           ;
             ResolveTargetingPackAssets;
           " (valeur pr├®c├®dente┬á: "
             
             ResolveProjectReferences;
             FindInvalidProjectReferences;
             GetFrameworkPaths;
             GetReferenceAssemblyPaths;
             PrepareForBuild;
             ResolveSDKReferences;
             ExpandSDKReferences;
           ;
             ResolvePackageDependenciesForBuild;
             _HandlePackageFileConflicts;
           ") ├á C:\Program Files\dotnet\sdk\9.0.203\Sdks\Microsoft.NET.Sdk\targets\Microsoft.NET.Sdk.FrameworkReferenceResolution.targets (14,5)
       R├®assignation de propri├®t├®┬á: $(_GenerateRuntimeConfigurationPropertyInputsCache)="D:\www\SqlParserLight\obj\Debug\net8.0\SqlParserLib.genruntimeconfig.cache" (valeur pr├®c├®dente┬á: "obj\Debug\net8.0\SqlParserLib.genruntimeconfig.cache") ├á C:\Program Files\dotnet\sdk\9.0.203\Sdks\Microsoft.NET.Sdk\targets\Microsoft.NET.Sdk.targets (44,5)
       R├®assignation de propri├®t├®┬á: $(_GeneratePublishDependencyFilePropertyInputsCache)="D:\www\SqlParserLight\obj\Debug\net8.0\SqlParserLib.genpublishdeps.cache" (valeur pr├®c├®dente┬á: "obj\Debug\net8.0\SqlParserLib.genpublishdeps.cache") ├á C:\Program Files\dotnet\sdk\9.0.203\Sdks\Microsoft.NET.Sdk\targets\Microsoft.NET.Sdk.targets (46,5)
       R├®assignation de propri├®t├®┬á: $(_GenerateSingleFileBundlePropertyInputsCache)="D:\www\SqlParserLight\obj\Debug\net8.0\SqlParserLib.genbundle.cache" (valeur pr├®c├®dente┬á: "obj\Debug\net8.0\SqlParserLib.genbundle.cache") ├á C:\Program Files\dotnet\sdk\9.0.203\Sdks\Microsoft.NET.Sdk\targets\Microsoft.NET.Sdk.targets (48,5)
       R├®assignation de propri├®t├®┬á: $(GenerateRuntimeConfigDevFile)="false" (valeur pr├®c├®dente┬á: "true") ├á C:\Program Files\dotnet\sdk\9.0.203\Sdks\Microsoft.NET.Sdk\targets\Microsoft.NET.Sdk.targets (81,5)
       C:\Program Files\dotnet\sdk\9.0.203\Sdks\Microsoft.NET.Sdk\targets\Microsoft.NET.Sdk.targets(97,5): message : Propri├®t├® 'USERPROFILE' avec la valeur 'C:\Users\PREDTR' d├®velopp├®e ├á partir de lÔÇÖenvironnement.
       R├®assignation de propri├®t├®┬á: $(_DefaultUserProfileRuntimeStorePath)="C:\Users\PREDTR" (valeur pr├®c├®dente┬á: "") ├á C:\Program Files\dotnet\sdk\9.0.203\Sdks\Microsoft.NET.Sdk\targets\Microsoft.NET.Sdk.targets (97,5)
       R├®assignation de propri├®t├®┬á: $(_DefaultUserProfileRuntimeStorePath)="C:\Users\PREDTR\.dotnet\store" (valeur pr├®c├®dente┬á: "C:\Users\PREDTR") ├á C:\Program Files\dotnet\sdk\9.0.203\Sdks\Microsoft.NET.Sdk\targets\Microsoft.NET.Sdk.targets (98,5)
       R├®assignation de propri├®t├®┬á: $(AvailablePlatforms)="Any CPU,x86,x64,ARM32" (valeur pr├®c├®dente┬á: "Any CPU,x86,x64") ├á C:\Program Files\dotnet\sdk\9.0.203\Sdks\Microsoft.NET.Sdk\targets\Microsoft.NET.Sdk.targets (140,5)
       R├®assignation de propri├®t├®┬á: $(AvailablePlatforms)="Any CPU,x86,x64,ARM32,ARM64" (valeur pr├®c├®dente┬á: "Any CPU,x86,x64,ARM32") ├á C:\Program Files\dotnet\sdk\9.0.203\Sdks\Microsoft.NET.Sdk\targets\Microsoft.NET.Sdk.targets (144,5)
       R├®assignation de propri├®t├®┬á: $(CoreBuildDependsOn)="
             _CheckForBuildWithNoBuild;
             
             BuildOnlySettings;
             PrepareForBuild;
             PreBuildEvent;
             ResolveReferences;
             PrepareResources;
             ResolveKeySource;
             Compile;
             ExportWindowsMDFile;
             UnmanagedUnregistration;
             GenerateSerializationAssemblies;
             CreateSatelliteAssemblies;
             GenerateManifests;
             GetTargetPath;
             PrepareForRun;
             UnmanagedRegistration;
             IncrementalClean;
             PostBuildEvent
           ;
             GenerateBuildDependencyFile;
             GenerateBuildRuntimeConfigurationFiles
           " (valeur pr├®c├®dente┬á: "
             BuildOnlySettings;
             PrepareForBuild;
             PreBuildEvent;
             ResolveReferences;
             PrepareResources;
             ResolveKeySource;
             Compile;
             ExportWindowsMDFile;
             UnmanagedUnregistration;
             GenerateSerializationAssemblies;
             CreateSatelliteAssemblies;
             GenerateManifests;
             GetTargetPath;
             PrepareForRun;
             UnmanagedRegistration;
             IncrementalClean;
             PostBuildEvent
           ") ├á C:\Program Files\dotnet\sdk\9.0.203\Sdks\Microsoft.NET.Sdk\targets\Microsoft.NET.Sdk.targets (201,5)
       R├®assignation de propri├®t├®┬á: $(CoreCleanDependsOn)="
             _SdkBeforeClean;
             
           " (valeur pr├®c├®dente┬á: "") ├á C:\Program Files\dotnet\sdk\9.0.203\Sdks\Microsoft.NET.Sdk\targets\Microsoft.NET.Sdk.targets (210,5)
       R├®assignation de propri├®t├®┬á: $(RebuildDependsOn)="
             _SdkBeforeRebuild;
             
             BeforeRebuild;
             Clean;
             Build;
             AfterRebuild;
           
           " (valeur pr├®c├®dente┬á: "
             BeforeRebuild;
             Clean;
             Build;
             AfterRebuild;
           ") ├á C:\Program Files\dotnet\sdk\9.0.203\Sdks\Microsoft.NET.Sdk\targets\Microsoft.NET.Sdk.targets (217,5)
       R├®assignation de propri├®t├®┬á: $(CompileDependsOn)="
             
             ResolveReferences;
             ResolveKeySource;
             SetWin32ManifestProperties;
             _SetPreferNativeArm64Win32ManifestProperties;
             FindReferenceAssembliesForReferences;
             _GenerateCompileInputs;
             BeforeCompile;
             _TimeStampBeforeCompile;
             _GenerateCompileDependencyCache;
             CoreCompile;
             _TimeStampAfterCompile;
             AfterCompile;
           ;
             _CreateAppHost;
             _CreateComHost;
             _GetIjwHostPaths;
           " (valeur pr├®c├®dente┬á: "
             ResolveReferences;
             ResolveKeySource;
             SetWin32ManifestProperties;
             _SetPreferNativeArm64Win32ManifestProperties;
             FindReferenceAssembliesForReferences;
             _GenerateCompileInputs;
             BeforeCompile;
             _TimeStampBeforeCompile;
             _GenerateCompileDependencyCache;
             CoreCompile;
             _TimeStampAfterCompile;
             AfterCompile;
           ") ├á C:\Program Files\dotnet\sdk\9.0.203\Sdks\Microsoft.NET.Sdk\targets\Microsoft.NET.Sdk.targets (784,5)
       R├®assignation de propri├®t├®┬á: $(CreateSatelliteAssembliesDependsOn)="
             
             ;
             _GenerateSatelliteAssemblyInputs;
             ComputeIntermediateSatelliteAssemblies;
             GenerateSatelliteAssemblies
           ;
             CoreGenerateSatelliteAssemblies
           " (valeur pr├®c├®dente┬á: "
             ;
             _GenerateSatelliteAssemblyInputs;
             ComputeIntermediateSatelliteAssemblies;
             GenerateSatelliteAssemblies
           ") ├á C:\Program Files\dotnet\sdk\9.0.203\Sdks\Microsoft.NET.Sdk\targets\Microsoft.NET.Sdk.targets (1184,5)
       R├®assignation de propri├®t├®┬á: $(SourceLinkUrlInitializerTargets)=";_InitializeGitHubSourceLinkUrl;_InitializeGitLabSourceLinkUrl" (valeur pr├®c├®dente┬á: ";_InitializeGitHubSourceLinkUrl") ├á C:\Program Files\dotnet\sdk\9.0.203\Sdks\Microsoft.SourceLink.GitLab\build\Microsoft.SourceLink.GitLab.targets (12,5)
       R├®assignation de propri├®t├®┬á: $(SourceControlManagerUrlTranslationTargets)=";TranslateGitHubUrlsInSourceControlInformation;TranslateGitLabUrlsInSourceControlInformation" (valeur pr├®c├®dente┬á: ";TranslateGitHubUrlsInSourceControlInformation") ├á C:\Program Files\dotnet\sdk\9.0.203\Sdks\Microsoft.SourceLink.GitLab\build\Microsoft.SourceLink.GitLab.targets (13,5)
       R├®assignation de propri├®t├®┬á: $(SourceLinkUrlInitializerTargets)=";_InitializeGitHubSourceLinkUrl;_InitializeGitLabSourceLinkUrl;_InitializeAzureReposGitSourceLinkUrl" (valeur pr├®c├®dente┬á: ";_InitializeGitHubSourceLinkUrl;_InitializeGitLabSourceLinkUrl") ├á C:\Program Files\dotnet\sdk\9.0.203\Sdks\Microsoft.SourceLink.AzureRepos.Git\build\Microsoft.SourceLink.AzureRepos.Git.targets (12,5)
       R├®assignation de propri├®t├®┬á: $(SourceControlManagerUrlTranslationTargets)=";TranslateGitHubUrlsInSourceControlInformation;TranslateGitLabUrlsInSourceControlInformation;TranslateAzureReposGitUrlsInSourceControlInformation" (valeur pr├®c├®dente┬á: ";TranslateGitHubUrlsInSourceControlInformation;TranslateGitLabUrlsInSourceControlInformation") ├á C:\Program Files\dotnet\sdk\9.0.203\Sdks\Microsoft.SourceLink.AzureRepos.Git\build\Microsoft.SourceLink.AzureRepos.Git.targets (13,5)
       R├®assignation de propri├®t├®┬á: $(SourceLinkUrlInitializerTargets)=";_InitializeGitHubSourceLinkUrl;_InitializeGitLabSourceLinkUrl;_InitializeAzureReposGitSourceLinkUrl;_InitializeBitbucketGitSourceLinkUrl" (valeur pr├®c├®dente┬á: ";_InitializeGitHubSourceLinkUrl;_InitializeGitLabSourceLinkUrl;_InitializeAzureReposGitSourceLinkUrl") ├á C:\Program Files\dotnet\sdk\9.0.203\Sdks\Microsoft.SourceLink.Bitbucket.Git\build\Microsoft.SourceLink.Bitbucket.Git.targets (12,5)
       R├®assignation de propri├®t├®┬á: $(SourceControlManagerUrlTranslationTargets)=";TranslateGitHubUrlsInSourceControlInformation;TranslateGitLabUrlsInSourceControlInformation;TranslateAzureReposGitUrlsInSourceControlInformation;TranslateBitbucketGitUrlsInSourceControlInformation" (valeur pr├®c├®dente┬á: ";TranslateGitHubUrlsInSourceControlInformation;TranslateGitLabUrlsInSourceControlInformation;TranslateAzureReposGitUrlsInSourceControlInformation") ├á C:\Program Files\dotnet\sdk\9.0.203\Sdks\Microsoft.SourceLink.Bitbucket.Git\build\Microsoft.SourceLink.Bitbucket.Git.targets (13,5)
       R├®assignation de propri├®t├®┬á: $(DesignerRuntimeImplementationProjectOutputGroupDependsOn)="
             
             ;
             
             ;
             BuildOnlySettings;
             PrepareForBuild;
             AssignTargetPaths;
             ResolveReferences
           
           ;
             _GenerateDesignerDepsFile;
             _GenerateDesignerRuntimeConfigFile;
             GetCopyToOutputDirectoryItems;
             _GatherDesignerShadowCopyFiles;
           " (valeur pr├®c├®dente┬á: "
             ;
             
             ;
             BuildOnlySettings;
             PrepareForBuild;
             AssignTargetPaths;
             ResolveReferences
           
           ") ├á C:\Program Files\dotnet\sdk\9.0.203\Sdks\Microsoft.NET.Sdk\targets\Microsoft.NET.DesignerSupport.targets (21,5)
       R├®assignation de propri├®t├®┬á: $(_GenerateToolsSettingsFileCacheFile)="D:\www\SqlParserLight\obj\Debug\net8.0\SqlParserLib.toolssettingsinput.cache" (valeur pr├®c├®dente┬á: "obj\Debug\net8.0\SqlParserLib.toolssettingsinput.cache") ├á C:\Program Files\dotnet\sdk\9.0.203\Sdks\Microsoft.NET.Sdk\targets\Microsoft.NET.PackTool.targets (68,5)
       R├®assignation de propri├®t├®┬á: $(_ShimInputCacheFile)="D:\www\SqlParserLight\obj\Debug\net8.0\SqlParserLib.shiminput.cache" (valeur pr├®c├®dente┬á: "obj\Debug\net8.0\SqlParserLib.shiminput.cache") ├á C:\Program Files\dotnet\sdk\9.0.203\Sdks\Microsoft.NET.Sdk\targets\Microsoft.NET.PackTool.targets (137,5)
       R├®assignation de propri├®t├®┬á: $(_ShimCreatedSentinelFile)="D:\www\SqlParserLight\obj\Debug\net8.0\SqlParserLib.shimcreated.sentinel" (valeur pr├®c├®dente┬á: "obj\Debug\net8.0\SqlParserLib.shimcreated.sentinel") ├á C:\Program Files\dotnet\sdk\9.0.203\Sdks\Microsoft.NET.Sdk\targets\Microsoft.NET.PackTool.targets (139,5)
       R├®assignation de propri├®t├®┬á: $(DefineConstants)="TRACE;DEBUG" (valeur pr├®c├®dente┬á: "TRACE") ├á C:\Program Files\dotnet\sdk\9.0.203\Sdks\Microsoft.NET.Sdk\targets\Microsoft.NET.Sdk.CSharp.targets (31,5)
       R├®assignation de propri├®t├®┬á: $(DefineConstants)="TRACE;DEBUG;NET;NET8_0;NETCOREAPP" (valeur pr├®c├®dente┬á: "TRACE;DEBUG") ├á C:\Program Files\dotnet\sdk\9.0.203\Sdks\Microsoft.NET.Sdk\targets\Microsoft.NET.Sdk.CSharp.targets (34,5)
       R├®assignation de propri├®t├®┬á: $(WarningsAsErrors)=";NU1605;SYSLIB0011" (valeur pr├®c├®dente┬á: ";NU1605") ├á C:\Program Files\dotnet\sdk\9.0.203\Sdks\Microsoft.NET.Sdk\targets\Microsoft.NET.Sdk.CSharp.targets (48,5)
       R├®assignation de propri├®t├®┬á: $(PackageDescription)="Package Description" (valeur pr├®c├®dente┬á: "") ├á C:\Program Files\dotnet\sdk\9.0.203\Sdks\NuGet.Build.Tasks.Pack\build\NuGet.Build.Tasks.Pack.targets (34,5)
       R├®assignation de propri├®t├®┬á: $(GenerateNuspecDependsOn)="Build;_LoadPackInputItems; _GetTargetFrameworksOutput; _WalkEachTargetPerFramework; _GetPackageFiles; " (valeur pr├®c├®dente┬á: "_LoadPackInputItems; _GetTargetFrameworksOutput; _WalkEachTargetPerFramework; _GetPackageFiles; ") ├á C:\Program Files\dotnet\sdk\9.0.203\Sdks\NuGet.Build.Tasks.Pack\build\NuGet.Build.Tasks.Pack.targets (59,5)
       R├®assignation de propri├®t├®┬á: $(_IsNotSetContainersTargetsDir)="true" (valeur pr├®c├®dente┬á: "false") ├á C:\Program Files\dotnet\sdk\9.0.203\Sdks\Microsoft.NET.Sdk\Sdk\Sdk.targets (60,5)
       R├®assignation de propri├®t├®┬á: $(_IsSDKContainerAllowedVersion)="true" (valeur pr├®c├®dente┬á: "false") ├á C:\Program Files\dotnet\sdk\9.0.203\Containers\build\Microsoft.NET.Build.Containers.targets (5,5)
       R├®assignation de propri├®t├®┬á: $(_ContainerIsTargetingNet8TFM)="true" (valeur pr├®c├®dente┬á: "false") ├á C:\Program Files\dotnet\sdk\9.0.203\Containers\build\Microsoft.NET.Build.Containers.targets (15,5)
       Remplacement de la cible "ResolveFrameworkReferences" du projet "C:\Program Files\dotnet\sdk\9.0.203\Microsoft.Common.CurrentVersion.targets" par la cible "ResolveFrameworkReferences" du projet "C:\Program Files\dotnet\sdk\9.0.203\Sdks\Microsoft.NET.Sdk\targets\Microsoft.NET.Sdk.FrameworkReferenceResolution.targets".
       Remplacement de la cible "Run" du projet "C:\Program Files\dotnet\sdk\9.0.203\Microsoft.Common.CurrentVersion.targets" par la cible "Run" du projet "C:\Program Files\dotnet\sdk\9.0.203\Sdks\Microsoft.NET.Sdk\targets\Microsoft.NET.Sdk.targets".
       Remplacement de la cible "GenerateSupportedTargetFrameworkAlias" du projet "C:\Program Files\dotnet\sdk\9.0.203\Microsoft.Common.CurrentVersion.targets" par la cible "GenerateSupportedTargetFrameworkAlias" du projet "C:\Program Files\dotnet\sdk\9.0.203\Sdks\Microsoft.NET.Sdk\targets\Microsoft.NET.Sdk.targets".
       Remplacement de la cible "GetReferenceAssemblyPaths" du projet "C:\Program Files\dotnet\sdk\9.0.203\Microsoft.Common.CurrentVersion.targets" par la cible "GetReferenceAssemblyPaths" du projet "C:\Program Files\dotnet\sdk\9.0.203\Sdks\Microsoft.NET.Sdk\targets\Microsoft.NET.DisableStandardFrameworkResolution.targets".
       Remplacement de la cible "GetFrameworkPaths" du projet "C:\Program Files\dotnet\sdk\9.0.203\Microsoft.Common.CurrentVersion.targets" par la cible "GetFrameworkPaths" du projet "C:\Program Files\dotnet\sdk\9.0.203\Sdks\Microsoft.NET.Sdk\targets\Microsoft.NET.DisableStandardFrameworkResolution.targets".
       Remplacement de la cible "DesignerRuntimeImplementationProjectOutputGroup" du projet "C:\Program Files\dotnet\sdk\9.0.203\Microsoft.Common.CurrentVersion.targets" par la cible "DesignerRuntimeImplementationProjectOutputGroup" du projet "C:\Program Files\dotnet\sdk\9.0.203\Sdks\Microsoft.NET.Sdk\targets\Microsoft.NET.DesignerSupport.targets".
       Remplacement de la cible "Publish" du projet "C:\Program Files\dotnet\sdk\9.0.203\Microsoft.Common.CurrentVersion.targets" par la cible "Publish" du projet "C:\Program Files\dotnet\sdk\9.0.203\Sdks\Microsoft.NET.Sdk\targets\Microsoft.NET.Publish.targets".
       Remplacement de la cible "ResolveReadyToRunCompilers" du projet "C:\Program Files\dotnet\sdk\9.0.203\Sdks\Microsoft.NET.Sdk\targets\Microsoft.NET.CrossGen.targets" par la cible "ResolveReadyToRunCompilers" du projet "C:\Program Files\dotnet\sdk\9.0.203\Sdks\Microsoft.NET.Sdk\targets\Microsoft.NET.Publish.targets".
       Remplacement de la cible "GetCopyToPublishDirectoryItems" du projet "C:\Program Files\dotnet\sdk\9.0.203\Microsoft.Common.CurrentVersion.targets" par la cible "GetCopyToPublishDirectoryItems" du projet "C:\Program Files\dotnet\sdk\9.0.203\Sdks\Microsoft.NET.Sdk\targets\Microsoft.NET.Publish.targets".
     1>Le projet "D:\www\SqlParserLight\SqlParserLight.sln" (1) g├®n├¿re "D:\www\SqlParserLight\SqlParserLib.csproj" (2) sur le n┼ôud 1 (_IsProjectRestoreSupported cible(s)).
     2>Cible "_IsProjectRestoreSupported" dans le fichier "C:\Program Files\dotnet\sdk\9.0.203\NuGet.targets" du projet "D:\www\SqlParserLight\SqlParserLib.csproj" (point d'entr├®e)┬á:
     2>G├®n├®ration de la cible "_IsProjectRestoreSupported" termin├®e dans le projet "SqlParserLib.csproj".
     2>G├®n├®ration du projet "D:\www\SqlParserLight\SqlParserLib.csproj" termin├®e (_IsProjectRestoreSupported cible(s)).
     1>Ex├®cution de la t├óche "MSBuild" termin├®e.
       T├óche "MSBuild" ignor├®e en raison d'une fausse condition┬á; ( '$(RestoreUseSkipNonexistentTargets)' != 'true' ) a ├®t├® ├®valu├®e comme ( 'true' != 'true' ).
       Utilisation de la t├óche "WarnForInvalidProjectsTask" ├á partir de l'assembly "C:\Program Files\dotnet\sdk\9.0.203\NuGet.Build.Tasks.dll".
       T├óche "WarnForInvalidProjectsTask"
       Ex├®cution de la t├óche "WarnForInvalidProjectsTask" termin├®e.
     1>G├®n├®ration de la cible "_FilterRestoreGraphProjectInputItems" termin├®e dans le projet "SqlParserLight.sln".
       Cible "_FilterRestoreGraphProjectInputItems" ignor├®e. Elle a ├®t├® g├®n├®r├®e.
     1>Cible "_GetAllRestoreProjectPathItems" dans le fichier "C:\Program Files\dotnet\sdk\9.0.203\NuGet.targets" du projet "D:\www\SqlParserLight\SqlParserLight.sln" (la cible "_GenerateRestoreGraph" en d├®pend)┬á:
       Utilisation de la t├óche "NuGetMessageTask" ├á partir de l'assembly "C:\Program Files\dotnet\sdk\9.0.203\NuGet.Build.Tasks.dll".
       T├óche "NuGetMessageTask"
         Assembly charg├® pendant TaskRun (NuGet.Build.Tasks.NuGetMessageTask)┬á: NuGet.Build.Tasks.resources, Version=6.13.2.1, Culture=fr, PublicKeyToken=31bf3856ad364e35, processorArchitecture=MSIL (emplacement : C:\Program Files\dotnet\sdk\9.0.203\fr\NuGet.Build.Tasks.resources.dll, MVID : 8edab8f4-6f23-46f5-b608-a839d589e6f6, AssemblyLoadContext : MSBuild plugin C:\Program Files\dotnet\sdk\9.0.203\NuGet.Build.Tasks.dll)
         Identification des projets ├á restaurer...
       Ex├®cution de la t├óche "NuGetMessageTask" termin├®e.
       T├óche "MSBuild"
         Propri├®t├®s globales┬á:
           ExcludeRestorePackageImports=true
           _RestoreSolutionFileUsed=true
           SolutionDir=D:\www\SqlParserLight\
           SolutionName=SqlParserLight
           SolutionFileName=SqlParserLight.sln
           SolutionPath=D:\www\SqlParserLight\SqlParserLight.sln
           SolutionExt=.sln
         Propri├®t├®s suppl├®mentaires du projet "D:\www\SqlParserLight\SqlParserLib.csproj":
           Configuration=Debug
           Platform=AnyCPU
     1>Le projet "D:\www\SqlParserLight\SqlParserLight.sln" (1) g├®n├¿re "D:\www\SqlParserLight\SqlParserLib.csproj" (2:2) sur le n┼ôud 1 (_GenerateRestoreProjectPathWalk cible(s)).
   2:2>Cible "_GenerateRestoreProjectPathItemsAllFrameworks" ignor├®e en raison d'une fausse condition┬á; ( '$(TargetFrameworks)' != '' ) a ├®t├® ├®valu├®e comme ( '' != '' ).
   2:2>Cible "_GenerateRestoreProjectPathItemsPerFramework" dans le fichier "C:\Program Files\dotnet\sdk\9.0.203\NuGet.targets" du projet "D:\www\SqlParserLight\SqlParserLib.csproj" (la cible "_GenerateRestoreProjectPathItemsCurrentProject" en d├®pend)┬á:
       Utilisation de la t├óche "ConvertToAbsolutePath" ├á partir de l'assembly "Microsoft.Build.Tasks.Core, Version=15.1.0.0, Culture=neutral, PublicKeyToken=b03f5f7f11d50a3a".
       T├óche "ConvertToAbsolutePath"
       Ex├®cution de la t├óche "ConvertToAbsolutePath" termin├®e.
   2:2>G├®n├®ration de la cible "_GenerateRestoreProjectPathItemsPerFramework" termin├®e dans le projet "SqlParserLib.csproj".
   2:2>Cible "_GenerateRestoreProjectPathItemsCurrentProject" dans le fichier "C:\Program Files\dotnet\sdk\9.0.203\NuGet.targets" du projet "D:\www\SqlParserLight\SqlParserLib.csproj" (la cible "_GenerateRestoreProjectPathItems" en d├®pend)┬á:
   2:2>G├®n├®ration de la cible "_GenerateRestoreProjectPathItemsCurrentProject" termin├®e dans le projet "SqlParserLib.csproj".
   2:2>Cible "_GenerateRestoreProjectPathItems" dans le fichier "C:\Program Files\dotnet\sdk\9.0.203\NuGet.targets" du projet "D:\www\SqlParserLight\SqlParserLib.csproj" (la cible "_GenerateRestoreProjectPathWalk" en d├®pend)┬á:
       Utilisation de la t├óche "RemoveDuplicates" ├á partir de l'assembly "Microsoft.Build.Tasks.Core, Version=15.1.0.0, Culture=neutral, PublicKeyToken=b03f5f7f11d50a3a".
       T├óche "RemoveDuplicates"
       Ex├®cution de la t├óche "RemoveDuplicates" termin├®e.
   2:2>G├®n├®ration de la cible "_GenerateRestoreProjectPathItems" termin├®e dans le projet "SqlParserLib.csproj".
   2:2>Cible "_GenerateRestoreProjectPathWalk" dans le fichier "C:\Program Files\dotnet\sdk\9.0.203\NuGet.targets" du projet "D:\www\SqlParserLight\SqlParserLib.csproj" (point d'entr├®e)┬á:
       Utilisation de la t├óche "MSBuild" ├á partir de l'assembly "Microsoft.Build.Tasks.Core, Version=15.1.0.0, Culture=neutral, PublicKeyToken=b03f5f7f11d50a3a".
       T├óche "MSBuild"
       Ex├®cution de la t├óche "MSBuild" termin├®e.
       T├óche "MSBuild" ignor├®e en raison d'une fausse condition┬á; ( '$(RestoreUseSkipNonexistentTargets)' != 'true' ) a ├®t├® ├®valu├®e comme ( 'true' != 'true' ).
       T├óche "RemoveDuplicates"
       Ex├®cution de la t├óche "RemoveDuplicates" termin├®e.
   2:2>G├®n├®ration de la cible "_GenerateRestoreProjectPathWalk" termin├®e dans le projet "SqlParserLib.csproj".
   2:2>G├®n├®ration du projet "D:\www\SqlParserLight\SqlParserLib.csproj" termin├®e (_GenerateRestoreProjectPathWalk cible(s)).
     1>Ex├®cution de la t├óche "MSBuild" termin├®e.
       T├óche "MSBuild" ignor├®e en raison d'une fausse condition┬á; ( '$(RestoreUseSkipNonexistentTargets)' != 'true' ) a ├®t├® ├®valu├®e comme ( 'true' != 'true' ).
       T├óche "RemoveDuplicates"
       Ex├®cution de la t├óche "RemoveDuplicates" termin├®e.
       T├óche "MSBuild"
         Propri├®t├®s globales┬á:
           ExcludeRestorePackageImports=true
           _RestoreSolutionFileUsed=true
           SolutionDir=D:\www\SqlParserLight\
           SolutionName=SqlParserLight
           SolutionFileName=SqlParserLight.sln
           SolutionPath=D:\www\SqlParserLight\SqlParserLight.sln
           SolutionExt=.sln
         Propri├®t├®s suppl├®mentaires du projet "D:\www\SqlParserLight\SqlParserLib.csproj":
           Configuration=Debug
           Platform=AnyCPU
     1>Le projet "D:\www\SqlParserLight\SqlParserLight.sln" (1) g├®n├¿re "D:\www\SqlParserLight\SqlParserLib.csproj" (2:3) sur le n┼ôud 1 (_IsProjectRestoreSupported cible(s)).
   2:3>Cible "_IsProjectRestoreSupported" ignor├®e. Elle a ├®t├® g├®n├®r├®e.
   2:3>G├®n├®ration du projet "D:\www\SqlParserLight\SqlParserLib.csproj" termin├®e (_IsProjectRestoreSupported cible(s)).
     1>Ex├®cution de la t├óche "MSBuild" termin├®e.
       T├óche "MSBuild" ignor├®e en raison d'une fausse condition┬á; ( '$(RestoreUseSkipNonexistentTargets)' != 'true' ) a ├®t├® ├®valu├®e comme ( 'true' != 'true' ).
     1>G├®n├®ration de la cible "_GetAllRestoreProjectPathItems" termin├®e dans le projet "SqlParserLight.sln".
     1>Cible "_GenerateRestoreGraph" dans le fichier "C:\Program Files\dotnet\sdk\9.0.203\NuGet.targets" du projet "D:\www\SqlParserLight\SqlParserLight.sln" (la cible "Restore" en d├®pend)┬á:
       T├óche "Message"
         Generating dg file
       Ex├®cution de la t├óche "Message" termin├®e.
       T├óche "Message"
         D:\www\SqlParserLight\SqlParserLib.csproj
       Ex├®cution de la t├óche "Message" termin├®e.
       T├óche "MSBuild"
         Propri├®t├®s globales┬á:
           ExcludeRestorePackageImports=true
           _RestoreSolutionFileUsed=true
           SolutionDir=D:\www\SqlParserLight\
           SolutionName=SqlParserLight
           SolutionFileName=SqlParserLight.sln
           SolutionPath=D:\www\SqlParserLight\SqlParserLight.sln
           SolutionExt=.sln
         Propri├®t├®s suppl├®mentaires du projet "D:\www\SqlParserLight\SqlParserLib.csproj":
           Configuration=Debug
           Platform=AnyCPU
     1>Le projet "D:\www\SqlParserLight\SqlParserLight.sln" (1) g├®n├¿re "D:\www\SqlParserLight\SqlParserLib.csproj" (2:4) sur le n┼ôud 1 (_GenerateRestoreGraphProjectEntry cible(s)).
   2:4>Cible "_GetProjectJsonPath" dans le fichier "C:\Program Files\dotnet\sdk\9.0.203\NuGet.targets" du projet "D:\www\SqlParserLight\SqlParserLib.csproj" (la cible "_GetRestoreProjectStyle" en d├®pend)┬á:
   2:4>T├óche "GetRestoreProjectJsonPathTask" ignor├®e en raison d'une fausse condition┬á; ( '$(RestoreProjectStyle)' == 'ProjectJson' OR '$(RestoreProjectStyle)' == '' ) a ├®t├® ├®valu├®e comme ( 'PackageReference' == 'ProjectJson' OR 'PackageReference' == '' ).
   2:4>G├®n├®ration de la cible "_GetProjectJsonPath" termin├®e dans le projet "SqlParserLib.csproj".
       Cible "_CheckForUnsupportedTargetPlatformIdentifier" ignor├®e en raison d'une fausse condition┬á; ('$(TargetPlatformIdentifier)' != '' and '$(TargetFrameworkIdentifier)' == '.NETCoreApp' and $([MSBuild]::VersionGreaterThanOrEquals($(TargetFrameworkVersion), 5.0)) And ('$(DesignTimeBuild)' != 'true' Or '@(MissingWorkloadPack)' == '')) a ├®t├® ├®valu├®e comme ('' != '' and '.NETCoreApp' == '.NETCoreApp' and True And ('' != 'true' Or '' == '')).
       Cible "_CheckForMissingWorkload" ignor├®e en raison d'une fausse condition┬á; ('@(MissingWorkloadPack)' != '' And '$(DesignTimeBuild)' != 'true') a ├®t├® ├®valu├®e comme ('' != '' And '' != 'true').
   2:4>Cible "_CheckForUnsupportedNETCoreVersion" dans le fichier "C:\Program Files\dotnet\sdk\9.0.203\Sdks\Microsoft.NET.Sdk\targets\Microsoft.NET.TargetFrameworkInference.targets" du projet "D:\www\SqlParserLight\SqlParserLib.csproj" (la cible "CollectPackageReferences" en d├®pend)┬á:
       T├óche "NETSdkError" ignor├®e en raison d'une fausse condition┬á; ('$(_TargetFrameworkVersionWithoutV)' > '$(NETCoreAppMaximumVersion)' and '$(DisplayVSMessage)' != 'true') a ├®t├® ├®valu├®e comme ('8.0' > '9.0' and '' != 'true').
       T├óche "NETSdkError" ignor├®e en raison d'une fausse condition┬á; ('$(DisplayVSMessage)' == 'true') a ├®t├® ├®valu├®e comme ('' == 'true').
   2:4>G├®n├®ration de la cible "_CheckForUnsupportedNETCoreVersion" termin├®e dans le projet "SqlParserLib.csproj".
       Cible "_CheckForEolTargetFrameworks" ignor├®e en raison d'une fausse condition┬á; ('@(_EolNetCoreTargetFrameworkVersions->AnyHaveMetadataValue('Identity', '$(_TargetFrameworkVersionWithoutV)'))' and '$(TargetFrameworkIdentifier)' == '.NETCoreApp' and '$(CheckEolTargetFramework)' == 'true') a ├®t├® ├®valu├®e comme ('false' and '.NETCoreApp' == '.NETCoreApp' and 'true' == 'true').
       Cible "_CheckForEolWorkloads" ignor├®e en raison d'une fausse condition┬á; ('@(EolWorkload)' != '' and '$(CheckEolWorkloads)' == 'true') a ├®t├® ├®valu├®e comme ('' != '' and 'true' == 'true').
       Cible "_CheckForNotRecommendedNETStandardVersion" ignor├®e en raison d'une fausse condition┬á; ('$(TargetFrameworkIdentifier)' == '.NETStandard' and $([MSBuild]::VersionLessThan($(TargetFrameworkVersion), '2.0'))) a ├®t├® ├®valu├®e comme ('.NETCoreApp' == '.NETStandard' and False).
   2:4>Cible "_CheckForUnsupportedCppNETCoreVersion" dans le fichier "C:\Program Files\dotnet\sdk\9.0.203\Sdks\Microsoft.NET.Sdk\targets\Microsoft.NET.TargetFrameworkInference.targets" du projet "D:\www\SqlParserLight\SqlParserLib.csproj" (la cible "CollectPackageReferences" en d├®pend)┬á:
       T├óche "NETSdkError" ignor├®e en raison d'une fausse condition┬á; ('$(TargetFrameworkIdentifier)' == '.NETCoreApp' and '$(_TargetFrameworkVersionWithoutV)' < '3.1' and ('$(Language)' == 'C++' and '$(_EnablePackageReferencesInVCProjects)' != 'true')) a ├®t├® ├®valu├®e comme ('.NETCoreApp' == '.NETCoreApp' and '8.0' < '3.1' and ('C#' == 'C++' and '' != 'true')).
   2:4>G├®n├®ration de la cible "_CheckForUnsupportedCppNETCoreVersion" termin├®e dans le projet "SqlParserLib.csproj".
       Cible "_CheckForUnsupportedNETStandardVersion" ignor├®e en raison d'une fausse condition┬á; ('$(TargetFrameworkIdentifier)' == '.NETStandard' And '$(NETStandardMaximumVersion)' != '') a ├®t├® ├®valu├®e comme ('.NETCoreApp' == '.NETStandard' And '' != '').
       Cible "_CheckForUnsupportedTargetFrameworkAndFeatureCombination" ignor├®e en raison d'une fausse condition┬á; ('$(TargetFrameworkIdentifier)' == '.NETFramework') a ├®t├® ├®valu├®e comme ('.NETCoreApp' == '.NETFramework').
   2:4>Cible "UpdateAspNetToFrameworkReference" dans le fichier "C:\Program Files\dotnet\sdk\9.0.203\Sdks\Microsoft.NET.Sdk\targets\Microsoft.NET.Sdk.DefaultItems.Shared.targets" du projet "D:\www\SqlParserLight\SqlParserLib.csproj" (la cible "ApplyImplicitVersions" en d├®pend)┬á:
       Utilisation de la t├óche "CheckIfPackageReferenceShouldBeFrameworkReference" ├á partir de l'assembly "C:\Program Files\dotnet\sdk\9.0.203\Sdks\Microsoft.NET.Sdk\targets\..\tools\net9.0\Microsoft.NET.Build.Tasks.dll".
       T├óche "CheckIfPackageReferenceShouldBeFrameworkReference"
       Ex├®cution de la t├óche "CheckIfPackageReferenceShouldBeFrameworkReference" termin├®e.
       T├óche "NETSdkError" ignor├®e en raison d'une fausse condition┬á; ('$(_ShouldRemoveAspNetCoreAll)' == 'true') a ├®t├® ├®valu├®e comme ('False' == 'true').
       T├óche "CheckIfPackageReferenceShouldBeFrameworkReference"
       Ex├®cution de la t├óche "CheckIfPackageReferenceShouldBeFrameworkReference" termin├®e.
       T├óche "NETSdkWarning" ignor├®e en raison d'une fausse condition┬á; ('$(_ShouldRemoveAspNetCoreApp)' == 'true') a ├®t├® ├®valu├®e comme ('False' == 'true').
   2:4>G├®n├®ration de la cible "UpdateAspNetToFrameworkReference" termin├®e dans le projet "SqlParserLib.csproj".
       Cible "IncludeTargetingPackReference" ignor├®e en raison d'une fausse condition┬á; ('$(TargetFrameworkMoniker)' != '' and '$(TargetFrameworkIdentifier)' == '.NETFramework' and '$(AutomaticallyUseReferenceAssemblyPackages)' == 'true') a ├®t├® ├®valu├®e comme ('.NETCoreApp,Version=v8.0' != '' and '.NETCoreApp' == '.NETFramework' and 'true' == 'true').
   2:4>Cible "CheckForImplicitPackageReferenceOverrides" dans le fichier "C:\Program Files\dotnet\sdk\9.0.203\Sdks\Microsoft.NET.Sdk\targets\Microsoft.NET.Sdk.DefaultItems.Shared.targets" du projet "D:\www\SqlParserLight\SqlParserLib.csproj" (la cible "ApplyImplicitVersions" en d├®pend)┬á:
       Utilisation de la t├óche "CheckForImplicitPackageReferenceOverrides" ├á partir de l'assembly "C:\Program Files\dotnet\sdk\9.0.203\Sdks\Microsoft.NET.Sdk\targets\..\tools\net9.0\Microsoft.NET.Build.Tasks.dll".
       T├óche "CheckForImplicitPackageReferenceOverrides"
       Ex├®cution de la t├óche "CheckForImplicitPackageReferenceOverrides" termin├®e.
   2:4>G├®n├®ration de la cible "CheckForImplicitPackageReferenceOverrides" termin├®e dans le projet "SqlParserLib.csproj".
   2:4>Cible "ApplyImplicitVersions" dans le fichier "C:\Program Files\dotnet\sdk\9.0.203\Sdks\Microsoft.NET.Sdk\targets\Microsoft.NET.Sdk.DefaultItems.Shared.targets" du projet "D:\www\SqlParserLight\SqlParserLib.csproj" (la cible "CollectPackageReferences" en d├®pend)┬á:
       Utilisation de la t├óche "ApplyImplicitVersions" ├á partir de l'assembly "C:\Program Files\dotnet\sdk\9.0.203\Sdks\Microsoft.NET.Sdk\targets\..\tools\net9.0\Microsoft.NET.Build.Tasks.dll".
       T├óche "ApplyImplicitVersions"
       Ex├®cution de la t├óche "ApplyImplicitVersions" termin├®e.
   2:4>G├®n├®ration de la cible "ApplyImplicitVersions" termin├®e dans le projet "SqlParserLib.csproj".
       Cible "CheckForImplicitPackageReferenceOverrides" ignor├®e. Elle a ├®t├® g├®n├®r├®e.
       Cible "AddWindowsSdkKnownFrameworkReferences" ignor├®e en raison d'une fausse condition┬á; ('$(TargetFrameworkIdentifier)' == '.NETCoreApp' And '$(TargetPlatformIdentifier)' == 'Windows'
                            And ('$(Language)' != 'C++' Or '$(IncludeWindowsSDKRefFrameworkReferences)' == 'true')) a ├®t├® ├®valu├®e comme ('.NETCoreApp' == '.NETCoreApp' And '' == 'Windows'
                            And ('C#' != 'C++' Or '' == 'true')).
       Cible "_NormalizeTargetPlatformVersion" ignor├®e en raison d'une fausse condition┬á; ('$(TargetPlatformVersion)' != '' and '$(TargetFrameworkIdentifier)' == '.NETCoreApp' and $([MSBuild]::VersionGreaterThanOrEquals($(TargetFrameworkVersion), 5.0)) and ('$(Language)' != 'C++' or '$(_EnablePackageReferencesInVCProjects)' == 'true')) a ├®t├® ├®valu├®e comme ('' != '' and '.NETCoreApp' == '.NETCoreApp' and True and ('C#' != 'C++' or '' == 'true')).
   2:4>Cible "_CheckForLanguageAndFeatureCombinationSupport" dans le fichier "C:\Program Files\dotnet\sdk\9.0.203\Sdks\Microsoft.NET.Sdk\targets\Microsoft.NET.RuntimeIdentifierInference.targets" du projet "D:\www\SqlParserLight\SqlParserLib.csproj" (la cible "ProcessFrameworkReferences" en d├®pend)┬á:
       T├óche "NETSdkError" ignor├®e en raison d'une fausse condition┬á; (('$(Language)' == 'C++' and '$(_EnablePackageReferencesInVCProjects)' != 'true') and $(OutputType) != 'library' and '$(TargetFrameworkIdentifier)' == '.NETCoreApp') a ├®t├® ├®valu├®e comme (('C#' == 'C++' and '' != 'true') and Exe != 'library' and '.NETCoreApp' == '.NETCoreApp').
       T├óche "NETSdkError" ignor├®e en raison d'une fausse condition┬á; (('$(Language)' == 'C++' and '$(_EnablePackageReferencesInVCProjects)' != 'true') and $(EnableComHosting) == 'true') a ├®t├® ├®valu├®e comme (('C#' == 'C++' and '' != 'true') and  == 'true').
       T├óche "NETSdkError" ignor├®e en raison d'une fausse condition┬á; (('$(Language)' == 'C++' and '$(_EnablePackageReferencesInVCProjects)' != 'true') and $(SelfContained) == 'true') a ├®t├® ├®valu├®e comme (('C#' == 'C++' and '' != 'true') and false == 'true').
   2:4>G├®n├®ration de la cible "_CheckForLanguageAndFeatureCombinationSupport" termin├®e dans le projet "SqlParserLib.csproj".
   2:4>Cible "_ComputeToolPackInputsToProcessFrameworkReferences" dans le fichier "C:\Program Files\dotnet\sdk\9.0.203\Sdks\Microsoft.NET.Sdk\targets\Microsoft.NET.Publish.targets" du projet "D:\www\SqlParserLight\SqlParserLib.csproj" (la cible "ProcessFrameworkReferences" en d├®pend)┬á:
   2:4>G├®n├®ration de la cible "_ComputeToolPackInputsToProcessFrameworkReferences" termin├®e dans le projet "SqlParserLib.csproj".
   2:4>Cible "ProcessFrameworkReferences" dans le fichier "C:\Program Files\dotnet\sdk\9.0.203\Sdks\Microsoft.NET.Sdk\targets\Microsoft.NET.Sdk.FrameworkReferenceResolution.targets" du projet "D:\www\SqlParserLight\SqlParserLib.csproj" (la cible "CollectPackageReferences" en d├®pend)┬á:
       Utilisation de la t├óche "CheckForDuplicateFrameworkReferences" ├á partir de l'assembly "C:\Program Files\dotnet\sdk\9.0.203\Sdks\Microsoft.NET.Sdk\targets\..\tools\net9.0\Microsoft.NET.Build.Tasks.dll".
       T├óche "CheckForDuplicateFrameworkReferences"
       Ex├®cution de la t├óche "CheckForDuplicateFrameworkReferences" termin├®e.
       Utilisation de la t├óche "ProcessFrameworkReferences" ├á partir de l'assembly "C:\Program Files\dotnet\sdk\9.0.203\Sdks\Microsoft.NET.Sdk\targets\..\tools\net9.0\Microsoft.NET.Build.Tasks.dll".
       T├óche "ProcessFrameworkReferences"
       Ex├®cution de la t├óche "ProcessFrameworkReferences" termin├®e.
       Utilisation de la t├óche "ResolveAppHosts" ├á partir de l'assembly "C:\Program Files\dotnet\sdk\9.0.203\Sdks\Microsoft.NET.Sdk\targets\..\tools\net9.0\Microsoft.NET.Build.Tasks.dll".
       T├óche "ResolveAppHosts"
       Ex├®cution de la t├óche "ResolveAppHosts" termin├®e.
   2:4>G├®n├®ration de la cible "ProcessFrameworkReferences" termin├®e dans le projet "SqlParserLib.csproj".
       Cible "IncludeTargetingPackReference" ignor├®e en raison d'une fausse condition┬á; ('$(TargetFrameworkMoniker)' != '' and '$(TargetFrameworkIdentifier)' == '.NETFramework' and '$(AutomaticallyUseReferenceAssemblyPackages)' == 'true') a ├®t├® ├®valu├®e comme ('.NETCoreApp,Version=v8.0' != '' and '.NETCoreApp' == '.NETFramework' and 'true' == 'true').
       Cible "_CheckMicrosoftNetCompilersToolsetFrameworkPackageReference" ignor├®e en raison d'une fausse condition┬á; ('$(MSBuildRuntimeType)' == 'Full') a ├®t├® ├®valu├®e comme ('Core' == 'Full').
   2:4>Cible "_CheckForObsoleteDotNetCliToolReferences" dans le fichier "C:\Program Files\dotnet\sdk\9.0.203\Sdks\Microsoft.NET.Sdk\targets\Microsoft.NET.ObsoleteReferences.targets" du projet "D:\www\SqlParserLight\SqlParserLib.csproj" (la cible "CollectPackageReferences" en d├®pend)┬á:
       T├óche "NETSdkWarning" ignor├®e en raison d'une fausse condition┬á; ( '%(_ReferenceToObsoleteDotNetCliTool.Identity)' != '' ) a ├®t├® ├®valu├®e comme ( '' != '' ).
   2:4>G├®n├®ration de la cible "_CheckForObsoleteDotNetCliToolReferences" termin├®e dans le projet "SqlParserLib.csproj".
   2:4>Cible "CollectPackageReferences" dans le fichier "C:\Program Files\dotnet\sdk\9.0.203\NuGet.targets" du projet "D:\www\SqlParserLight\SqlParserLib.csproj" (la cible "_GetRestoreProjectStyle" en d├®pend)┬á:
       Utilisation de la t├óche "CheckForDuplicateNuGetItemsTask" ├á partir de l'assembly "C:\Program Files\dotnet\sdk\9.0.203\NuGet.Build.Tasks.dll".
       T├óche "CheckForDuplicateNuGetItemsTask"
       Ex├®cution de la t├óche "CheckForDuplicateNuGetItemsTask" termin├®e.
   2:4>G├®n├®ration de la cible "CollectPackageReferences" termin├®e dans le projet "SqlParserLib.csproj".
   2:4>Cible "_GetRestoreProjectStyle" dans le fichier "C:\Program Files\dotnet\sdk\9.0.203\NuGet.targets" du projet "D:\www\SqlParserLight\SqlParserLib.csproj" (la cible "_GenerateRestoreSpecs" en d├®pend)┬á:
       Utilisation de la t├óche "GetRestoreProjectStyleTask" ├á partir de l'assembly "C:\Program Files\dotnet\sdk\9.0.203\NuGet.Build.Tasks.dll".
       T├óche "GetRestoreProjectStyleTask"
       Ex├®cution de la t├óche "GetRestoreProjectStyleTask" termin├®e.
   2:4>G├®n├®ration de la cible "_GetRestoreProjectStyle" termin├®e dans le projet "SqlParserLib.csproj".
   2:4>Cible "_GenerateRestoreSpecs" dans le fichier "C:\Program Files\dotnet\sdk\9.0.203\NuGet.targets" du projet "D:\www\SqlParserLight\SqlParserLib.csproj" (la cible "_GenerateRestoreGraphProjectEntry" en d├®pend)┬á:
       Utilisation de la t├óche "Message" ├á partir de l'assembly "Microsoft.Build.Tasks.Core, Version=15.1.0.0, Culture=neutral, PublicKeyToken=b03f5f7f11d50a3a".
       T├óche "Message"
         Restore entry point D:\www\SqlParserLight\SqlParserLib.csproj
       Ex├®cution de la t├óche "Message" termin├®e.
   2:4>G├®n├®ration de la cible "_GenerateRestoreSpecs" termin├®e dans le projet "SqlParserLib.csproj".
   2:4>Cible "_GetRestoreSettingsOverrides" dans le fichier "C:\Program Files\dotnet\sdk\9.0.203\NuGet.targets" du projet "D:\www\SqlParserLight\SqlParserLib.csproj" (la cible "_GetRestoreSettings" en d├®pend)┬á:
       T├óche "MSBuild" ignor├®e en raison d'une fausse condition┬á; ( '$(RestorePackagesPath)' != '' ) a ├®t├® ├®valu├®e comme ( '' != '' ).
       T├óche "MSBuild" ignor├®e en raison d'une fausse condition┬á; ( '$(RestoreRepositoryPathOverride)' != '' ) a ├®t├® ├®valu├®e comme ( '' != '' ).
       T├óche "MSBuild" ignor├®e en raison d'une fausse condition┬á; ( '$(RestoreSources)' != '' ) a ├®t├® ├®valu├®e comme ( '' != '' ).
       T├óche "MSBuild" ignor├®e en raison d'une fausse condition┬á; ( '$(RestoreFallbackFolders)' != '' ) a ├®t├® ├®valu├®e comme ( '' != '' ).
   2:4>G├®n├®ration de la cible "_GetRestoreSettingsOverrides" termin├®e dans le projet "SqlParserLib.csproj".
   2:4>Cible "_GetRestoreSettingsPerFramework" dans le fichier "C:\Program Files\dotnet\sdk\9.0.203\NuGet.targets" du projet "D:\www\SqlParserLight\SqlParserLib.csproj" (la cible "_GetRestoreSettingsCurrentProject" en d├®pend)┬á:
   2:4>G├®n├®ration de la cible "_GetRestoreSettingsPerFramework" termin├®e dans le projet "SqlParserLib.csproj".
   2:4>Cible "_GetRestoreSettingsCurrentProject" dans le fichier "C:\Program Files\dotnet\sdk\9.0.203\NuGet.targets" du projet "D:\www\SqlParserLight\SqlParserLib.csproj" (la cible "_GetRestoreSettings" en d├®pend)┬á:
   2:4>G├®n├®ration de la cible "_GetRestoreSettingsCurrentProject" termin├®e dans le projet "SqlParserLib.csproj".
       Cible "_GetRestoreSettingsAllFrameworks" ignor├®e en raison d'une fausse condition┬á; ( '$(TargetFrameworks)' != '' AND '$(PackageReferenceCompatibleProjectStyle)' == 'true' ) a ├®t├® ├®valu├®e comme ( '' != '' AND 'True' == 'true' ).
   2:4>Cible "_GetRestoreSettings" dans le fichier "C:\Program Files\dotnet\sdk\9.0.203\NuGet.targets" du projet "D:\www\SqlParserLight\SqlParserLib.csproj" (la cible "_GenerateDotnetCliToolReferenceSpecs" en d├®pend)┬á:
       Utilisation de la t├óche "GetRestoreSettingsTask" ├á partir de l'assembly "C:\Program Files\dotnet\sdk\9.0.203\NuGet.Build.Tasks.dll".
       T├óche "GetRestoreSettingsTask"
         Assembly charg├® pendant TaskRun (NuGet.Build.Tasks.GetRestoreSettingsTask)┬á: NuGet.Configuration, Version=6.13.2.1, Culture=neutral, PublicKeyToken=31bf3856ad364e35 (emplacement : C:\Program Files\dotnet\sdk\9.0.203\NuGet.Configuration.dll, MVID : d3ff5b02-1265-4c1c-acc6-a70f1b205fa3, AssemblyLoadContext : MSBuild plugin C:\Program Files\dotnet\sdk\9.0.203\NuGet.Build.Tasks.dll)
       Ex├®cution de la t├óche "GetRestoreSettingsTask" termin├®e.
   2:4>G├®n├®ration de la cible "_GetRestoreSettings" termin├®e dans le projet "SqlParserLib.csproj".
   2:4>Cible "_GenerateDotnetCliToolReferenceSpecs" dans le fichier "C:\Program Files\dotnet\sdk\9.0.203\NuGet.targets" du projet "D:\www\SqlParserLight\SqlParserLib.csproj" (la cible "_GenerateRestoreGraphProjectEntry" en d├®pend)┬á:
       Utilisation de la t├óche "GetRestoreDotnetCliToolsTask" ├á partir de l'assembly "C:\Program Files\dotnet\sdk\9.0.203\NuGet.Build.Tasks.dll".
       T├óche "GetRestoreDotnetCliToolsTask"
       Ex├®cution de la t├óche "GetRestoreDotnetCliToolsTask" termin├®e.
   2:4>G├®n├®ration de la cible "_GenerateDotnetCliToolReferenceSpecs" termin├®e dans le projet "SqlParserLib.csproj".
   2:4>Cible "_GenerateRestoreGraphProjectEntry" dans le fichier "C:\Program Files\dotnet\sdk\9.0.203\NuGet.targets" du projet "D:\www\SqlParserLight\SqlParserLib.csproj" (point d'entr├®e)┬á:
   2:4>G├®n├®ration de la cible "_GenerateRestoreGraphProjectEntry" termin├®e dans le projet "SqlParserLib.csproj".
   2:4>G├®n├®ration du projet "D:\www\SqlParserLight\SqlParserLib.csproj" termin├®e (_GenerateRestoreGraphProjectEntry cible(s)).
     1>Ex├®cution de la t├óche "MSBuild" termin├®e.
       T├óche "MSBuild"
         Propri├®t├®s globales┬á:
           ExcludeRestorePackageImports=true
           _RestoreSolutionFileUsed=true
           SolutionDir=D:\www\SqlParserLight\
           SolutionName=SqlParserLight
           SolutionFileName=SqlParserLight.sln
           SolutionPath=D:\www\SqlParserLight\SqlParserLight.sln
           SolutionExt=.sln
         Propri├®t├®s suppl├®mentaires du projet "D:\www\SqlParserLight\SqlParserLib.csproj":
           Configuration=Debug
           Platform=AnyCPU
     1>Le projet "D:\www\SqlParserLight\SqlParserLight.sln" (1) g├®n├¿re "D:\www\SqlParserLight\SqlParserLib.csproj" (2:5) sur le n┼ôud 1 (_GenerateProjectRestoreGraph cible(s)).
   2:5>Cible "_GetRestoreProjectStyle" ignor├®e. Elle a ├®t├® g├®n├®r├®e.
       Cible "_GetRestoreProjectStyle" ignor├®e. Elle a ├®t├® g├®n├®r├®e.
       Cible "_GetRestoreProjectStyle" ignor├®e. Elle a ├®t├® g├®n├®r├®e.
   2:5>Cible "_GetRestoreTargetFrameworkOverride" dans le fichier "C:\Program Files\dotnet\sdk\9.0.203\NuGet.targets" du projet "D:\www\SqlParserLight\SqlParserLib.csproj" (la cible "_GetRestoreTargetFrameworksOutput" en d├®pend)┬á:
       T├óche "GetGlobalPropertyValueTask" ignor├®e en raison d'une fausse condition┬á; ( '$(TargetFrameworks)' != '' ) a ├®t├® ├®valu├®e comme ( '' != '' ).
   2:5>G├®n├®ration de la cible "_GetRestoreTargetFrameworkOverride" termin├®e dans le projet "SqlParserLib.csproj".
   2:5>Cible "_GetRestoreTargetFrameworksOutput" dans le fichier "C:\Program Files\dotnet\sdk\9.0.203\NuGet.targets" du projet "D:\www\SqlParserLight\SqlParserLib.csproj" (la cible "_GenerateRestoreProjectSpec" en d├®pend)┬á:
       Utilisation de la t├óche "GetProjectTargetFrameworksTask" ├á partir de l'assembly "C:\Program Files\dotnet\sdk\9.0.203\NuGet.Build.Tasks.dll".
       T├óche "GetProjectTargetFrameworksTask"
       Ex├®cution de la t├óche "GetProjectTargetFrameworksTask" termin├®e.
   2:5>G├®n├®ration de la cible "_GetRestoreTargetFrameworksOutput" termin├®e dans le projet "SqlParserLib.csproj".
       Cible "_GetRestoreSettings" ignor├®e. Elle a ├®t├® g├®n├®r├®e.
   2:5>Cible "_GenerateRestoreProjectSpec" dans le fichier "C:\Program Files\dotnet\sdk\9.0.203\NuGet.targets" du projet "D:\www\SqlParserLight\SqlParserLib.csproj" (la cible "_GenerateProjectRestoreGraph" en d├®pend)┬á:
       T├óche "ConvertToAbsolutePath"
       Ex├®cution de la t├óche "ConvertToAbsolutePath" termin├®e.
   2:5>G├®n├®ration de la cible "_GenerateRestoreProjectSpec" termin├®e dans le projet "SqlParserLib.csproj".
       Cible "_GenerateProjectRestoreGraphAllFrameworks" ignor├®e en raison d'une fausse condition┬á; ( '$(TargetFrameworks)' != '' ) a ├®t├® ├®valu├®e comme ( '' != '' ).
       Cible "_GetRestoreProjectStyle" ignor├®e. Elle a ├®t├® g├®n├®r├®e.
       Cible "CollectPackageReferences" ignor├®e. Elle a ├®t├® g├®n├®r├®e.
   2:5>Cible "CollectPackageDownloads" dans le fichier "C:\Program Files\dotnet\sdk\9.0.203\NuGet.targets" du projet "D:\www\SqlParserLight\SqlParserLib.csproj" (la cible "_CollectRestoreInputs" en d├®pend)┬á:
       T├óche "CheckForDuplicateNuGetItemsTask"
       Ex├®cution de la t├óche "CheckForDuplicateNuGetItemsTask" termin├®e.
   2:5>G├®n├®ration de la cible "CollectPackageDownloads" termin├®e dans le projet "SqlParserLib.csproj".
   2:5>Cible "CollectFrameworkReferences" dans le fichier "C:\Program Files\dotnet\sdk\9.0.203\NuGet.targets" du projet "D:\www\SqlParserLight\SqlParserLib.csproj" (la cible "_CollectRestoreInputs" en d├®pend)┬á:
   2:5>G├®n├®ration de la cible "CollectFrameworkReferences" termin├®e dans le projet "SqlParserLib.csproj".
   2:5>Cible "CollectCentralPackageVersions" dans le fichier "C:\Program Files\dotnet\sdk\9.0.203\NuGet.targets" du projet "D:\www\SqlParserLight\SqlParserLib.csproj" (la cible "_CollectRestoreInputs" en d├®pend)┬á:
       T├óche "CheckForDuplicateNuGetItemsTask"
       Ex├®cution de la t├óche "CheckForDuplicateNuGetItemsTask" termin├®e.
   2:5>G├®n├®ration de la cible "CollectCentralPackageVersions" termin├®e dans le projet "SqlParserLib.csproj".
   2:5>Cible "CollectNuGetAuditSuppressions" dans le fichier "C:\Program Files\dotnet\sdk\9.0.203\NuGet.targets" du projet "D:\www\SqlParserLight\SqlParserLib.csproj" (la cible "_CollectRestoreInputs" en d├®pend)┬á:
       T├óche "CheckForDuplicateNuGetItemsTask"
       Ex├®cution de la t├óche "CheckForDuplicateNuGetItemsTask" termin├®e.
   2:5>G├®n├®ration de la cible "CollectNuGetAuditSuppressions" termin├®e dans le projet "SqlParserLib.csproj".
       Cible "AddPrunePackageReferences" ignor├®e en raison d'une fausse condition┬á; ('$(RestoreEnablePackagePruning)' == 'true') a ├®t├® ├®valu├®e comme ('false' == 'true').
   2:5>Cible "CollectPrunePackageReferences" dans le fichier "C:\Program Files\dotnet\sdk\9.0.203\NuGet.targets" du projet "D:\www\SqlParserLight\SqlParserLib.csproj" (la cible "_CollectRestoreInputs" en d├®pend)┬á:
       T├óche "CheckForDuplicateNuGetItemsTask"
       Ex├®cution de la t├óche "CheckForDuplicateNuGetItemsTask" termin├®e.
   2:5>G├®n├®ration de la cible "CollectPrunePackageReferences" termin├®e dans le projet "SqlParserLib.csproj".
   2:5>Cible "_CollectRestoreInputs" dans le fichier "C:\Program Files\dotnet\sdk\9.0.203\NuGet.targets" du projet "D:\www\SqlParserLight\SqlParserLib.csproj" (la cible "_GenerateProjectRestoreGraphPerFramework" en d├®pend)┬á:
   2:5>G├®n├®ration de la cible "_CollectRestoreInputs" termin├®e dans le projet "SqlParserLib.csproj".
       Cible "PrepRestoreForStoreProjects" ignor├®e en raison d'une fausse condition┬á; ('$(StorePackageName)' != '') a ├®t├® ├®valu├®e comme ('' != '').
   2:5>Cible "_GenerateProjectRestoreGraphPerFramework" dans le fichier "C:\Program Files\dotnet\sdk\9.0.203\NuGet.targets" du projet "D:\www\SqlParserLight\SqlParserLib.csproj" (la cible "_GenerateProjectRestoreGraphCurrentProject" en d├®pend)┬á:
       Utilisation de la t├óche "GetRestoreProjectReferencesTask" ├á partir de l'assembly "C:\Program Files\dotnet\sdk\9.0.203\NuGet.Build.Tasks.dll".
       T├óche "GetRestoreProjectReferencesTask"
       Ex├®cution de la t├óche "GetRestoreProjectReferencesTask" termin├®e.
       Utilisation de la t├óche "GetRestorePackageReferencesTask" ├á partir de l'assembly "C:\Program Files\dotnet\sdk\9.0.203\NuGet.Build.Tasks.dll".
       T├óche "GetRestorePackageReferencesTask"
       Ex├®cution de la t├óche "GetRestorePackageReferencesTask" termin├®e.
       T├óche "GetCentralPackageVersionsTask" ignor├®e en raison d'une fausse condition┬á; ( '$(PackageReferenceCompatibleProjectStyle)' == 'true' AND '$(_CentralPackageVersionsEnabled)' == 'true' ) a ├®t├® ├®valu├®e comme ( 'True' == 'true' AND '' == 'true' ).
       Utilisation de la t├óche "GetRestorePackageDownloadsTask" ├á partir de l'assembly "C:\Program Files\dotnet\sdk\9.0.203\NuGet.Build.Tasks.dll".
       T├óche "GetRestorePackageDownloadsTask"
       Ex├®cution de la t├óche "GetRestorePackageDownloadsTask" termin├®e.
       Utilisation de la t├óche "GetRestoreFrameworkReferencesTask" ├á partir de l'assembly "C:\Program Files\dotnet\sdk\9.0.203\NuGet.Build.Tasks.dll".
       T├óche "GetRestoreFrameworkReferencesTask"
       Ex├®cution de la t├óche "GetRestoreFrameworkReferencesTask" termin├®e.
       Utilisation de la t├óche "GetRestoreNuGetAuditSuppressionsTask" ├á partir de l'assembly "C:\Program Files\dotnet\sdk\9.0.203\NuGet.Build.Tasks.dll".
       T├óche "GetRestoreNuGetAuditSuppressionsTask"
       Ex├®cution de la t├óche "GetRestoreNuGetAuditSuppressionsTask" termin├®e.
       Utilisation de la t├óche "GetRestorePrunePackageReferencesTask" ├á partir de l'assembly "C:\Program Files\dotnet\sdk\9.0.203\NuGet.Build.Tasks.dll".
       T├óche "GetRestorePrunePackageReferencesTask"
       Ex├®cution de la t├óche "GetRestorePrunePackageReferencesTask" termin├®e.
   2:5>G├®n├®ration de la cible "_GenerateProjectRestoreGraphPerFramework" termin├®e dans le projet "SqlParserLib.csproj".
   2:5>Cible "_GenerateProjectRestoreGraphCurrentProject" dans le fichier "C:\Program Files\dotnet\sdk\9.0.203\NuGet.targets" du projet "D:\www\SqlParserLight\SqlParserLib.csproj" (la cible "_GenerateRestoreDependencies" en d├®pend)┬á:
   2:5>G├®n├®ration de la cible "_GenerateProjectRestoreGraphCurrentProject" termin├®e dans le projet "SqlParserLib.csproj".
   2:5>Cible "_GenerateRestoreDependencies" dans le fichier "C:\Program Files\dotnet\sdk\9.0.203\NuGet.targets" du projet "D:\www\SqlParserLight\SqlParserLib.csproj" (la cible "_GenerateProjectRestoreGraph" en d├®pend)┬á:
   2:5>G├®n├®ration de la cible "_GenerateRestoreDependencies" termin├®e dans le projet "SqlParserLib.csproj".
   2:5>Cible "_GenerateProjectRestoreGraph" dans le fichier "C:\Program Files\dotnet\sdk\9.0.203\NuGet.targets" du projet "D:\www\SqlParserLight\SqlParserLib.csproj" (point d'entr├®e)┬á:
   2:5>G├®n├®ration de la cible "_GenerateProjectRestoreGraph" termin├®e dans le projet "SqlParserLib.csproj".
   2:5>G├®n├®ration du projet "D:\www\SqlParserLight\SqlParserLib.csproj" termin├®e (_GenerateProjectRestoreGraph cible(s)).
     1>Ex├®cution de la t├óche "MSBuild" termin├®e.
     1>G├®n├®ration de la cible "_GenerateRestoreGraph" termin├®e dans le projet "SqlParserLight.sln".
     1>Cible "Restore" dans le fichier "C:\Program Files\dotnet\sdk\9.0.203\NuGet.targets" du projet "D:\www\SqlParserLight\SqlParserLight.sln" (point d'entr├®e)┬á:
       T├óche "RemoveDuplicates"
       Ex├®cution de la t├óche "RemoveDuplicates" termin├®e.
       Utilisation de la t├óche "RestoreTask" ├á partir de l'assembly "C:\Program Files\dotnet\sdk\9.0.203\NuGet.Build.Tasks.dll".
       T├óche "RestoreTask"
         Assembly charg├® pendant TaskRun (NuGet.Build.Tasks.RestoreTask)┬á: NuGet.Packaging, Version=6.13.2.1, Culture=neutral, PublicKeyToken=31bf3856ad364e35 (emplacement : C:\Program Files\dotnet\sdk\9.0.203\NuGet.Packaging.dll, MVID : 96ec2b43-946d-4fe6-954f-bd04c05cfbdb, AssemblyLoadContext : MSBuild plugin C:\Program Files\dotnet\sdk\9.0.203\NuGet.Build.Tasks.dll)
         Assembly charg├® pendant TaskRun (NuGet.Build.Tasks.RestoreTask)┬á: NuGet.LibraryModel, Version=6.13.2.1, Culture=neutral, PublicKeyToken=31bf3856ad364e35 (emplacement : C:\Program Files\dotnet\sdk\9.0.203\NuGet.LibraryModel.dll, MVID : 5d788ef9-f0f1-4284-a303-6a3bac6642e4, AssemblyLoadContext : MSBuild plugin C:\Program Files\dotnet\sdk\9.0.203\NuGet.Build.Tasks.dll)
         Assembly charg├® pendant TaskRun (NuGet.Build.Tasks.RestoreTask)┬á: NuGet.Versioning, Version=6.13.2.1, Culture=neutral, PublicKeyToken=31bf3856ad364e35 (emplacement : C:\Program Files\dotnet\sdk\9.0.203\NuGet.Versioning.dll, MVID : f93cda36-19f3-438c-8cd4-6e285e645ef9, AssemblyLoadContext : MSBuild plugin C:\Program Files\dotnet\sdk\9.0.203\NuGet.Build.Tasks.dll)
         Assembly charg├® pendant TaskRun (NuGet.Build.Tasks.RestoreTask)┬á: NuGet.Frameworks, Version=6.13.2.1, Culture=neutral, PublicKeyToken=31bf3856ad364e35 (emplacement : C:\Program Files\dotnet\sdk\9.0.203\NuGet.Frameworks.dll, MVID : 76a96b52-e729-4bae-bd9e-e26373f1f336, AssemblyLoadContext : MSBuild plugin C:\Program Files\dotnet\sdk\9.0.203\NuGet.Build.Tasks.dll)
         Assembly charg├® pendant TaskRun (NuGet.Build.Tasks.RestoreTask)┬á: System.Buffers, Version=9.0.0.0, Culture=neutral, PublicKeyToken=cc7b13ffcd2ddd51 (emplacement : C:\Program Files\dotnet\shared\Microsoft.NETCore.App\9.0.4\System.Buffers.dll, MVID : 1a5ae96b-d7dc-4330-b65b-685cf7ffd8c8, AssemblyLoadContext : Default)
         Assembly charg├® pendant TaskRun (NuGet.Build.Tasks.RestoreTask)┬á: NuGet.Protocol, Version=6.13.2.1, Culture=neutral, PublicKeyToken=31bf3856ad364e35 (emplacement : C:\Program Files\dotnet\sdk\9.0.203\NuGet.Protocol.dll, MVID : c7981328-aa54-449f-81ca-13e212a4652f, AssemblyLoadContext : MSBuild plugin C:\Program Files\dotnet\sdk\9.0.203\NuGet.Build.Tasks.dll)
         Assembly charg├® pendant TaskRun (NuGet.Build.Tasks.RestoreTask)┬á: NuGet.Credentials, Version=6.13.2.1, Culture=neutral, PublicKeyToken=31bf3856ad364e35 (emplacement : C:\Program Files\dotnet\sdk\9.0.203\NuGet.Credentials.dll, MVID : 7c4608d6-c699-4744-bf3a-209de6fd3c9f, AssemblyLoadContext : MSBuild plugin C:\Program Files\dotnet\sdk\9.0.203\NuGet.Build.Tasks.dll)
         Assembly charg├® pendant TaskRun (NuGet.Build.Tasks.RestoreTask)┬á: NuGet.Packaging.resources, Version=6.13.2.1, Culture=fr, PublicKeyToken=31bf3856ad364e35, processorArchitecture=MSIL (emplacement : C:\Program Files\dotnet\sdk\9.0.203\fr\NuGet.Packaging.resources.dll, MVID : 84081cbf-9f49-4268-b086-48b1965d6815, AssemblyLoadContext : MSBuild plugin C:\Program Files\dotnet\sdk\9.0.203\NuGet.Build.Tasks.dll)
         La validation de la cha├«ne de certificats X.509 utilisera le magasin de confiance par d├®faut s├®lectionn├® par .NET pour le code de signature.
         La validation de la cha├«ne de certificats X.509 utilisera le magasin de confiance par d├®faut s├®lectionn├® par .NET pour le timestamp.
         Assembly charg├® pendant TaskRun (NuGet.Build.Tasks.RestoreTask)┬á: NuGet.DependencyResolver.Core, Version=6.13.2.1, Culture=neutral, PublicKeyToken=31bf3856ad364e35 (emplacement : C:\Program Files\dotnet\sdk\9.0.203\NuGet.DependencyResolver.Core.dll, MVID : 7771b15c-b16b-4485-a247-c1f27746e130, AssemblyLoadContext : MSBuild plugin C:\Program Files\dotnet\sdk\9.0.203\NuGet.Build.Tasks.dll)
         Assembly charg├® pendant TaskRun (NuGet.Build.Tasks.RestoreTask)┬á: NuGet.Commands.resources, Version=6.13.2.1, Culture=fr, PublicKeyToken=31bf3856ad364e35, processorArchitecture=MSIL (emplacement : C:\Program Files\dotnet\sdk\9.0.203\fr\NuGet.Commands.resources.dll, MVID : 88737e97-07e2-4e9a-8b59-246ae263e17e, AssemblyLoadContext : MSBuild plugin C:\Program Files\dotnet\sdk\9.0.203\NuGet.Build.Tasks.dll)
         Ex├®cution d'une restauration avec 16┬átravaux simultan├®s.
         Lecture du fichier projet D:\www\SqlParserLight\SqlParserLib.csproj.
         Assembly charg├® pendant TaskRun (NuGet.Build.Tasks.RestoreTask)┬á: Newtonsoft.Json, Version=13.0.0.0, Culture=neutral, PublicKeyToken=30ad4fe6b2a6aeed (emplacement : C:\Program Files\dotnet\sdk\9.0.203\Newtonsoft.Json.dll, MVID : 7e62198b-eab2-4380-bbac-29171862d1d8, AssemblyLoadContext : MSBuild plugin C:\Program Files\dotnet\sdk\9.0.203\NuGet.Build.Tasks.dll)
         Assembly charg├® pendant TaskRun (NuGet.Build.Tasks.RestoreTask)┬á: System.Runtime.Serialization.Primitives, Version=9.0.0.0, Culture=neutral, PublicKeyToken=b03f5f7f11d50a3a (emplacement : C:\Program Files\dotnet\shared\Microsoft.NETCore.App\9.0.4\System.Runtime.Serialization.Primitives.dll, MVID : c8100395-5f56-412c-a595-5d594da7c9a5, AssemblyLoadContext : Default)
         Assembly charg├® pendant TaskRun (NuGet.Build.Tasks.RestoreTask)┬á: System.Runtime.Numerics, Version=9.0.0.0, Culture=neutral, PublicKeyToken=b03f5f7f11d50a3a (emplacement : C:\Program Files\dotnet\shared\Microsoft.NETCore.App\9.0.4\System.Runtime.Numerics.dll, MVID : ba3eb568-0e1a-4bac-8cd7-6ce044ac063f, AssemblyLoadContext : Default)
         Les entr├®es de restauration pour 'SqlParserLib' n'ont pas chang├®. Aucune autre action n'est n├®cessaire pour effectuer la restauration.
         Validation de la restauration...
         Le fichier d'actifs n'a pas chang├®. ├ëcriture du fichier d'actifs ignor├®e. Chemin┬á: D:\www\SqlParserLight\obj\project.assets.json
         Restauration no-op. Le cache ne sera pas mis ├á jour. Chemin┬á: D:\www\SqlParserLight\obj\project.nuget.cache
         Assembly charg├® pendant TaskRun (NuGet.Build.Tasks.RestoreTask)┬á: NuGet.Common.resources, Version=6.13.2.1, Culture=fr, PublicKeyToken=31bf3856ad364e35, processorArchitecture=MSIL (emplacement : C:\Program Files\dotnet\sdk\9.0.203\fr\NuGet.Common.resources.dll, MVID : 9aa4928c-11a7-4cb8-bc24-2677674f4fe8, AssemblyLoadContext : MSBuild plugin C:\Program Files\dotnet\sdk\9.0.203\NuGet.Build.Tasks.dll)
         Restauration effectu├®e de D:\www\SqlParserLight\SqlParserLib.csproj (en 29 ms).
         
         Fichiers de configuration NuGet utilis├®s┬á:
             C:\Users\PREDTR\AppData\Roaming\NuGet\NuGet.Config
             C:\Program Files (x86)\NuGet\Config\Microsoft.VisualStudio.FallbackLocation.config
             C:\Program Files (x86)\NuGet\Config\Microsoft.VisualStudio.Offline.config
         
         Flux utilis├®s┬á:
             https://api.nuget.org/v3/index.json
             C:\Program Files (x86)\Microsoft SDKs\NuGetPackages\
         Tous les projets sont ├á jour pour la restauration.
       Ex├®cution de la t├óche "RestoreTask" termin├®e.
     1>G├®n├®ration de la cible "Restore" termin├®e dans le projet "SqlParserLight.sln".
     1>G├®n├®ration du projet "D:\www\SqlParserLight\SqlParserLight.sln" termin├®e (Restore cible(s)).
     0>D:\www\SqlParserLight\SqlParserLight.sln.metaproj : message : Propri├®t├® 'MSBuildExtensionsPath' avec la valeur 'C:\Program Files\dotnet\sdk\9.0.203\' d├®velopp├®e ├á partir de lÔÇÖenvironnement.
       R├®assignation de propri├®t├®┬á: $(_GenerateRestoreGraphProjectEntryInputProperties)="
             ExcludeRestorePackageImports=true;
             _RestoreSolutionFileUsed=true;
             SolutionDir=D:\www\SqlParserLight\;
             SolutionName=SqlParserLight;
             SolutionFileName=SqlParserLight.sln;
             SolutionPath=D:\www\SqlParserLight\SqlParserLight.sln;
             SolutionExt=.sln;
           " (valeur pr├®c├®dente┬á: "ExcludeRestorePackageImports=true") ├á C:\Program Files\dotnet\sdk\9.0.203\NuGet.targets (101,5)
       La cible "Store" r├®pertori├®e dans un attribut BeforeTargets ├á "C:\Program Files\dotnet\sdk\9.0.203\Current\SolutionFile\ImportAfter\Microsoft.NET.Sdk.Solution.targets (33,11)" n'existe pas dans le projet et sera ignor├®e.
       La cible "VSTest" r├®pertori├®e dans un attribut BeforeTargets ├á "C:\Program Files\dotnet\sdk\9.0.203\Current\SolutionFile\ImportAfter\Microsoft.NET.Sdk.Solution.targets (33,11)" n'existe pas dans le projet et sera ignor├®e.
       La cible "_CheckForInvalidConfigurationAndPlatform" r├®pertori├®e dans un attribut BeforeTargets ├á "C:\Program Files\dotnet\sdk\9.0.203\NuGet.targets (700,11)" n'existe pas dans le projet et sera ignor├®e.
   1:2>Projet "D:\www\SqlParserLight\SqlParserLight.sln" sur le n┼ôud 1 (cibles par d├®faut).
   1:2>Cible "ValidateSolutionConfiguration" dans le fichier "D:\www\SqlParserLight\SqlParserLight.sln.metaproj" du projet "D:\www\SqlParserLight\SqlParserLight.sln" (point d'entr├®e)┬á:
   1:2>T├óche "Error" ignor├®e en raison d'une fausse condition┬á; (('$(CurrentSolutionConfigurationContents)' == '') and ('$(SkipInvalidConfigurations)' != 'true')) a ├®t├® ├®valu├®e comme (('<SolutionConfiguration>
  <ProjectConfiguration Project="{9E810FD2-BBDD-5549-7EFD-A9D83FE2D063}" AbsolutePath="D:\www\SqlParserLight\SqlParserLib.csproj" BuildProjectInSolution="True">Debug|AnyCPU</ProjectConfiguration>
</SolutionConfiguration>' == '') and ('' != 'true')).
       T├óche "Warning" ignor├®e en raison d'une fausse condition┬á; (('$(CurrentSolutionConfigurationContents)' == '') and ('$(SkipInvalidConfigurations)' == 'true')) a ├®t├® ├®valu├®e comme (('<SolutionConfiguration>
         <ProjectConfiguration Project="{9E810FD2-BBDD-5549-7EFD-A9D83FE2D063}" AbsolutePath="D:\www\SqlParserLight\SqlParserLib.csproj" BuildProjectInSolution="True">Debug|AnyCPU</ProjectConfiguration>
       </SolutionConfiguration>' == '') and ('' == 'true')).
       Utilisation de la t├óche "Message" ├á partir de l'assembly "Microsoft.Build.Tasks.Core, Version=15.1.0.0, Culture=neutral, PublicKeyToken=b03f5f7f11d50a3a".
       T├óche "Message"
         G├®n├®ration de la configuration de solution "Debug|Any CPU".
       Ex├®cution de la t├óche "Message" termin├®e.
   1:2>G├®n├®ration de la cible "ValidateSolutionConfiguration" termin├®e dans le projet "SqlParserLight.sln".
   1:2>Cible "ValidateToolsVersions" dans le fichier "D:\www\SqlParserLight\SqlParserLight.sln.metaproj" du projet "D:\www\SqlParserLight\SqlParserLight.sln" (point d'entr├®e)┬á:
       T├óche "Error" ignor├®e en raison d'une fausse condition┬á; ('$(MSBuildToolsVersion)' == '2.0' and ('$(ProjectToolsVersion)' != '2.0' and '$(ProjectToolsVersion)' != '')) a ├®t├® ├®valu├®e comme ('Current' == '2.0' and ('' != '2.0' and '' != '')).
   1:2>G├®n├®ration de la cible "ValidateToolsVersions" termin├®e dans le projet "SqlParserLight.sln".
   1:2>Cible "ValidateProjects" dans le fichier "D:\www\SqlParserLight\SqlParserLight.sln.metaproj" du projet "D:\www\SqlParserLight\SqlParserLight.sln" (point d'entr├®e)┬á:
   1:2>G├®n├®ration de la cible "ValidateProjects" termin├®e dans le projet "SqlParserLight.sln".
       Cible "_CheckForSolutionLevelRuntimeIdentifier" ignor├®e en raison d'une fausse condition┬á; ('$(RuntimeIdentifier)' != '') a ├®t├® ├®valu├®e comme ('' != '').
       Cible "_CheckForSolutionLevelOutputPath" ignor├®e en raison d'une fausse condition┬á; ('$(_CommandLineDefinedOutputPath)' == 'true') a ├®t├® ├®valu├®e comme ('' == 'true').
   1:2>Cible "Build" dans le fichier "D:\www\SqlParserLight\SqlParserLight.sln.metaproj" du projet "D:\www\SqlParserLight\SqlParserLight.sln" (point d'entr├®e)┬á:
       Utilisation de la t├óche "MSBuild" ├á partir de l'assembly "Microsoft.Build.Tasks.Core, Version=15.1.0.0, Culture=neutral, PublicKeyToken=b03f5f7f11d50a3a".
       T├óche "MSBuild"
         Propri├®t├®s globales┬á:
           BuildingSolutionFile=true
           CurrentSolutionConfigurationContents=<SolutionConfiguration>
           <ProjectConfiguration Project="{9E810FD2-BBDD-5549-7EFD-A9D83FE2D063}" AbsolutePath="D:\www\SqlParserLight\SqlParserLib.csproj" BuildProjectInSolution="True">Debug|AnyCPU</ProjectConfiguration>
         </SolutionConfiguration>
           SolutionDir=D:\www\SqlParserLight\
           SolutionExt=.sln
           SolutionFileName=SqlParserLight.sln
           SolutionName=SqlParserLight
           SolutionPath=D:\www\SqlParserLight\SqlParserLight.sln
         Propri├®t├®s suppl├®mentaires du projet "D:\www\SqlParserLight\SqlParserLib.csproj":
           Configuration=Debug
           Platform=AnyCPU
     0>Le ┬½┬áMicrosoft.NET.Sdk┬á┬╗ SDK a ├®t├® r├®solu par le programme de r├®solution de ┬½┬áDefaultSdkResolver┬á┬╗ en ┬½┬áC:\Program Files\dotnet\sdk\9.0.203\Sdks\Microsoft.NET.Sdk\Sdk┬á┬╗ dÔÇÖemplacement et en version ┬½┬á┬á┬╗.
       C:\Program Files\dotnet\sdk\9.0.203\Sdks\Microsoft.NET.Sdk\Sdk\Sdk.props(49,11): message : Propri├®t├® 'MSBuildExtensionsPath' avec la valeur 'C:\Program Files\dotnet\sdk\9.0.203\' d├®velopp├®e ├á partir de lÔÇÖenvironnement.
       R├®assignation de propri├®t├®┬á: $(MSBuildProjectExtensionsPath)="D:\www\SqlParserLight\obj\" (valeur pr├®c├®dente┬á: "obj\") ├á C:\Program Files\dotnet\sdk\9.0.203\Current\Microsoft.Common.props (60,5)
       D:\www\SqlParserLight\obj\SqlParserLib.csproj.nuget.g.props(7,5): message : Propri├®t├® 'USERPROFILE' avec la valeur 'C:\Users\PREDTR' d├®velopp├®e ├á partir de lÔÇÖenvironnement.
       C:\Program Files\dotnet\sdk\9.0.203\Current\Microsoft.Common.props(84,119): message : Propri├®t├® 'MSBuildUserExtensionsPath' avec la valeur 'C:\Users\PREDTR\AppData\Local\Microsoft\MSBuild' d├®velopp├®e ├á partir de lÔÇÖenvironnement.
       La propri├®t├® "Configuration" est une propri├®t├® globale et elle ne peut pas ├¬tre modifi├®e.
       La propri├®t├® "Platform" est une propri├®t├® globale et elle ne peut pas ├¬tre modifi├®e.
       La propri├®t├® "Configuration" est une propri├®t├® globale et elle ne peut pas ├¬tre modifi├®e.
       La propri├®t├® "Platform" est une propri├®t├® globale et elle ne peut pas ├¬tre modifi├®e.
       R├®assignation de propri├®t├®┬á: $(AssemblySearchPaths)="{CandidateAssemblyFiles};{HintPathFromItem}" (valeur pr├®c├®dente┬á: "{CandidateAssemblyFiles}") ├á C:\Program Files\dotnet\sdk\9.0.203\Sdks\Microsoft.NET.Sdk\targets\Microsoft.NET.Sdk.props (90,5)
       R├®assignation de propri├®t├®┬á: $(AssemblySearchPaths)="{CandidateAssemblyFiles};{HintPathFromItem};{TargetFrameworkDirectory}" (valeur pr├®c├®dente┬á: "{CandidateAssemblyFiles};{HintPathFromItem}") ├á C:\Program Files\dotnet\sdk\9.0.203\Sdks\Microsoft.NET.Sdk\targets\Microsoft.NET.Sdk.props (91,5)
       R├®assignation de propri├®t├®┬á: $(AssemblySearchPaths)="{CandidateAssemblyFiles};{HintPathFromItem};{TargetFrameworkDirectory};{RawFileName}" (valeur pr├®c├®dente┬á: "{CandidateAssemblyFiles};{HintPathFromItem};{TargetFrameworkDirectory}") ├á C:\Program Files\dotnet\sdk\9.0.203\Sdks\Microsoft.NET.Sdk\targets\Microsoft.NET.Sdk.props (92,5)
       Le programme de r├®solution ┬½┬áDefaultSdkResolver┬á┬╗ a tent├® de r├®soudre le SDK ┬½┬áMicrosoft.NET.SDK.WorkloadAutoImportPropsLocator┬á┬╗.
       Avertissements┬á: null
       Erreurs┬á: MSB4276: Le programme de r├®solution du SDK par d├®faut nÔÇÖa pas pu r├®soudre le SDK ┬½Microsoft.NET.SDK.WorkloadAutoImportPropsLocator┬╗, car le r├®pertoire ┬½C:\Program Files\dotnet\sdk\9.0.203\Sdks\Microsoft.NET.SDK.WorkloadAutoImportPropsLocator\Sdk┬╗ nÔÇÖexistait pas.
       Le ┬½┬áMicrosoft.NET.SDK.WorkloadAutoImportPropsLocator┬á┬╗ SDK a ├®t├® r├®solu par le programme de r├®solution de ┬½┬áMicrosoft.DotNet.MSBuildWorkloadSdkResolver┬á┬╗ en ┬½┬ánull┬á┬╗ dÔÇÖemplacement et en version ┬½┬ánull┬á┬╗.
       R├®assignation de propri├®t├®┬á: $(TargetsForTfmSpecificContentInPackage)=";PackTool;_PackProjectToolValidation" (valeur pr├®c├®dente┬á: ";PackTool") ├á C:\Program Files\dotnet\sdk\9.0.203\Sdks\Microsoft.NET.Sdk\targets\Microsoft.NET.PackProjectTool.props (15,5)
       R├®assignation de propri├®t├®┬á: $(OutputType)="Exe" (valeur pr├®c├®dente┬á: "Library") ├á D:\www\SqlParserLight\SqlParserLib.csproj (4,5)
       La propri├®t├® "Configuration" est une propri├®t├® globale et elle ne peut pas ├¬tre modifi├®e.
       La propri├®t├® "Platform" est une propri├®t├® globale et elle ne peut pas ├¬tre modifi├®e.
       R├®assignation de propri├®t├®┬á: $(PublishProfileImported)="false" (valeur pr├®c├®dente┬á: "true") ├á C:\Program Files\dotnet\sdk\9.0.203\Sdks\Microsoft.NET.Sdk\targets\Microsoft.NET.Sdk.ImportPublishProfile.targets (28,5)
       R├®assignation de propri├®t├®┬á: $(TargetPlatformVersion)="" (valeur pr├®c├®dente┬á: "0.0") ├á C:\Program Files\dotnet\sdk\9.0.203\Sdks\Microsoft.NET.Sdk\targets\Microsoft.NET.TargetFrameworkInference.targets (69,5)
       R├®assignation de propri├®t├®┬á: $(DefaultItemExcludes)=";bin\Debug\/**;obj\Debug\/**" (valeur pr├®c├®dente┬á: ";bin\Debug\/**") ├á C:\Program Files\dotnet\sdk\9.0.203\Sdks\Microsoft.NET.Sdk\targets\Microsoft.NET.DefaultOutputPaths.targets (122,5)
       R├®assignation de propri├®t├®┬á: $(OutputPath)="bin\Debug\net8.0\" (valeur pr├®c├®dente┬á: "bin\Debug\") ├á C:\Program Files\dotnet\sdk\9.0.203\Sdks\Microsoft.NET.Sdk\targets\Microsoft.NET.DefaultOutputPaths.targets (137,5)
       R├®assignation de propri├®t├®┬á: $(IntermediateOutputPath)="obj\Debug\net8.0\" (valeur pr├®c├®dente┬á: "obj\Debug\") ├á C:\Program Files\dotnet\sdk\9.0.203\Sdks\Microsoft.NET.Sdk\targets\Microsoft.NET.DefaultOutputPaths.targets (142,5)
       Le programme de r├®solution ┬½┬áDefaultSdkResolver┬á┬╗ a tent├® de r├®soudre le SDK ┬½┬áMicrosoft.NET.SDK.WorkloadManifestTargetsLocator┬á┬╗.
       Avertissements┬á: null
       Erreurs┬á: MSB4276: Le programme de r├®solution du SDK par d├®faut nÔÇÖa pas pu r├®soudre le SDK ┬½Microsoft.NET.SDK.WorkloadManifestTargetsLocator┬╗, car le r├®pertoire ┬½C:\Program Files\dotnet\sdk\9.0.203\Sdks\Microsoft.NET.SDK.WorkloadManifestTargetsLocator\Sdk┬╗ nÔÇÖexistait pas.
       Le ┬½┬áMicrosoft.NET.SDK.WorkloadManifestTargetsLocator┬á┬╗ SDK a ├®t├® r├®solu par le programme de r├®solution de ┬½┬áMicrosoft.DotNet.MSBuildWorkloadSdkResolver┬á┬╗ en ┬½┬áC:\Program Files\dotnet\sdk-manifests\9.0.100\microsoft.net.sdk.android\35.0.39┬á┬╗ dÔÇÖemplacement et en version ┬½┬ánull┬á┬╗.
       R├®assignation de propri├®t├®┬á: $(_FrameworkIdentifierForImplicitDefine)="NET" (valeur pr├®c├®dente┬á: "NETCOREAPP") ├á C:\Program Files\dotnet\sdk\9.0.203\Sdks\Microsoft.NET.Sdk\targets\Microsoft.NET.Sdk.BeforeCommon.targets (187,5)
       R├®assignation de propri├®t├®┬á: $(_FrameworkVersionForImplicitDefine)="8_0" (valeur pr├®c├®dente┬á: "8.0") ├á C:\Program Files\dotnet\sdk\9.0.203\Sdks\Microsoft.NET.Sdk\targets\Microsoft.NET.Sdk.BeforeCommon.targets (192,5)
       R├®assignation de propri├®t├®┬á: $(CommandLineArgsForDesignTimeEvaluation)="-langversion:12.0 -define:TRACE" (valeur pr├®c├®dente┬á: "-langversion:12.0") ├á C:\Program Files\dotnet\sdk\9.0.203\Roslyn\Microsoft.CSharp.Core.targets (200,5)
       La propri├®t├® "Platform" est une propri├®t├® globale et elle ne peut pas ├¬tre modifi├®e.
       La propri├®t├® "Configuration" est une propri├®t├® globale et elle ne peut pas ├¬tre modifi├®e.
       R├®assignation de propri├®t├®┬á: $(_DebugSymbolsProduced)="true" (valeur pr├®c├®dente┬á: "false") ├á C:\Program Files\dotnet\sdk\9.0.203\Microsoft.Common.CurrentVersion.targets (175,5)
       R├®assignation de propri├®t├®┬á: $(_DocumentationFileProduced)="false" (valeur pr├®c├®dente┬á: "true") ├á C:\Program Files\dotnet\sdk\9.0.203\Microsoft.Common.CurrentVersion.targets (185,5)
       La propri├®t├® "SolutionName" est une propri├®t├® globale et elle ne peut pas ├¬tre modifi├®e.
       La propri├®t├® "SolutionFileName" est une propri├®t├® globale et elle ne peut pas ├¬tre modifi├®e.
       La propri├®t├® "SolutionPath" est une propri├®t├® globale et elle ne peut pas ├¬tre modifi├®e.
       La propri├®t├® "SolutionDir" est une propri├®t├® globale et elle ne peut pas ├¬tre modifi├®e.
       La propri├®t├® "SolutionExt" est une propri├®t├® globale et elle ne peut pas ├¬tre modifi├®e.
       R├®assignation de propri├®t├®┬á: $(MSBuildCopyMarkerName)="SqlParse.D240908E" (valeur pr├®c├®dente┬á: "SqlParserLib.csproj") ├á C:\Program Files\dotnet\sdk\9.0.203\Microsoft.Common.CurrentVersion.targets (392,5)
       R├®assignation de propri├®t├®┬á: $(MSBuildCopyMarkerName)="SqlParse.D240908E.Up2Date" (valeur pr├®c├®dente┬á: "SqlParse.D240908E") ├á C:\Program Files\dotnet\sdk\9.0.203\Microsoft.Common.CurrentVersion.targets (393,5)
       R├®assignation de propri├®t├®┬á: $(ProcessorArchitecture)="msil" (valeur pr├®c├®dente┬á: "") ├á C:\Program Files\dotnet\sdk\9.0.203\Microsoft.Common.CurrentVersion.targets (541,5)
       R├®assignation de propri├®t├®┬á: $(DelaySign)="" (valeur pr├®c├®dente┬á: "false") ├á C:\Program Files\dotnet\sdk\9.0.203\Microsoft.Common.CurrentVersion.targets (580,5)
       C:\Program Files\dotnet\sdk\9.0.203\Microsoft.Common.CurrentVersion.targets(2590,5): message : Propri├®t├® 'LOCALAPPDATA' avec la valeur 'C:\Users\PREDTR\AppData\Local' d├®velopp├®e ├á partir de lÔÇÖenvironnement.
       R├®assignation de propri├®t├®┬á: $(_SGenGenerateSerializationAssembliesConfig)="Auto" (valeur pr├®c├®dente┬á: "") ├á C:\Program Files\dotnet\sdk\9.0.203\Microsoft.Common.CurrentVersion.targets (3917,5)
       R├®assignation de propri├®t├®┬á: $(_SGenGenerateSerializationAssembliesConfig)="Off" (valeur pr├®c├®dente┬á: "Auto") ├á C:\Program Files\dotnet\sdk\9.0.203\Microsoft.Common.CurrentVersion.targets (3918,5)
       R├®assignation de propri├®t├®┬á: $(_TargetsThatPrepareProjectReferences)="
             AssignProjectConfiguration;
             _SplitProjectReferencesByFileExistence
           " (valeur pr├®c├®dente┬á: "_SplitProjectReferencesByFileExistence") ├á C:\Program Files\dotnet\sdk\9.0.203\Microsoft.Common.CurrentVersion.targets (5129,5)
       C:\Program Files\dotnet\sdk\9.0.203\Microsoft.Common.CurrentVersion.targets(6924,5): message : Propri├®t├® 'MSBuildExtensionsPath32' avec la valeur 'C:\Program Files\dotnet\sdk\9.0.203' d├®velopp├®e ├á partir de lÔÇÖenvironnement.
       R├®assignation de propri├®t├®┬á: $(ProjectAssetsCacheFile)="D:\www\SqlParserLight\obj\Debug\net8.0\SqlParserLib.assets.cache" (valeur pr├®c├®dente┬á: "obj\Debug\net8.0\SqlParserLib.assets.cache") ├á C:\Program Files\dotnet\sdk\9.0.203\Sdks\Microsoft.NET.Sdk\targets\Microsoft.PackageDependencyResolution.targets (29,5)
       R├®assignation de propri├®t├®┬á: $(ResolveAssemblyReferencesDependsOn)="
             
             ResolveProjectReferences;
             FindInvalidProjectReferences;
             GetFrameworkPaths;
             GetReferenceAssemblyPaths;
             PrepareForBuild;
             ResolveSDKReferences;
             ExpandSDKReferences;
           ;
             ResolvePackageDependenciesForBuild;
             _HandlePackageFileConflicts;
           " (valeur pr├®c├®dente┬á: "
             ResolveProjectReferences;
             FindInvalidProjectReferences;
             GetFrameworkPaths;
             GetReferenceAssemblyPaths;
             PrepareForBuild;
             ResolveSDKReferences;
             ExpandSDKReferences;
           ") ├á C:\Program Files\dotnet\sdk\9.0.203\Sdks\Microsoft.NET.Sdk\targets\Microsoft.PackageDependencyResolution.targets (80,5)
       R├®assignation de propri├®t├®┬á: $(PrepareResourcesDependsOn)="
             ResolvePackageDependenciesForBuild;
             _HandlePackageFileConflicts;
             
             ;
             PrepareResourceNames;
             ResGen;
             CompileLicxFiles
           
           " (valeur pr├®c├®dente┬á: "
             ;
             PrepareResourceNames;
             ResGen;
             CompileLicxFiles
           ") ├á C:\Program Files\dotnet\sdk\9.0.203\Sdks\Microsoft.NET.Sdk\targets\Microsoft.PackageDependencyResolution.targets (86,5)
       R├®assignation de propri├®t├®┬á: $(DefaultItemExcludes)=";bin\Debug\/**;obj\Debug\/**;bin\/**" (valeur pr├®c├®dente┬á: ";bin\Debug\/**;obj\Debug\/**") ├á C:\Program Files\dotnet\sdk\9.0.203\Sdks\Microsoft.NET.Sdk\targets\Microsoft.NET.Sdk.DefaultItems.targets (27,5)
       R├®assignation de propri├®t├®┬á: $(DefaultItemExcludes)=";bin\Debug\/**;obj\Debug\/**;bin\/**;obj\/**" (valeur pr├®c├®dente┬á: ";bin\Debug\/**;obj\Debug\/**;bin\/**") ├á C:\Program Files\dotnet\sdk\9.0.203\Sdks\Microsoft.NET.Sdk\targets\Microsoft.NET.Sdk.DefaultItems.targets (29,5)
       R├®assignation de propri├®t├®┬á: $(DefaultItemExcludes)=";bin\Debug\/**;obj\Debug\/**;bin\/**;obj\/**;**/*.user" (valeur pr├®c├®dente┬á: ";bin\Debug\/**;obj\Debug\/**;bin\/**;obj\/**") ├á C:\Program Files\dotnet\sdk\9.0.203\Sdks\Microsoft.NET.Sdk\targets\Microsoft.NET.Sdk.DefaultItems.targets (32,5)
       R├®assignation de propri├®t├®┬á: $(DefaultItemExcludes)=";bin\Debug\/**;obj\Debug\/**;bin\/**;obj\/**;**/*.user;**/*.*proj" (valeur pr├®c├®dente┬á: ";bin\Debug\/**;obj\Debug\/**;bin\/**;obj\/**;**/*.user") ├á C:\Program Files\dotnet\sdk\9.0.203\Sdks\Microsoft.NET.Sdk\targets\Microsoft.NET.Sdk.DefaultItems.targets (33,5)
       R├®assignation de propri├®t├®┬á: $(DefaultItemExcludes)=";bin\Debug\/**;obj\Debug\/**;bin\/**;obj\/**;**/*.user;**/*.*proj;**/*.sln" (valeur pr├®c├®dente┬á: ";bin\Debug\/**;obj\Debug\/**;bin\/**;obj\/**;**/*.user;**/*.*proj") ├á C:\Program Files\dotnet\sdk\9.0.203\Sdks\Microsoft.NET.Sdk\targets\Microsoft.NET.Sdk.DefaultItems.targets (34,5)
       R├®assignation de propri├®t├®┬á: $(DefaultItemExcludes)=";bin\Debug\/**;obj\Debug\/**;bin\/**;obj\/**;**/*.user;**/*.*proj;**/*.sln;**/*.vssscc" (valeur pr├®c├®dente┬á: ";bin\Debug\/**;obj\Debug\/**;bin\/**;obj\/**;**/*.user;**/*.*proj;**/*.sln") ├á C:\Program Files\dotnet\sdk\9.0.203\Sdks\Microsoft.NET.Sdk\targets\Microsoft.NET.Sdk.DefaultItems.targets (35,5)
       R├®assignation de propri├®t├®┬á: $(DefaultItemExcludes)=";bin\Debug\/**;obj\Debug\/**;bin\/**;obj\/**;**/*.user;**/*.*proj;**/*.sln;**/*.vssscc;**/.DS_Store" (valeur pr├®c├®dente┬á: ";bin\Debug\/**;obj\Debug\/**;bin\/**;obj\/**;**/*.user;**/*.*proj;**/*.sln;**/*.vssscc") ├á C:\Program Files\dotnet\sdk\9.0.203\Sdks\Microsoft.NET.Sdk\targets\Microsoft.NET.Sdk.DefaultItems.targets (36,5)
       R├®assignation de propri├®t├®┬á: $(ResolveAssemblyReferencesDependsOn)="
             
             
             ResolveProjectReferences;
             FindInvalidProjectReferences;
             GetFrameworkPaths;
             GetReferenceAssemblyPaths;
             PrepareForBuild;
             ResolveSDKReferences;
             ExpandSDKReferences;
           ;
             ResolvePackageDependenciesForBuild;
             _HandlePackageFileConflicts;
           ;
             ResolveTargetingPackAssets;
           " (valeur pr├®c├®dente┬á: "
             
             ResolveProjectReferences;
             FindInvalidProjectReferences;
             GetFrameworkPaths;
             GetReferenceAssemblyPaths;
             PrepareForBuild;
             ResolveSDKReferences;
             ExpandSDKReferences;
           ;
             ResolvePackageDependenciesForBuild;
             _HandlePackageFileConflicts;
           ") ├á C:\Program Files\dotnet\sdk\9.0.203\Sdks\Microsoft.NET.Sdk\targets\Microsoft.NET.Sdk.FrameworkReferenceResolution.targets (14,5)
       R├®assignation de propri├®t├®┬á: $(_GenerateRuntimeConfigurationPropertyInputsCache)="D:\www\SqlParserLight\obj\Debug\net8.0\SqlParserLib.genruntimeconfig.cache" (valeur pr├®c├®dente┬á: "obj\Debug\net8.0\SqlParserLib.genruntimeconfig.cache") ├á C:\Program Files\dotnet\sdk\9.0.203\Sdks\Microsoft.NET.Sdk\targets\Microsoft.NET.Sdk.targets (44,5)
       R├®assignation de propri├®t├®┬á: $(_GeneratePublishDependencyFilePropertyInputsCache)="D:\www\SqlParserLight\obj\Debug\net8.0\SqlParserLib.genpublishdeps.cache" (valeur pr├®c├®dente┬á: "obj\Debug\net8.0\SqlParserLib.genpublishdeps.cache") ├á C:\Program Files\dotnet\sdk\9.0.203\Sdks\Microsoft.NET.Sdk\targets\Microsoft.NET.Sdk.targets (46,5)
       R├®assignation de propri├®t├®┬á: $(_GenerateSingleFileBundlePropertyInputsCache)="D:\www\SqlParserLight\obj\Debug\net8.0\SqlParserLib.genbundle.cache" (valeur pr├®c├®dente┬á: "obj\Debug\net8.0\SqlParserLib.genbundle.cache") ├á C:\Program Files\dotnet\sdk\9.0.203\Sdks\Microsoft.NET.Sdk\targets\Microsoft.NET.Sdk.targets (48,5)
       R├®assignation de propri├®t├®┬á: $(GenerateRuntimeConfigDevFile)="false" (valeur pr├®c├®dente┬á: "true") ├á C:\Program Files\dotnet\sdk\9.0.203\Sdks\Microsoft.NET.Sdk\targets\Microsoft.NET.Sdk.targets (81,5)
       R├®assignation de propri├®t├®┬á: $(_DefaultUserProfileRuntimeStorePath)="C:\Users\PREDTR" (valeur pr├®c├®dente┬á: "") ├á C:\Program Files\dotnet\sdk\9.0.203\Sdks\Microsoft.NET.Sdk\targets\Microsoft.NET.Sdk.targets (97,5)
       R├®assignation de propri├®t├®┬á: $(_DefaultUserProfileRuntimeStorePath)="C:\Users\PREDTR\.dotnet\store" (valeur pr├®c├®dente┬á: "C:\Users\PREDTR") ├á C:\Program Files\dotnet\sdk\9.0.203\Sdks\Microsoft.NET.Sdk\targets\Microsoft.NET.Sdk.targets (98,5)
       R├®assignation de propri├®t├®┬á: $(AvailablePlatforms)="Any CPU,x86,x64,ARM32" (valeur pr├®c├®dente┬á: "Any CPU,x86,x64") ├á C:\Program Files\dotnet\sdk\9.0.203\Sdks\Microsoft.NET.Sdk\targets\Microsoft.NET.Sdk.targets (140,5)
       R├®assignation de propri├®t├®┬á: $(AvailablePlatforms)="Any CPU,x86,x64,ARM32,ARM64" (valeur pr├®c├®dente┬á: "Any CPU,x86,x64,ARM32") ├á C:\Program Files\dotnet\sdk\9.0.203\Sdks\Microsoft.NET.Sdk\targets\Microsoft.NET.Sdk.targets (144,5)
       R├®assignation de propri├®t├®┬á: $(CoreBuildDependsOn)="
             _CheckForBuildWithNoBuild;
             
             BuildOnlySettings;
             PrepareForBuild;
             PreBuildEvent;
             ResolveReferences;
             PrepareResources;
             ResolveKeySource;
             Compile;
             ExportWindowsMDFile;
             UnmanagedUnregistration;
             GenerateSerializationAssemblies;
             CreateSatelliteAssemblies;
             GenerateManifests;
             GetTargetPath;
             PrepareForRun;
             UnmanagedRegistration;
             IncrementalClean;
             PostBuildEvent
           ;
             GenerateBuildDependencyFile;
             GenerateBuildRuntimeConfigurationFiles
           " (valeur pr├®c├®dente┬á: "
             BuildOnlySettings;
             PrepareForBuild;
             PreBuildEvent;
             ResolveReferences;
             PrepareResources;
             ResolveKeySource;
             Compile;
             ExportWindowsMDFile;
             UnmanagedUnregistration;
             GenerateSerializationAssemblies;
             CreateSatelliteAssemblies;
             GenerateManifests;
             GetTargetPath;
             PrepareForRun;
             UnmanagedRegistration;
             IncrementalClean;
             PostBuildEvent
           ") ├á C:\Program Files\dotnet\sdk\9.0.203\Sdks\Microsoft.NET.Sdk\targets\Microsoft.NET.Sdk.targets (201,5)
       R├®assignation de propri├®t├®┬á: $(CoreCleanDependsOn)="
             _SdkBeforeClean;
             
           " (valeur pr├®c├®dente┬á: "") ├á C:\Program Files\dotnet\sdk\9.0.203\Sdks\Microsoft.NET.Sdk\targets\Microsoft.NET.Sdk.targets (210,5)
       R├®assignation de propri├®t├®┬á: $(RebuildDependsOn)="
             _SdkBeforeRebuild;
             
             BeforeRebuild;
             Clean;
             Build;
             AfterRebuild;
           
           " (valeur pr├®c├®dente┬á: "
             BeforeRebuild;
             Clean;
             Build;
             AfterRebuild;
           ") ├á C:\Program Files\dotnet\sdk\9.0.203\Sdks\Microsoft.NET.Sdk\targets\Microsoft.NET.Sdk.targets (217,5)
       R├®assignation de propri├®t├®┬á: $(CompileDependsOn)="
             
             ResolveReferences;
             ResolveKeySource;
             SetWin32ManifestProperties;
             _SetPreferNativeArm64Win32ManifestProperties;
             FindReferenceAssembliesForReferences;
             _GenerateCompileInputs;
             BeforeCompile;
             _TimeStampBeforeCompile;
             _GenerateCompileDependencyCache;
             CoreCompile;
             _TimeStampAfterCompile;
             AfterCompile;
           ;
             _CreateAppHost;
             _CreateComHost;
             _GetIjwHostPaths;
           " (valeur pr├®c├®dente┬á: "
             ResolveReferences;
             ResolveKeySource;
             SetWin32ManifestProperties;
             _SetPreferNativeArm64Win32ManifestProperties;
             FindReferenceAssembliesForReferences;
             _GenerateCompileInputs;
             BeforeCompile;
             _TimeStampBeforeCompile;
             _GenerateCompileDependencyCache;
             CoreCompile;
             _TimeStampAfterCompile;
             AfterCompile;
           ") ├á C:\Program Files\dotnet\sdk\9.0.203\Sdks\Microsoft.NET.Sdk\targets\Microsoft.NET.Sdk.targets (784,5)
       R├®assignation de propri├®t├®┬á: $(CreateSatelliteAssembliesDependsOn)="
             
             ;
             _GenerateSatelliteAssemblyInputs;
             ComputeIntermediateSatelliteAssemblies;
             GenerateSatelliteAssemblies
           ;
             CoreGenerateSatelliteAssemblies
           " (valeur pr├®c├®dente┬á: "
             ;
             _GenerateSatelliteAssemblyInputs;
             ComputeIntermediateSatelliteAssemblies;
             GenerateSatelliteAssemblies
           ") ├á C:\Program Files\dotnet\sdk\9.0.203\Sdks\Microsoft.NET.Sdk\targets\Microsoft.NET.Sdk.targets (1184,5)
       R├®assignation de propri├®t├®┬á: $(SourceLinkUrlInitializerTargets)=";_InitializeGitHubSourceLinkUrl;_InitializeGitLabSourceLinkUrl" (valeur pr├®c├®dente┬á: ";_InitializeGitHubSourceLinkUrl") ├á C:\Program Files\dotnet\sdk\9.0.203\Sdks\Microsoft.SourceLink.GitLab\build\Microsoft.SourceLink.GitLab.targets (12,5)
       R├®assignation de propri├®t├®┬á: $(SourceControlManagerUrlTranslationTargets)=";TranslateGitHubUrlsInSourceControlInformation;TranslateGitLabUrlsInSourceControlInformation" (valeur pr├®c├®dente┬á: ";TranslateGitHubUrlsInSourceControlInformation") ├á C:\Program Files\dotnet\sdk\9.0.203\Sdks\Microsoft.SourceLink.GitLab\build\Microsoft.SourceLink.GitLab.targets (13,5)
       R├®assignation de propri├®t├®┬á: $(SourceLinkUrlInitializerTargets)=";_InitializeGitHubSourceLinkUrl;_InitializeGitLabSourceLinkUrl;_InitializeAzureReposGitSourceLinkUrl" (valeur pr├®c├®dente┬á: ";_InitializeGitHubSourceLinkUrl;_InitializeGitLabSourceLinkUrl") ├á C:\Program Files\dotnet\sdk\9.0.203\Sdks\Microsoft.SourceLink.AzureRepos.Git\build\Microsoft.SourceLink.AzureRepos.Git.targets (12,5)
       R├®assignation de propri├®t├®┬á: $(SourceControlManagerUrlTranslationTargets)=";TranslateGitHubUrlsInSourceControlInformation;TranslateGitLabUrlsInSourceControlInformation;TranslateAzureReposGitUrlsInSourceControlInformation" (valeur pr├®c├®dente┬á: ";TranslateGitHubUrlsInSourceControlInformation;TranslateGitLabUrlsInSourceControlInformation") ├á C:\Program Files\dotnet\sdk\9.0.203\Sdks\Microsoft.SourceLink.AzureRepos.Git\build\Microsoft.SourceLink.AzureRepos.Git.targets (13,5)
       R├®assignation de propri├®t├®┬á: $(SourceLinkUrlInitializerTargets)=";_InitializeGitHubSourceLinkUrl;_InitializeGitLabSourceLinkUrl;_InitializeAzureReposGitSourceLinkUrl;_InitializeBitbucketGitSourceLinkUrl" (valeur pr├®c├®dente┬á: ";_InitializeGitHubSourceLinkUrl;_InitializeGitLabSourceLinkUrl;_InitializeAzureReposGitSourceLinkUrl") ├á C:\Program Files\dotnet\sdk\9.0.203\Sdks\Microsoft.SourceLink.Bitbucket.Git\build\Microsoft.SourceLink.Bitbucket.Git.targets (12,5)
       R├®assignation de propri├®t├®┬á: $(SourceControlManagerUrlTranslationTargets)=";TranslateGitHubUrlsInSourceControlInformation;TranslateGitLabUrlsInSourceControlInformation;TranslateAzureReposGitUrlsInSourceControlInformation;TranslateBitbucketGitUrlsInSourceControlInformation" (valeur pr├®c├®dente┬á: ";TranslateGitHubUrlsInSourceControlInformation;TranslateGitLabUrlsInSourceControlInformation;TranslateAzureReposGitUrlsInSourceControlInformation") ├á C:\Program Files\dotnet\sdk\9.0.203\Sdks\Microsoft.SourceLink.Bitbucket.Git\build\Microsoft.SourceLink.Bitbucket.Git.targets (13,5)
       R├®assignation de propri├®t├®┬á: $(DesignerRuntimeImplementationProjectOutputGroupDependsOn)="
             
             ;
             
             ;
             BuildOnlySettings;
             PrepareForBuild;
             AssignTargetPaths;
             ResolveReferences
           
           ;
             _GenerateDesignerDepsFile;
             _GenerateDesignerRuntimeConfigFile;
             GetCopyToOutputDirectoryItems;
             _GatherDesignerShadowCopyFiles;
           " (valeur pr├®c├®dente┬á: "
             ;
             
             ;
             BuildOnlySettings;
             PrepareForBuild;
             AssignTargetPaths;
             ResolveReferences
           
           ") ├á C:\Program Files\dotnet\sdk\9.0.203\Sdks\Microsoft.NET.Sdk\targets\Microsoft.NET.DesignerSupport.targets (21,5)
       R├®assignation de propri├®t├®┬á: $(_GenerateToolsSettingsFileCacheFile)="D:\www\SqlParserLight\obj\Debug\net8.0\SqlParserLib.toolssettingsinput.cache" (valeur pr├®c├®dente┬á: "obj\Debug\net8.0\SqlParserLib.toolssettingsinput.cache") ├á C:\Program Files\dotnet\sdk\9.0.203\Sdks\Microsoft.NET.Sdk\targets\Microsoft.NET.PackTool.targets (68,5)
       R├®assignation de propri├®t├®┬á: $(_ShimInputCacheFile)="D:\www\SqlParserLight\obj\Debug\net8.0\SqlParserLib.shiminput.cache" (valeur pr├®c├®dente┬á: "obj\Debug\net8.0\SqlParserLib.shiminput.cache") ├á C:\Program Files\dotnet\sdk\9.0.203\Sdks\Microsoft.NET.Sdk\targets\Microsoft.NET.PackTool.targets (137,5)
       R├®assignation de propri├®t├®┬á: $(_ShimCreatedSentinelFile)="D:\www\SqlParserLight\obj\Debug\net8.0\SqlParserLib.shimcreated.sentinel" (valeur pr├®c├®dente┬á: "obj\Debug\net8.0\SqlParserLib.shimcreated.sentinel") ├á C:\Program Files\dotnet\sdk\9.0.203\Sdks\Microsoft.NET.Sdk\targets\Microsoft.NET.PackTool.targets (139,5)
       R├®assignation de propri├®t├®┬á: $(DefineConstants)="TRACE;DEBUG" (valeur pr├®c├®dente┬á: "TRACE") ├á C:\Program Files\dotnet\sdk\9.0.203\Sdks\Microsoft.NET.Sdk\targets\Microsoft.NET.Sdk.CSharp.targets (31,5)
       R├®assignation de propri├®t├®┬á: $(DefineConstants)="TRACE;DEBUG;NET;NET8_0;NETCOREAPP" (valeur pr├®c├®dente┬á: "TRACE;DEBUG") ├á C:\Program Files\dotnet\sdk\9.0.203\Sdks\Microsoft.NET.Sdk\targets\Microsoft.NET.Sdk.CSharp.targets (34,5)
       R├®assignation de propri├®t├®┬á: $(WarningsAsErrors)=";NU1605;SYSLIB0011" (valeur pr├®c├®dente┬á: ";NU1605") ├á C:\Program Files\dotnet\sdk\9.0.203\Sdks\Microsoft.NET.Sdk\targets\Microsoft.NET.Sdk.CSharp.targets (48,5)
       R├®assignation de propri├®t├®┬á: $(PackageDescription)="Package Description" (valeur pr├®c├®dente┬á: "") ├á C:\Program Files\dotnet\sdk\9.0.203\Sdks\NuGet.Build.Tasks.Pack\build\NuGet.Build.Tasks.Pack.targets (34,5)
       R├®assignation de propri├®t├®┬á: $(GenerateNuspecDependsOn)="Build;_LoadPackInputItems; _GetTargetFrameworksOutput; _WalkEachTargetPerFramework; _GetPackageFiles; " (valeur pr├®c├®dente┬á: "_LoadPackInputItems; _GetTargetFrameworksOutput; _WalkEachTargetPerFramework; _GetPackageFiles; ") ├á C:\Program Files\dotnet\sdk\9.0.203\Sdks\NuGet.Build.Tasks.Pack\build\NuGet.Build.Tasks.Pack.targets (59,5)
       R├®assignation de propri├®t├®┬á: $(_IsNotSetContainersTargetsDir)="true" (valeur pr├®c├®dente┬á: "false") ├á C:\Program Files\dotnet\sdk\9.0.203\Sdks\Microsoft.NET.Sdk\Sdk\Sdk.targets (60,5)
       R├®assignation de propri├®t├®┬á: $(_IsSDKContainerAllowedVersion)="true" (valeur pr├®c├®dente┬á: "false") ├á C:\Program Files\dotnet\sdk\9.0.203\Containers\build\Microsoft.NET.Build.Containers.targets (5,5)
       R├®assignation de propri├®t├®┬á: $(_ContainerIsTargetingNet8TFM)="true" (valeur pr├®c├®dente┬á: "false") ├á C:\Program Files\dotnet\sdk\9.0.203\Containers\build\Microsoft.NET.Build.Containers.targets (15,5)
       Remplacement de la cible "ResolveFrameworkReferences" du projet "C:\Program Files\dotnet\sdk\9.0.203\Microsoft.Common.CurrentVersion.targets" par la cible "ResolveFrameworkReferences" du projet "C:\Program Files\dotnet\sdk\9.0.203\Sdks\Microsoft.NET.Sdk\targets\Microsoft.NET.Sdk.FrameworkReferenceResolution.targets".
       Remplacement de la cible "Run" du projet "C:\Program Files\dotnet\sdk\9.0.203\Microsoft.Common.CurrentVersion.targets" par la cible "Run" du projet "C:\Program Files\dotnet\sdk\9.0.203\Sdks\Microsoft.NET.Sdk\targets\Microsoft.NET.Sdk.targets".
       Remplacement de la cible "GenerateSupportedTargetFrameworkAlias" du projet "C:\Program Files\dotnet\sdk\9.0.203\Microsoft.Common.CurrentVersion.targets" par la cible "GenerateSupportedTargetFrameworkAlias" du projet "C:\Program Files\dotnet\sdk\9.0.203\Sdks\Microsoft.NET.Sdk\targets\Microsoft.NET.Sdk.targets".
       Remplacement de la cible "GetReferenceAssemblyPaths" du projet "C:\Program Files\dotnet\sdk\9.0.203\Microsoft.Common.CurrentVersion.targets" par la cible "GetReferenceAssemblyPaths" du projet "C:\Program Files\dotnet\sdk\9.0.203\Sdks\Microsoft.NET.Sdk\targets\Microsoft.NET.DisableStandardFrameworkResolution.targets".
       Remplacement de la cible "GetFrameworkPaths" du projet "C:\Program Files\dotnet\sdk\9.0.203\Microsoft.Common.CurrentVersion.targets" par la cible "GetFrameworkPaths" du projet "C:\Program Files\dotnet\sdk\9.0.203\Sdks\Microsoft.NET.Sdk\targets\Microsoft.NET.DisableStandardFrameworkResolution.targets".
       Remplacement de la cible "DesignerRuntimeImplementationProjectOutputGroup" du projet "C:\Program Files\dotnet\sdk\9.0.203\Microsoft.Common.CurrentVersion.targets" par la cible "DesignerRuntimeImplementationProjectOutputGroup" du projet "C:\Program Files\dotnet\sdk\9.0.203\Sdks\Microsoft.NET.Sdk\targets\Microsoft.NET.DesignerSupport.targets".
       Remplacement de la cible "Publish" du projet "C:\Program Files\dotnet\sdk\9.0.203\Microsoft.Common.CurrentVersion.targets" par la cible "Publish" du projet "C:\Program Files\dotnet\sdk\9.0.203\Sdks\Microsoft.NET.Sdk\targets\Microsoft.NET.Publish.targets".
       Remplacement de la cible "ResolveReadyToRunCompilers" du projet "C:\Program Files\dotnet\sdk\9.0.203\Sdks\Microsoft.NET.Sdk\targets\Microsoft.NET.CrossGen.targets" par la cible "ResolveReadyToRunCompilers" du projet "C:\Program Files\dotnet\sdk\9.0.203\Sdks\Microsoft.NET.Sdk\targets\Microsoft.NET.Publish.targets".
       Remplacement de la cible "GetCopyToPublishDirectoryItems" du projet "C:\Program Files\dotnet\sdk\9.0.203\Microsoft.Common.CurrentVersion.targets" par la cible "GetCopyToPublishDirectoryItems" du projet "C:\Program Files\dotnet\sdk\9.0.203\Sdks\Microsoft.NET.Sdk\targets\Microsoft.NET.Publish.targets".
   1:2>Le projet "D:\www\SqlParserLight\SqlParserLight.sln" (1:2) g├®n├¿re "D:\www\SqlParserLight\SqlParserLib.csproj" (2:6) sur le n┼ôud 1 (cibles par d├®faut).
   2:6>Cible "_CheckForUnsupportedTargetFramework" ignor├®e en raison d'une fausse condition┬á; ('$(_UnsupportedTargetFrameworkError)' == 'true') a ├®t├® ├®valu├®e comme ('' == 'true').
   2:6>Cible "_CollectTargetFrameworkForTelemetry" dans le fichier "C:\Program Files\dotnet\sdk\9.0.203\Sdks\Microsoft.NET.Sdk\targets\Microsoft.NET.TargetFrameworkInference.targets" du projet "D:\www\SqlParserLight\SqlParserLib.csproj" (la cible "_CheckForInvalidConfigurationAndPlatform" en d├®pend)┬á:
       Utilisation de la t├óche "AllowEmptyTelemetry" ├á partir de l'assembly "C:\Program Files\dotnet\sdk\9.0.203\Sdks\Microsoft.NET.Sdk\targets\..\tools\net9.0\Microsoft.NET.Build.Tasks.dll".
       T├óche "AllowEmptyTelemetry"
       Ex├®cution de la t├óche "AllowEmptyTelemetry" termin├®e.
   2:6>G├®n├®ration de la cible "_CollectTargetFrameworkForTelemetry" termin├®e dans le projet "SqlParserLib.csproj".
       Cible "_CheckForUnsupportedTargetPlatformIdentifier" ignor├®e en raison d'une fausse condition┬á; ('$(TargetPlatformIdentifier)' != '' and '$(TargetFrameworkIdentifier)' == '.NETCoreApp' and $([MSBuild]::VersionGreaterThanOrEquals($(TargetFrameworkVersion), 5.0)) And ('$(DesignTimeBuild)' != 'true' Or '@(MissingWorkloadPack)' == '')) a ├®t├® ├®valu├®e comme ('' != '' and '.NETCoreApp' == '.NETCoreApp' and True And ('' != 'true' Or '' == '')).
       Cible "_CheckForMissingWorkload" ignor├®e en raison d'une fausse condition┬á; ('@(MissingWorkloadPack)' != '' And '$(DesignTimeBuild)' != 'true') a ├®t├® ├®valu├®e comme ('' != '' And '' != 'true').
   2:6>Cible "_CheckForUnsupportedNETCoreVersion" dans le fichier "C:\Program Files\dotnet\sdk\9.0.203\Sdks\Microsoft.NET.Sdk\targets\Microsoft.NET.TargetFrameworkInference.targets" du projet "D:\www\SqlParserLight\SqlParserLib.csproj" (la cible "_CheckForInvalidConfigurationAndPlatform" en d├®pend)┬á:
       T├óche "NETSdkError" ignor├®e en raison d'une fausse condition┬á; ('$(_TargetFrameworkVersionWithoutV)' > '$(NETCoreAppMaximumVersion)' and '$(DisplayVSMessage)' != 'true') a ├®t├® ├®valu├®e comme ('8.0' > '9.0' and '' != 'true').
       T├óche "NETSdkError" ignor├®e en raison d'une fausse condition┬á; ('$(DisplayVSMessage)' == 'true') a ├®t├® ├®valu├®e comme ('' == 'true').
   2:6>G├®n├®ration de la cible "_CheckForUnsupportedNETCoreVersion" termin├®e dans le projet "SqlParserLib.csproj".
       Cible "_CheckForEolTargetFrameworks" ignor├®e en raison d'une fausse condition┬á; ('@(_EolNetCoreTargetFrameworkVersions->AnyHaveMetadataValue('Identity', '$(_TargetFrameworkVersionWithoutV)'))' and '$(TargetFrameworkIdentifier)' == '.NETCoreApp' and '$(CheckEolTargetFramework)' == 'true') a ├®t├® ├®valu├®e comme ('false' and '.NETCoreApp' == '.NETCoreApp' and 'true' == 'true').
       Cible "_CheckForEolWorkloads" ignor├®e en raison d'une fausse condition┬á; ('@(EolWorkload)' != '' and '$(CheckEolWorkloads)' == 'true') a ├®t├® ├®valu├®e comme ('' != '' and 'true' == 'true').
       Cible "_CheckForNotRecommendedNETStandardVersion" ignor├®e en raison d'une fausse condition┬á; ('$(TargetFrameworkIdentifier)' == '.NETStandard' and $([MSBuild]::VersionLessThan($(TargetFrameworkVersion), '2.0'))) a ├®t├® ├®valu├®e comme ('.NETCoreApp' == '.NETStandard' and False).
   2:6>Cible "_CheckForUnsupportedCppNETCoreVersion" dans le fichier "C:\Program Files\dotnet\sdk\9.0.203\Sdks\Microsoft.NET.Sdk\targets\Microsoft.NET.TargetFrameworkInference.targets" du projet "D:\www\SqlParserLight\SqlParserLib.csproj" (la cible "_CheckForInvalidConfigurationAndPlatform" en d├®pend)┬á:
       T├óche "NETSdkError" ignor├®e en raison d'une fausse condition┬á; ('$(TargetFrameworkIdentifier)' == '.NETCoreApp' and '$(_TargetFrameworkVersionWithoutV)' < '3.1' and ('$(Language)' == 'C++' and '$(_EnablePackageReferencesInVCProjects)' != 'true')) a ├®t├® ├®valu├®e comme ('.NETCoreApp' == '.NETCoreApp' and '8.0' < '3.1' and ('C#' == 'C++' and '' != 'true')).
   2:6>G├®n├®ration de la cible "_CheckForUnsupportedCppNETCoreVersion" termin├®e dans le projet "SqlParserLib.csproj".
       Cible "_CheckForUnsupportedNETStandardVersion" ignor├®e en raison d'une fausse condition┬á; ('$(TargetFrameworkIdentifier)' == '.NETStandard' And '$(NETStandardMaximumVersion)' != '') a ├®t├® ├®valu├®e comme ('.NETCoreApp' == '.NETStandard' And '' != '').
       Cible "_CheckForUnsupportedTargetFrameworkAndFeatureCombination" ignor├®e en raison d'une fausse condition┬á; ('$(TargetFrameworkIdentifier)' == '.NETFramework') a ├®t├® ├®valu├®e comme ('.NETCoreApp' == '.NETFramework').
       Cible "_CheckForSupportedOSPlatformVersionHigherThanTargetPlatformVersion" ignor├®e en raison d'une fausse condition┬á; ('$(TargetPlatformVersion)' != '' and '$(TargetFrameworkIdentifier)' == '.NETCoreApp' and $([MSBuild]::VersionGreaterThanOrEquals($(TargetFrameworkVersion), 5.0))) a ├®t├® ├®valu├®e comme ('' != '' and '.NETCoreApp' == '.NETCoreApp' and True).
       Cible "_CheckForInvalidTargetPlatformVersion" ignor├®e en raison d'une fausse condition┬á; ('$(TargetPlatformVersion)' != '' and '$(TargetFrameworkIdentifier)' == '.NETCoreApp' and $([MSBuild]::VersionGreaterThanOrEquals($(TargetFrameworkVersion), 5.0)) and ('$(Language)' != 'C++' or '$(_EnablePackageReferencesInVCProjects)' == 'true')) a ├®t├® ├®valu├®e comme ('' != '' and '.NETCoreApp' == '.NETCoreApp' and True and ('C#' != 'C++' or '' == 'true')).
   2:6>Cible "_CheckForUnsupportedArtifactsPath" dans le fichier "C:\Program Files\dotnet\sdk\9.0.203\Sdks\Microsoft.NET.Sdk\targets\Microsoft.NET.DefaultOutputPaths.targets" du projet "D:\www\SqlParserLight\SqlParserLib.csproj" (la cible "_CheckForInvalidConfigurationAndPlatform" en d├®pend)┬á:
       T├óche "NetSdkError" ignor├®e en raison d'une fausse condition┬á; ('$(UseArtifactsOutput)' == 'true' and '$(_ArtifactsPathSetEarly)' != 'true') a ├®t├® ├®valu├®e comme ('' == 'true' and '' != 'true').
       T├óche "NetSdkError" ignor├®e en raison d'une fausse condition┬á; ('$(_ArtifactsPathLocationType)' == 'ProjectFolder') a ├®t├® ├®valu├®e comme ('' == 'ProjectFolder').
   2:6>G├®n├®ration de la cible "_CheckForUnsupportedArtifactsPath" termin├®e dans le projet "SqlParserLib.csproj".
       Cible "_CheckForMissingWorkload" ignor├®e en raison d'une fausse condition┬á; ('@(MissingWorkloadPack)' != '' And '$(DesignTimeBuild)' != 'true') a ├®t├® ├®valu├®e comme ('' != '' And '' != 'true').
   2:6>Cible "_CheckForUnsupportedAppHostUsage" dans le fichier "C:\Program Files\dotnet\sdk\9.0.203\Sdks\Microsoft.NET.Sdk\targets\Microsoft.NET.RuntimeIdentifierInference.targets" du projet "D:\www\SqlParserLight\SqlParserLib.csproj" (la cible "_CheckForInvalidConfigurationAndPlatform" en d├®pend)┬á:
       T├óche "NETSdkError" ignor├®e en raison d'une fausse condition┬á; ('$(SelfContained)' == 'true' and '$(RuntimeIdentifier)' == '' and '$(AllowSelfContainedWithoutRuntimeIdentifier)' != 'true') a ├®t├® ├®valu├®e comme ('false' == 'true' and '' == '' and '' != 'true').
       T├óche "NETSdkError" ignor├®e en raison d'une fausse condition┬á; ('$(PublishReadyToRun)' == 'true' and '$(RuntimeIdentifier)' == '' and '$(_IsPublishing)' == 'true') a ├®t├® ├®valu├®e comme ('' == 'true' and '' == '' and '' == 'true').
       T├óche "NETSdkError" ignor├®e en raison d'une fausse condition┬á; ('$(PublishSingleFile)' == 'true' and '$(RuntimeIdentifier)' == '' and '$(_IsPublishing)' == 'true') a ├®t├® ├®valu├®e comme ('' == 'true' and '' == '' and '' == 'true').
       T├óche "NETSdkError" ignor├®e en raison d'une fausse condition┬á; ('$(PublishAot)' == 'true' and '$(RuntimeIdentifier)' == '' and '$(_IsPublishing)' == 'true' and '$(AllowPublishAotWithoutRuntimeIdentifier)' != 'true') a ├®t├® ├®valu├®e comme ('' == 'true' and '' == '' and '' == 'true' and '' != 'true').
       T├óche "NETSdkError" ignor├®e en raison d'une fausse condition┬á; ('$(PublishSelfContained)' != 'true' and '$(PublishSelfContained)' != 'false' and '$(PublishSelfContained)' != '') a ├®t├® ├®valu├®e comme ('' != 'true' and '' != 'false' and '' != '').
       T├óche "NETSdkError" ignor├®e en raison d'une fausse condition┬á; ('$(SelfContained)' == 'true' and '$(UseAppHost)' != 'true' and '$(_RuntimeIdentifierUsesAppHost)' == 'true') a ├®t├® ├®valu├®e comme ('false' == 'true' and 'true' != 'true' and 'true' == 'true').
       T├óche "NETSdkError" ignor├®e en raison d'une fausse condition┬á; ('$(SelfContained)' != 'true' and '$(UseAppHost)' == 'true' and '$(_TargetFrameworkVersionWithoutV)' < '2.1') a ├®t├® ├®valu├®e comme ('false' != 'true' and 'true' == 'true' and '8.0' < '2.1').
       T├óche "NETSdkError" ignor├®e en raison d'une fausse condition┬á; ('$(PublishSingleFile)' == 'true' and '$(_TargetFrameworkVersionWithoutV)' < '3.0') a ├®t├® ├®valu├®e comme ('' == 'true' and '8.0' < '3.0').
       T├óche "NETSdkWarning" ignor├®e en raison d'une fausse condition┬á; ('$(PublishReadyToRun)' == 'true' and '$(_TargetFrameworkVersionWithoutV)' < '3.0') a ├®t├® ├®valu├®e comme ('' == 'true' and '8.0' < '3.0').
       T├óche "NETSdkWarning" ignor├®e en raison d'une fausse condition┬á; ('$(RuntimeIdentifier)' != '' and '$(_TargetFrameworkVersionWithoutV)' != '' and $([MSBuild]::VersionLessThan($(_TargetFrameworkVersionWithoutV), '8.0')) and '$(_SelfContainedWasSpecified)' != 'true') a ├®t├® ├®valu├®e comme ('' != '' and '8.0' != '' and False and '' != 'true').
       T├óche "NetSdkError" ignor├®e en raison d'une fausse condition┬á; (('$(UseWindowsForms)' == 'true') and ('$(PublishTrimmed)' == 'true') and ('$(_SuppressWinFormsTrimError)' != 'true')) a ├®t├® ├®valu├®e comme (('' == 'true') and ('' == 'true') and ('' != 'true')).
       T├óche "NetSdkError" ignor├®e en raison d'une fausse condition┬á; (('$(UseWpf)' == 'true') and ('$(PublishTrimmed)' == 'true') and ('$(_SuppressWpfTrimError)' != 'true')) a ├®t├® ├®valu├®e comme (('' == 'true') and ('' == 'true') and ('' != 'true')).
   2:6>G├®n├®ration de la cible "_CheckForUnsupportedAppHostUsage" termin├®e dans le projet "SqlParserLib.csproj".
   2:6>Cible "_CheckForUnsupportedHostingUsage" dans le fichier "C:\Program Files\dotnet\sdk\9.0.203\Sdks\Microsoft.NET.Sdk\targets\Microsoft.NET.RuntimeIdentifierInference.targets" du projet "D:\www\SqlParserLight\SqlParserLib.csproj" (la cible "_CheckForInvalidConfigurationAndPlatform" en d├®pend)┬á:
       T├óche "NETSdkWarning" ignor├®e en raison d'une fausse condition┬á; ('$(SelfContained)' == 'true' and '$(EnableComHosting)' == 'true') a ├®t├® ├®valu├®e comme ('false' == 'true' and '' == 'true').
   2:6>G├®n├®ration de la cible "_CheckForUnsupportedHostingUsage" termin├®e dans le projet "SqlParserLib.csproj".
   2:6>Cible "_CheckAndUnsetUnsupportedPrefer32Bit" dans le fichier "C:\Program Files\dotnet\sdk\9.0.203\Sdks\Microsoft.NET.Sdk\targets\Microsoft.NET.RuntimeIdentifierInference.targets" du projet "D:\www\SqlParserLight\SqlParserLib.csproj" (la cible "_CheckForInvalidConfigurationAndPlatform" en d├®pend)┬á:
       T├óche "NETSdkWarning" ignor├®e en raison d'une fausse condition┬á; ('$(Prefer32Bit)' == 'true') a ├®t├® ├®valu├®e comme ('false' == 'true').
   2:6>G├®n├®ration de la cible "_CheckAndUnsetUnsupportedPrefer32Bit" termin├®e dans le projet "SqlParserLib.csproj".
       Cible "_CheckAndUnsetUnsupportedPreferNativeArm64" ignor├®e en raison d'une fausse condition┬á; ('$(TargetFrameworkIdentifier)' == '.NETCoreApp' and '$(PreferNativeArm64)' == 'true') a ├®t├® ├®valu├®e comme ('.NETCoreApp' == '.NETCoreApp' and 'false' == 'true').
       Cible "_CheckForMismatchingPlatform" ignor├®e en raison d'une fausse condition┬á; ('$(RuntimeIdentifier)' != '' and '$(PlatformTarget)' != '') a ├®t├® ├®valu├®e comme ('' != '' and '' != '').
   2:6>Cible "_CheckForLanguageAndFeatureCombinationSupport" dans le fichier "C:\Program Files\dotnet\sdk\9.0.203\Sdks\Microsoft.NET.Sdk\targets\Microsoft.NET.RuntimeIdentifierInference.targets" du projet "D:\www\SqlParserLight\SqlParserLib.csproj" (la cible "_CheckForInvalidConfigurationAndPlatform" en d├®pend)┬á:
       T├óche "NETSdkError" ignor├®e en raison d'une fausse condition┬á; (('$(Language)' == 'C++' and '$(_EnablePackageReferencesInVCProjects)' != 'true') and $(OutputType) != 'library' and '$(TargetFrameworkIdentifier)' == '.NETCoreApp') a ├®t├® ├®valu├®e comme (('C#' == 'C++' and '' != 'true') and Exe != 'library' and '.NETCoreApp' == '.NETCoreApp').
       T├óche "NETSdkError" ignor├®e en raison d'une fausse condition┬á; (('$(Language)' == 'C++' and '$(_EnablePackageReferencesInVCProjects)' != 'true') and $(EnableComHosting) == 'true') a ├®t├® ├®valu├®e comme (('C#' == 'C++' and '' != 'true') and  == 'true').
       T├óche "NETSdkError" ignor├®e en raison d'une fausse condition┬á; (('$(Language)' == 'C++' and '$(_EnablePackageReferencesInVCProjects)' != 'true') and $(SelfContained) == 'true') a ├®t├® ├®valu├®e comme (('C#' == 'C++' and '' != 'true') and false == 'true').
   2:6>G├®n├®ration de la cible "_CheckForLanguageAndFeatureCombinationSupport" termin├®e dans le projet "SqlParserLib.csproj".
       Cible "_CheckForNETCoreSdkIsPreview" ignor├®e en raison d'une fausse condition┬á; ( '$(_NETCoreSdkIsPreview)' == 'true' AND '$(SuppressNETCoreSdkPreviewMessage)' != 'true' ) a ├®t├® ├®valu├®e comme ( 'false' == 'true' AND '' != 'true' ).
   2:6>Cible "_GetProjectJsonPath" dans le fichier "C:\Program Files\dotnet\sdk\9.0.203\NuGet.targets" du projet "D:\www\SqlParserLight\SqlParserLib.csproj" (la cible "_GetRestoreProjectStyle" en d├®pend)┬á:
       T├óche "GetRestoreProjectJsonPathTask" ignor├®e en raison d'une fausse condition┬á; ( '$(RestoreProjectStyle)' == 'ProjectJson' OR '$(RestoreProjectStyle)' == '' ) a ├®t├® ├®valu├®e comme ( 'PackageReference' == 'ProjectJson' OR 'PackageReference' == '' ).
   2:6>G├®n├®ration de la cible "_GetProjectJsonPath" termin├®e dans le projet "SqlParserLib.csproj".
       Cible "_CheckForUnsupportedTargetPlatformIdentifier" ignor├®e en raison d'une fausse condition┬á; ('$(TargetPlatformIdentifier)' != '' and '$(TargetFrameworkIdentifier)' == '.NETCoreApp' and $([MSBuild]::VersionGreaterThanOrEquals($(TargetFrameworkVersion), 5.0)) And ('$(DesignTimeBuild)' != 'true' Or '@(MissingWorkloadPack)' == '')) a ├®t├® ├®valu├®e comme ('' != '' and '.NETCoreApp' == '.NETCoreApp' and True And ('' != 'true' Or '' == '')).
       Cible "_CheckForMissingWorkload" ignor├®e en raison d'une fausse condition┬á; ('@(MissingWorkloadPack)' != '' And '$(DesignTimeBuild)' != 'true') a ├®t├® ├®valu├®e comme ('' != '' And '' != 'true').
       Cible "_CheckForNotRecommendedNETStandardVersion" ignor├®e en raison d'une fausse condition┬á; ('$(TargetFrameworkIdentifier)' == '.NETStandard' and $([MSBuild]::VersionLessThan($(TargetFrameworkVersion), '2.0'))) a ├®t├® ├®valu├®e comme ('.NETCoreApp' == '.NETStandard' and False).
       Cible "_CheckForUnsupportedNETStandardVersion" ignor├®e en raison d'une fausse condition┬á; ('$(TargetFrameworkIdentifier)' == '.NETStandard' And '$(NETStandardMaximumVersion)' != '') a ├®t├® ├®valu├®e comme ('.NETCoreApp' == '.NETStandard' And '' != '').
       Cible "_CheckForUnsupportedTargetFrameworkAndFeatureCombination" ignor├®e en raison d'une fausse condition┬á; ('$(TargetFrameworkIdentifier)' == '.NETFramework') a ├®t├® ├®valu├®e comme ('.NETCoreApp' == '.NETFramework').
   2:6>Cible "UpdateAspNetToFrameworkReference" dans le fichier "C:\Program Files\dotnet\sdk\9.0.203\Sdks\Microsoft.NET.Sdk\targets\Microsoft.NET.Sdk.DefaultItems.Shared.targets" du projet "D:\www\SqlParserLight\SqlParserLib.csproj" (la cible "ApplyImplicitVersions" en d├®pend)┬á:
       Utilisation de la t├óche "CheckIfPackageReferenceShouldBeFrameworkReference" ├á partir de l'assembly "C:\Program Files\dotnet\sdk\9.0.203\Sdks\Microsoft.NET.Sdk\targets\..\tools\net9.0\Microsoft.NET.Build.Tasks.dll".
       T├óche "CheckIfPackageReferenceShouldBeFrameworkReference"
       Ex├®cution de la t├óche "CheckIfPackageReferenceShouldBeFrameworkReference" termin├®e.
       T├óche "NETSdkError" ignor├®e en raison d'une fausse condition┬á; ('$(_ShouldRemoveAspNetCoreAll)' == 'true') a ├®t├® ├®valu├®e comme ('False' == 'true').
       T├óche "CheckIfPackageReferenceShouldBeFrameworkReference"
       Ex├®cution de la t├óche "CheckIfPackageReferenceShouldBeFrameworkReference" termin├®e.
       T├óche "NETSdkWarning" ignor├®e en raison d'une fausse condition┬á; ('$(_ShouldRemoveAspNetCoreApp)' == 'true') a ├®t├® ├®valu├®e comme ('False' == 'true').
   2:6>G├®n├®ration de la cible "UpdateAspNetToFrameworkReference" termin├®e dans le projet "SqlParserLib.csproj".
       Cible "IncludeTargetingPackReference" ignor├®e en raison d'une fausse condition┬á; ('$(TargetFrameworkMoniker)' != '' and '$(TargetFrameworkIdentifier)' == '.NETFramework' and '$(AutomaticallyUseReferenceAssemblyPackages)' == 'true') a ├®t├® ├®valu├®e comme ('.NETCoreApp,Version=v8.0' != '' and '.NETCoreApp' == '.NETFramework' and 'true' == 'true').
   2:6>Cible "CheckForImplicitPackageReferenceOverrides" dans le fichier "C:\Program Files\dotnet\sdk\9.0.203\Sdks\Microsoft.NET.Sdk\targets\Microsoft.NET.Sdk.DefaultItems.Shared.targets" du projet "D:\www\SqlParserLight\SqlParserLib.csproj" (la cible "ApplyImplicitVersions" en d├®pend)┬á:
       Utilisation de la t├óche "CheckForImplicitPackageReferenceOverrides" ├á partir de l'assembly "C:\Program Files\dotnet\sdk\9.0.203\Sdks\Microsoft.NET.Sdk\targets\..\tools\net9.0\Microsoft.NET.Build.Tasks.dll".
       T├óche "CheckForImplicitPackageReferenceOverrides"
       Ex├®cution de la t├óche "CheckForImplicitPackageReferenceOverrides" termin├®e.
   2:6>G├®n├®ration de la cible "CheckForImplicitPackageReferenceOverrides" termin├®e dans le projet "SqlParserLib.csproj".
   2:6>Cible "ApplyImplicitVersions" dans le fichier "C:\Program Files\dotnet\sdk\9.0.203\Sdks\Microsoft.NET.Sdk\targets\Microsoft.NET.Sdk.DefaultItems.Shared.targets" du projet "D:\www\SqlParserLight\SqlParserLib.csproj" (la cible "CollectPackageReferences" en d├®pend)┬á:
       Utilisation de la t├óche "ApplyImplicitVersions" ├á partir de l'assembly "C:\Program Files\dotnet\sdk\9.0.203\Sdks\Microsoft.NET.Sdk\targets\..\tools\net9.0\Microsoft.NET.Build.Tasks.dll".
       T├óche "ApplyImplicitVersions"
       Ex├®cution de la t├óche "ApplyImplicitVersions" termin├®e.
   2:6>G├®n├®ration de la cible "ApplyImplicitVersions" termin├®e dans le projet "SqlParserLib.csproj".
       Cible "CheckForImplicitPackageReferenceOverrides" ignor├®e. Elle a ├®t├® g├®n├®r├®e.
       Cible "AddWindowsSdkKnownFrameworkReferences" ignor├®e en raison d'une fausse condition┬á; ('$(TargetFrameworkIdentifier)' == '.NETCoreApp' And '$(TargetPlatformIdentifier)' == 'Windows'
                            And ('$(Language)' != 'C++' Or '$(IncludeWindowsSDKRefFrameworkReferences)' == 'true')) a ├®t├® ├®valu├®e comme ('.NETCoreApp' == '.NETCoreApp' And '' == 'Windows'
                            And ('C#' != 'C++' Or '' == 'true')).
       Cible "_NormalizeTargetPlatformVersion" ignor├®e en raison d'une fausse condition┬á; ('$(TargetPlatformVersion)' != '' and '$(TargetFrameworkIdentifier)' == '.NETCoreApp' and $([MSBuild]::VersionGreaterThanOrEquals($(TargetFrameworkVersion), 5.0)) and ('$(Language)' != 'C++' or '$(_EnablePackageReferencesInVCProjects)' == 'true')) a ├®t├® ├®valu├®e comme ('' != '' and '.NETCoreApp' == '.NETCoreApp' and True and ('C#' != 'C++' or '' == 'true')).
   2:6>Cible "_ComputeToolPackInputsToProcessFrameworkReferences" dans le fichier "C:\Program Files\dotnet\sdk\9.0.203\Sdks\Microsoft.NET.Sdk\targets\Microsoft.NET.Publish.targets" du projet "D:\www\SqlParserLight\SqlParserLib.csproj" (la cible "ProcessFrameworkReferences" en d├®pend)┬á:
   2:6>G├®n├®ration de la cible "_ComputeToolPackInputsToProcessFrameworkReferences" termin├®e dans le projet "SqlParserLib.csproj".
   2:6>Cible "ProcessFrameworkReferences" dans le fichier "C:\Program Files\dotnet\sdk\9.0.203\Sdks\Microsoft.NET.Sdk\targets\Microsoft.NET.Sdk.FrameworkReferenceResolution.targets" du projet "D:\www\SqlParserLight\SqlParserLib.csproj" (la cible "CollectPackageReferences" en d├®pend)┬á:
       Utilisation de la t├óche "CheckForDuplicateFrameworkReferences" ├á partir de l'assembly "C:\Program Files\dotnet\sdk\9.0.203\Sdks\Microsoft.NET.Sdk\targets\..\tools\net9.0\Microsoft.NET.Build.Tasks.dll".
       T├óche "CheckForDuplicateFrameworkReferences"
       Ex├®cution de la t├óche "CheckForDuplicateFrameworkReferences" termin├®e.
       Utilisation de la t├óche "ProcessFrameworkReferences" ├á partir de l'assembly "C:\Program Files\dotnet\sdk\9.0.203\Sdks\Microsoft.NET.Sdk\targets\..\tools\net9.0\Microsoft.NET.Build.Tasks.dll".
       T├óche "ProcessFrameworkReferences"
       Ex├®cution de la t├óche "ProcessFrameworkReferences" termin├®e.
       Utilisation de la t├óche "ResolveAppHosts" ├á partir de l'assembly "C:\Program Files\dotnet\sdk\9.0.203\Sdks\Microsoft.NET.Sdk\targets\..\tools\net9.0\Microsoft.NET.Build.Tasks.dll".
       T├óche "ResolveAppHosts"
       Ex├®cution de la t├óche "ResolveAppHosts" termin├®e.
   2:6>G├®n├®ration de la cible "ProcessFrameworkReferences" termin├®e dans le projet "SqlParserLib.csproj".
       Cible "IncludeTargetingPackReference" ignor├®e en raison d'une fausse condition┬á; ('$(TargetFrameworkMoniker)' != '' and '$(TargetFrameworkIdentifier)' == '.NETFramework' and '$(AutomaticallyUseReferenceAssemblyPackages)' == 'true') a ├®t├® ├®valu├®e comme ('.NETCoreApp,Version=v8.0' != '' and '.NETCoreApp' == '.NETFramework' and 'true' == 'true').
       Cible "_CheckMicrosoftNetCompilersToolsetFrameworkPackageReference" ignor├®e en raison d'une fausse condition┬á; ('$(MSBuildRuntimeType)' == 'Full') a ├®t├® ├®valu├®e comme ('Core' == 'Full').
   2:6>Cible "_CheckForObsoleteDotNetCliToolReferences" dans le fichier "C:\Program Files\dotnet\sdk\9.0.203\Sdks\Microsoft.NET.Sdk\targets\Microsoft.NET.ObsoleteReferences.targets" du projet "D:\www\SqlParserLight\SqlParserLib.csproj" (la cible "CollectPackageReferences" en d├®pend)┬á:
       T├óche "NETSdkWarning" ignor├®e en raison d'une fausse condition┬á; ( '%(_ReferenceToObsoleteDotNetCliTool.Identity)' != '' ) a ├®t├® ├®valu├®e comme ( '' != '' ).
   2:6>G├®n├®ration de la cible "_CheckForObsoleteDotNetCliToolReferences" termin├®e dans le projet "SqlParserLib.csproj".
   2:6>Cible "CollectPackageReferences" dans le fichier "C:\Program Files\dotnet\sdk\9.0.203\NuGet.targets" du projet "D:\www\SqlParserLight\SqlParserLib.csproj" (la cible "_GetRestoreProjectStyle" en d├®pend)┬á:
       Utilisation de la t├óche "CheckForDuplicateNuGetItemsTask" ├á partir de l'assembly "C:\Program Files\dotnet\sdk\9.0.203\NuGet.Build.Tasks.dll".
       T├óche "CheckForDuplicateNuGetItemsTask"
       Ex├®cution de la t├óche "CheckForDuplicateNuGetItemsTask" termin├®e.
   2:6>G├®n├®ration de la cible "CollectPackageReferences" termin├®e dans le projet "SqlParserLib.csproj".
   2:6>Cible "_GetRestoreProjectStyle" dans le fichier "C:\Program Files\dotnet\sdk\9.0.203\NuGet.targets" du projet "D:\www\SqlParserLight\SqlParserLib.csproj" (la cible "EnableIntermediateOutputPathMismatchWarning" en d├®pend)┬á:
       Utilisation de la t├óche "GetRestoreProjectStyleTask" ├á partir de l'assembly "C:\Program Files\dotnet\sdk\9.0.203\NuGet.Build.Tasks.dll".
       T├óche "GetRestoreProjectStyleTask"
       Ex├®cution de la t├óche "GetRestoreProjectStyleTask" termin├®e.
   2:6>G├®n├®ration de la cible "_GetRestoreProjectStyle" termin├®e dans le projet "SqlParserLib.csproj".
   2:6>Cible "EnableIntermediateOutputPathMismatchWarning" dans le fichier "C:\Program Files\dotnet\sdk\9.0.203\NuGet.targets" du projet "D:\www\SqlParserLight\SqlParserLib.csproj" (la cible "_CheckForInvalidConfigurationAndPlatform" en d├®pend)┬á:
   2:6>G├®n├®ration de la cible "EnableIntermediateOutputPathMismatchWarning" termin├®e dans le projet "SqlParserLib.csproj".
       Cible "ApplyImplicitVersions" ignor├®e. Elle a ├®t├® g├®n├®r├®e.
       Cible "CheckForImplicitPackageReferenceOverrides" ignor├®e. Elle a ├®t├® g├®n├®r├®e.
   2:6>Cible "CheckForDuplicateItems" dans le fichier "C:\Program Files\dotnet\sdk\9.0.203\Sdks\Microsoft.NET.Sdk\targets\Microsoft.NET.Sdk.DefaultItems.Shared.targets" du projet "D:\www\SqlParserLight\SqlParserLib.csproj" (la cible "_CheckForInvalidConfigurationAndPlatform" en d├®pend)┬á:
       Utilisation de la t├óche "CheckForDuplicateItems" ├á partir de l'assembly "C:\Program Files\dotnet\sdk\9.0.203\Sdks\Microsoft.NET.Sdk\targets\..\tools\net9.0\Microsoft.NET.Build.Tasks.dll".
       T├óche "CheckForDuplicateItems"
       Ex├®cution de la t├óche "CheckForDuplicateItems" termin├®e.
       T├óche "CheckForDuplicateItems"
       Ex├®cution de la t├óche "CheckForDuplicateItems" termin├®e.
       T├óche "CheckForDuplicateItems"
       Ex├®cution de la t├óche "CheckForDuplicateItems" termin├®e.
   2:6>G├®n├®ration de la cible "CheckForDuplicateItems" termin├®e dans le projet "SqlParserLib.csproj".
       Cible "WarnForExplicitVersions" ignor├®e en raison d'une fausse condition┬á; ('@(SdkBuildWarning)' != '') a ├®t├® ├®valu├®e comme ('' != '').
       Cible "_CheckForFailedSDKResolution" ignor├®e en raison d'une fausse condition┬á; ('$(SdkResolverHonoredGlobalJson)' == 'false') a ├®t├® ├®valu├®e comme ('' == 'false').
       Cible "_WarnWhenUsingNET9AndVSPriorTo1712" ignor├®e en raison d'une fausse condition┬á; ($([MSBuild]::VersionLessThan($(MSBuildVersion), '17.12.0')) and '$(TargetFrameworkIdentifier)' == '.NETCoreApp' and $([MSBuild]::VersionGreaterThanOrEquals($(_TargetFrameworkVersionWithoutV), '9.0'))) a ├®t├® ├®valu├®e comme (False and '.NETCoreApp' == '.NETCoreApp' and False).
       Cible "_CheckForInvalidWindowsDesktopTargetingConfiguration" ignor├®e en raison d'une fausse condition┬á; ('$(TargetFrameworkIdentifier)' == '.NETCoreApp' and $([MSBuild]::VersionGreaterThanOrEquals($(_TargetFrameworkVersionWithoutV), '5.0')) and ('$(UseWindowsForms)' == 'true' or '$(UseWPF)' == 'true')) a ├®t├® ├®valu├®e comme ('.NETCoreApp' == '.NETCoreApp' and True and ('' == 'true' or '' == 'true')).
       Cible "_CheckForUnnecessaryWindowsDesktopSDK" ignor├®e en raison d'une fausse condition┬á; ('$(TargetFrameworkIdentifier)' == '.NETCoreApp' and $([MSBuild]::VersionGreaterThanOrEquals($(_TargetFrameworkVersionWithoutV), '5.0')) and '$(_MicrosoftWindowsDesktopSdkImported)' == 'true' and '$(TargetFrameworks)' == '') a ├®t├® ├®valu├®e comme ('.NETCoreApp' == '.NETCoreApp' and True and '' == 'true' and '' == '').
       Cible "ProcessFrameworkReferences" ignor├®e. Elle a ├®t├® g├®n├®r├®e.
       Cible "IncludeTargetingPackReference" ignor├®e en raison d'une fausse condition┬á; ('$(TargetFrameworkMoniker)' != '' and '$(TargetFrameworkIdentifier)' == '.NETFramework' and '$(AutomaticallyUseReferenceAssemblyPackages)' == 'true') a ├®t├® ├®valu├®e comme ('.NETCoreApp,Version=v8.0' != '' and '.NETCoreApp' == '.NETFramework' and 'true' == 'true').
   2:6>Cible "_CheckForInvalidConfigurationAndPlatform" dans le fichier "C:\Program Files\dotnet\sdk\9.0.203\Microsoft.Common.CurrentVersion.targets" du projet "D:\www\SqlParserLight\SqlParserLib.csproj" (la cible "BeforeBuild" en d├®pend)┬á:
       T├óche "MSBuildInternalMessage" ignor├®e en raison d'une fausse condition┬á; ('$(_InvalidConfigurationMessageSeverity)' != '') a ├®t├® ├®valu├®e comme ('' != '').
       T├óche "Message"
         Configuration=Debug
       Ex├®cution de la t├óche "Message" termin├®e.
       T├óche "Message"
         Platform=AnyCPU
       Ex├®cution de la t├óche "Message" termin├®e.
       T├óche "MSBuildInternalMessage" ignor├®e en raison d'une fausse condition┬á; ('$(OutDir)' != '' and !HasTrailingSlash('$(OutDir)')) a ├®t├® ├®valu├®e comme ('bin\Debug\net8.0\' != '' and !HasTrailingSlash('bin\Debug\net8.0\')).
       T├óche "MSBuildInternalMessage" ignor├®e en raison d'une fausse condition┬á; ('$(IntermediateOutputPath)' != '' and !HasTrailingSlash('$(IntermediateOutputPath)')) a ├®t├® ├®valu├®e comme ('obj\Debug\net8.0\' != '' and !HasTrailingSlash('obj\Debug\net8.0\')).
       T├óche "MSBuildInternalMessage" ignor├®e en raison d'une fausse condition┬á; ('$(BaseIntermediateOutputPath)' != '' and !HasTrailingSlash('$(BaseIntermediateOutputPath)')) a ├®t├® ├®valu├®e comme ('obj\' != '' and !HasTrailingSlash('obj\')).
       T├óche "MSBuildInternalMessage" ignor├®e en raison d'une fausse condition┬á; ( '$(Prefer32Bit)' == 'true' and '$(PreferNativeArm64)' == 'true' ) a ├®t├® ├®valu├®e comme ( 'false' == 'true' and 'false' == 'true' ).
       T├óche "MSBuildInternalMessage" ignor├®e en raison d'une fausse condition┬á; ( '$(NoWin32Manifest)' == 'true' and '$(PreferNativeArm64)' == 'true' ) a ├®t├® ├®valu├®e comme ( '' == 'true' and 'false' == 'true' ).
       T├óche "MSBuildInternalMessage" ignor├®e en raison d'une fausse condition┬á; ( '$(PreferNativeArm64)' == 'true' and '$(Platform)' != 'AnyCPU' ) a ├®t├® ├®valu├®e comme ( 'false' == 'true' and 'AnyCPU' != 'AnyCPU' ).
       T├óche "MSBuildInternalMessage" ignor├®e en raison d'une fausse condition┬á; ( '$(_InitialMSBuildProjectExtensionsPath)' != '' And '$(MSBuildProjectExtensionsPath)' != '$(_InitialMSBuildProjectExtensionsPath)' ) a ├®t├® ├®valu├®e comme ( 'D:\www\SqlParserLight\obj\' != '' And 'D:\www\SqlParserLight\obj\' != 'D:\www\SqlParserLight\obj\' ).
       T├óche "MSBuildInternalMessage" ignor├®e en raison d'une fausse condition┬á; ( '$(EnableBaseIntermediateOutputPathMismatchWarning)' == 'true' And '$(_InitialBaseIntermediateOutputPath)' != '$(BaseIntermediateOutputPath)' And '$(BaseIntermediateOutputPath)' != '$(MSBuildProjectExtensionsPath)' ) a ├®t├® ├®valu├®e comme ( 'true' == 'true' And 'obj\' != 'obj\' And 'obj\' != 'D:\www\SqlParserLight\obj\' ).
   2:6>G├®n├®ration de la cible "_CheckForInvalidConfigurationAndPlatform" termin├®e dans le projet "SqlParserLib.csproj".
   2:6>Cible "ValidateCommandLineProperties" dans le fichier "C:\Program Files\dotnet\sdk\9.0.203\Sdks\Microsoft.NET.Sdk\targets\Microsoft.NET.Sdk.targets" du projet "D:\www\SqlParserLight\SqlParserLib.csproj" (la cible "BeforeBuild" en d├®pend)┬á:
   2:6>G├®n├®ration de la cible "ValidateCommandLineProperties" termin├®e dans le projet "SqlParserLib.csproj".
   2:6>Cible "BeforeBuild" dans le fichier "C:\Program Files\dotnet\sdk\9.0.203\Microsoft.Common.CurrentVersion.targets" du projet "D:\www\SqlParserLight\SqlParserLib.csproj" (la cible "Build" en d├®pend)┬á:
   2:6>G├®n├®ration de la cible "BeforeBuild" termin├®e dans le projet "SqlParserLib.csproj".
       Cible "_CheckForBuildWithNoBuild" ignor├®e en raison d'une fausse condition┬á; ('$(NoBuild)' == 'true' and '$(GeneratePackageOnBuild)' != 'true') a ├®t├® ├®valu├®e comme ('' == 'true' and 'false' != 'true').
   2:6>Cible "BuildOnlySettings" dans le fichier "C:\Program Files\dotnet\sdk\9.0.203\Microsoft.Common.CurrentVersion.targets" du projet "D:\www\SqlParserLight\SqlParserLib.csproj" (la cible "CoreBuild" en d├®pend)┬á:
   2:6>G├®n├®ration de la cible "BuildOnlySettings" termin├®e dans le projet "SqlParserLib.csproj".
       Cible "_CheckForUnsupportedTargetFramework" ignor├®e en raison d'une fausse condition┬á; ('$(_UnsupportedTargetFrameworkError)' == 'true') a ├®t├® ├®valu├®e comme ('' == 'true').
       Cible "_CheckForUnsupportedTargetPlatformIdentifier" ignor├®e en raison d'une fausse condition┬á; ('$(TargetPlatformIdentifier)' != '' and '$(TargetFrameworkIdentifier)' == '.NETCoreApp' and $([MSBuild]::VersionGreaterThanOrEquals($(TargetFrameworkVersion), 5.0)) And ('$(DesignTimeBuild)' != 'true' Or '@(MissingWorkloadPack)' == '')) a ├®t├® ├®valu├®e comme ('' != '' and '.NETCoreApp' == '.NETCoreApp' and True And ('' != 'true' Or '' == '')).
       Cible "_CheckForMissingWorkload" ignor├®e en raison d'une fausse condition┬á; ('@(MissingWorkloadPack)' != '' And '$(DesignTimeBuild)' != 'true') a ├®t├® ├®valu├®e comme ('' != '' And '' != 'true').
   2:6>Cible "GetFrameworkPaths" dans le fichier "C:\Program Files\dotnet\sdk\9.0.203\Sdks\Microsoft.NET.Sdk\targets\Microsoft.NET.DisableStandardFrameworkResolution.targets" du projet "D:\www\SqlParserLight\SqlParserLib.csproj" (la cible "PrepareForBuild" en d├®pend)┬á:
   2:6>G├®n├®ration de la cible "GetFrameworkPaths" termin├®e dans le projet "SqlParserLib.csproj".
       Cible "_CheckForUnsupportedTargetFramework" ignor├®e en raison d'une fausse condition┬á; ('$(_UnsupportedTargetFrameworkError)' == 'true') a ├®t├® ├®valu├®e comme ('' == 'true').
       Cible "_CheckForUnsupportedTargetPlatformIdentifier" ignor├®e en raison d'une fausse condition┬á; ('$(TargetPlatformIdentifier)' != '' and '$(TargetFrameworkIdentifier)' == '.NETCoreApp' and $([MSBuild]::VersionGreaterThanOrEquals($(TargetFrameworkVersion), 5.0)) And ('$(DesignTimeBuild)' != 'true' Or '@(MissingWorkloadPack)' == '')) a ├®t├® ├®valu├®e comme ('' != '' and '.NETCoreApp' == '.NETCoreApp' and True And ('' != 'true' Or '' == '')).
       Cible "_CheckForMissingWorkload" ignor├®e en raison d'une fausse condition┬á; ('@(MissingWorkloadPack)' != '' And '$(DesignTimeBuild)' != 'true') a ├®t├® ├®valu├®e comme ('' != '' And '' != 'true').
   2:6>Cible "GetReferenceAssemblyPaths" dans le fichier "C:\Program Files\dotnet\sdk\9.0.203\Sdks\Microsoft.NET.Sdk\targets\Microsoft.NET.DisableStandardFrameworkResolution.targets" du projet "D:\www\SqlParserLight\SqlParserLib.csproj" (la cible "PrepareForBuild" en d├®pend)┬á:
   2:6>G├®n├®ration de la cible "GetReferenceAssemblyPaths" termin├®e dans le projet "SqlParserLib.csproj".
       Cible "AssignLinkMetadata" ignor├®e en raison d'une fausse condition┬á; ( '$(SynthesizeLinkMetadata)' == 'true' ) a ├®t├® ├®valu├®e comme ( '' == 'true' ).
       Cible "_VerifyPackReleaseConfigurations" ignor├®e en raison d'une fausse condition┬á; ('$(_IsPacking)' == 'true' and '$(DOTNET_CLI_DISABLE_PUBLISH_AND_PACK_RELEASE)' != 'true' and '$(DOTNET_CLI_LAZY_PUBLISH_AND_PACK_RELEASE_FOR_SOLUTIONS)' == 'true') a ├®t├® ├®valu├®e comme ('' == 'true' and '' != 'true' and '' == 'true').
   2:6>Cible "PrepareForBuild" dans le fichier "C:\Program Files\dotnet\sdk\9.0.203\Microsoft.Common.CurrentVersion.targets" du projet "D:\www\SqlParserLight\SqlParserLib.csproj" (la cible "CoreBuild" en d├®pend)┬á:
       Utilisation de la t├óche "FindAppConfigFile" ├á partir de l'assembly "Microsoft.Build.Tasks.Core, Version=15.1.0.0, Culture=neutral, PublicKeyToken=b03f5f7f11d50a3a".
       T├óche "FindAppConfigFile"
       Ex├®cution de la t├óche "FindAppConfigFile" termin├®e.
       Utilisation de la t├óche "MakeDir" ├á partir de l'assembly "Microsoft.Build.Tasks.Core, Version=15.1.0.0, Culture=neutral, PublicKeyToken=b03f5f7f11d50a3a".
       T├óche "MakeDir"
       Ex├®cution de la t├óche "MakeDir" termin├®e.
   2:6>G├®n├®ration de la cible "PrepareForBuild" termin├®e dans le projet "SqlParserLib.csproj".
   2:6>Cible "GenerateGlobalUsings" dans le fichier "C:\Program Files\dotnet\sdk\9.0.203\Sdks\Microsoft.NET.Sdk\targets\Microsoft.NET.GenerateGlobalUsings.targets" du projet "D:\www\SqlParserLight\SqlParserLib.csproj" (la cible "CoreBuild" en d├®pend)┬á:
       Utilisation de la t├óche "GenerateGlobalUsings" ├á partir de l'assembly "C:\Program Files\dotnet\sdk\9.0.203\Sdks\Microsoft.NET.Sdk\targets\..\tools\net9.0\Microsoft.NET.Build.Tasks.dll".
       T├óche "GenerateGlobalUsings"
       Ex├®cution de la t├óche "GenerateGlobalUsings" termin├®e.
       Utilisation de la t├óche "WriteLinesToFile" ├á partir de l'assembly "Microsoft.Build.Tasks.Core, Version=15.1.0.0, Culture=neutral, PublicKeyToken=b03f5f7f11d50a3a".
       T├óche "WriteLinesToFile"
         L'├®criture dans le fichier "obj\Debug\net8.0\SqlParserLib.GlobalUsings.g.cs" est ignor├®e, car le contenu ne change pas.
       Ex├®cution de la t├óche "WriteLinesToFile" termin├®e.
   2:6>G├®n├®ration de la cible "GenerateGlobalUsings" termin├®e dans le projet "SqlParserLib.csproj".
       Cible "PreBuildEvent" ignor├®e en raison d'une fausse condition┬á; ('$(PreBuildEvent)'!='') a ├®t├® ├®valu├®e comme (''!='').
   2:6>Cible "BeforeResolveReferences" dans le fichier "C:\Program Files\dotnet\sdk\9.0.203\Microsoft.Common.CurrentVersion.targets" du projet "D:\www\SqlParserLight\SqlParserLib.csproj" (la cible "ResolveReferences" en d├®pend)┬á:
   2:6>G├®n├®ration de la cible "BeforeResolveReferences" termin├®e dans le projet "SqlParserLib.csproj".
   2:6>Cible "IgnoreJavaScriptOutputAssembly" dans le fichier "C:\Program Files\dotnet\sdk\9.0.203\Microsoft.Common.CurrentVersion.targets" du projet "D:\www\SqlParserLight\SqlParserLib.csproj" (la cible "AssignProjectConfiguration" en d├®pend)┬á:
   2:6>G├®n├®ration de la cible "IgnoreJavaScriptOutputAssembly" termin├®e dans le projet "SqlParserLib.csproj".
       Cible "ProcessFrameworkReferences" ignor├®e. Elle a ├®t├® g├®n├®r├®e.
   2:6>Cible "_DefaultMicrosoftNETPlatformLibrary" dans le fichier "C:\Program Files\dotnet\sdk\9.0.203\Sdks\Microsoft.NET.Sdk\targets\Microsoft.NET.Sdk.Shared.targets" du projet "D:\www\SqlParserLight\SqlParserLib.csproj" (la cible "ResolvePackageAssets" en d├®pend)┬á:
   2:6>G├®n├®ration de la cible "_DefaultMicrosoftNETPlatformLibrary" termin├®e dans le projet "SqlParserLib.csproj".
   2:6>Cible "_ComputePackageReferencePublish" dans le fichier "C:\Program Files\dotnet\sdk\9.0.203\Sdks\Microsoft.NET.Sdk\targets\Microsoft.NET.Sdk.Shared.targets" du projet "D:\www\SqlParserLight\SqlParserLib.csproj" (la cible "ResolvePackageAssets" en d├®pend)┬á:
   2:6>G├®n├®ration de la cible "_ComputePackageReferencePublish" termin├®e dans le projet "SqlParserLib.csproj".
       Cible "_ResolveCompilerVersion" ignor├®e en raison d'une fausse condition┬á; ('$(CompilerApiVersion)' == '' And
                            ('$(Language)' == 'C#' Or '$(Language)' == 'VB') And
                            Exists('$(RoslynTargetsPath)\Microsoft.Build.Tasks.CodeAnalysis.dll')) a ├®t├® ├®valu├®e comme ('roslyn4.13' == '' And
                            ('C#' == 'C#' Or 'C#' == 'VB') And
                            Exists('C:\Program Files\dotnet\sdk\9.0.203\Roslyn\Microsoft.Build.Tasks.CodeAnalysis.dll')).
   2:6>Cible "ResolvePackageAssets" dans le fichier "C:\Program Files\dotnet\sdk\9.0.203\Sdks\Microsoft.NET.Sdk\targets\Microsoft.PackageDependencyResolution.targets" du projet "D:\www\SqlParserLight\SqlParserLib.csproj" (la cible "ResolveLockFileReferences" en d├®pend)┬á:
       Utilisation de la t├óche "ResolvePackageAssets" ├á partir de l'assembly "C:\Program Files\dotnet\sdk\9.0.203\Sdks\Microsoft.NET.Sdk\targets\..\tools\net9.0\Microsoft.NET.Build.Tasks.dll".
       T├óche "ResolvePackageAssets"
       Ex├®cution de la t├óche "ResolvePackageAssets" termin├®e.
   2:6>G├®n├®ration de la cible "ResolvePackageAssets" termin├®e dans le projet "SqlParserLib.csproj".
       Cible "AdjustDefaultPlatformTargetForNetFrameworkExeWithNoNativeCopyLocalItems" ignor├®e en raison d'une fausse condition┬á; ('$(_UsingDefaultPlatformTarget)' == 'true' and
                            '$(_UsingDefaultRuntimeIdentifier)' == 'true') a ├®t├® ├®valu├®e comme ('true' == 'true' and
                            '' == 'true').
       Cible "_CheckForTransitiveWindowsDesktopDependencies" ignor├®e en raison d'une fausse condition┬á; ('$(TargetFrameworkIdentifier)' == '.NETCoreApp' and $([MSBuild]::VersionGreaterThanOrEquals($(_TargetFrameworkVersionWithoutV), '5.0')) and '$(TargetPlatformIdentifier)' != 'Windows' and '@(TransitiveFrameworkReference)' != '') a ├®t├® ├®valu├®e comme ('.NETCoreApp' == '.NETCoreApp' and True and '' != 'Windows' and '' != '').
       Cible "AddTransitiveFrameworkReferences" ignor├®e en raison d'une fausse condition┬á; ('@(TransitiveFrameworkReference)' != '') a ├®t├® ├®valu├®e comme ('' != '').
   2:6>Cible "ResolveLockFileReferences" dans le fichier "C:\Program Files\dotnet\sdk\9.0.203\Sdks\Microsoft.NET.Sdk\targets\Microsoft.PackageDependencyResolution.targets" du projet "D:\www\SqlParserLight\SqlParserLib.csproj" (la cible "ResolvePackageDependenciesForBuild" en d├®pend)┬á:
       Utilisation de la t├óche "JoinItems" ├á partir de l'assembly "C:\Program Files\dotnet\sdk\9.0.203\Sdks\Microsoft.NET.Sdk\targets\..\tools\net9.0\Microsoft.NET.Build.Tasks.dll".
       T├óche "JoinItems"
       Ex├®cution de la t├óche "JoinItems" termin├®e.
   2:6>G├®n├®ration de la cible "ResolveLockFileReferences" termin├®e dans le projet "SqlParserLib.csproj".
       Cible "ResolvePackageAssets" ignor├®e. Elle a ├®t├® g├®n├®r├®e.
   2:6>Cible "ResolveLockFileAnalyzers" dans le fichier "C:\Program Files\dotnet\sdk\9.0.203\Sdks\Microsoft.NET.Sdk\targets\Microsoft.PackageDependencyResolution.targets" du projet "D:\www\SqlParserLight\SqlParserLib.csproj" (la cible "ResolvePackageDependenciesForBuild" en d├®pend)┬á:
   2:6>G├®n├®ration de la cible "ResolveLockFileAnalyzers" termin├®e dans le projet "SqlParserLib.csproj".
       Cible "ResolvePackageAssets" ignor├®e. Elle a ├®t├® g├®n├®r├®e.
       Cible "RunProduceContentAssets" ignor├®e en raison d'une fausse condition┬á; ('@(_ContentFilesToPreprocess)' != '' and '$(_CleaningWithoutRebuilding)' != 'true') a ├®t├® ├®valu├®e comme ('' != '' and '' != 'true').
   2:6>Cible "ResolveLockFileCopyLocalFiles" dans le fichier "C:\Program Files\dotnet\sdk\9.0.203\Sdks\Microsoft.NET.Sdk\targets\Microsoft.PackageDependencyResolution.targets" du projet "D:\www\SqlParserLight\SqlParserLib.csproj" (la cible "ResolvePackageDependenciesForBuild" en d├®pend)┬á:
   2:6>G├®n├®ration de la cible "ResolveLockFileCopyLocalFiles" termin├®e dans le projet "SqlParserLib.csproj".
       Cible "ResolveRuntimePackAssets" ignor├®e en raison d'une fausse condition┬á; ('@(RuntimePack)' != '') a ├®t├® ├®valu├®e comme ('' != '').
       Cible "RunProduceContentAssets" ignor├®e en raison d'une fausse condition┬á; ('@(_ContentFilesToPreprocess)' != '' and '$(_CleaningWithoutRebuilding)' != 'true') a ├®t├® ├®valu├®e comme ('' != '' and '' != 'true').
       Cible "ResolvePackageAssets" ignor├®e. Elle a ├®t├® g├®n├®r├®e.
   2:6>Cible "IncludeTransitiveProjectReferences" dans le fichier "C:\Program Files\dotnet\sdk\9.0.203\Sdks\Microsoft.NET.Sdk\targets\Microsoft.PackageDependencyResolution.targets" du projet "D:\www\SqlParserLight\SqlParserLib.csproj" (la cible "ResolvePackageDependenciesForBuild" en d├®pend)┬á:
   2:6>G├®n├®ration de la cible "IncludeTransitiveProjectReferences" termin├®e dans le projet "SqlParserLib.csproj".
   2:6>Cible "ResolvePackageDependenciesForBuild" dans le fichier "C:\Program Files\dotnet\sdk\9.0.203\Sdks\Microsoft.NET.Sdk\targets\Microsoft.PackageDependencyResolution.targets" du projet "D:\www\SqlParserLight\SqlParserLib.csproj" (la cible "AssignProjectConfiguration" en d├®pend)┬á:
   2:6>G├®n├®ration de la cible "ResolvePackageDependenciesForBuild" termin├®e dans le projet "SqlParserLib.csproj".
   2:6>Cible "AssignProjectConfiguration" dans le fichier "C:\Program Files\dotnet\sdk\9.0.203\Microsoft.Common.CurrentVersion.targets" du projet "D:\www\SqlParserLight\SqlParserLib.csproj" (la cible "ResolveReferences" en d├®pend)┬á:
       Utilisation de la t├óche "AssignProjectConfiguration" ├á partir de l'assembly "Microsoft.Build.Tasks.Core, Version=15.1.0.0, Culture=neutral, PublicKeyToken=b03f5f7f11d50a3a".
       T├óche "AssignProjectConfiguration"
       Ex├®cution de la t├óche "AssignProjectConfiguration" termin├®e.
   2:6>G├®n├®ration de la cible "AssignProjectConfiguration" termin├®e dans le projet "SqlParserLib.csproj".
       Cible "AssignProjectConfiguration" ignor├®e. Elle a ├®t├® g├®n├®r├®e.
   2:6>Cible "_SplitProjectReferencesByFileExistence" dans le fichier "C:\Program Files\dotnet\sdk\9.0.203\Microsoft.Common.CurrentVersion.targets" du projet "D:\www\SqlParserLight\SqlParserLib.csproj" (la cible "PrepareProjectReferences" en d├®pend)┬á:
       T├óche "ResolveNonMSBuildProjectOutput" ignor├®e en raison d'une fausse condition┬á; ('$(BuildingInsideVisualStudio)'=='true' and '@(ProjectReferenceWithConfiguration)'!='') a ├®t├® ├®valu├®e comme (''=='true' and ''!='').
   2:6>G├®n├®ration de la cible "_SplitProjectReferencesByFileExistence" termin├®e dans le projet "SqlParserLib.csproj".
   2:6>Cible "_AddOutputPathToGlobalPropertiesToRemove" dans le fichier "C:\Program Files\dotnet\sdk\9.0.203\Microsoft.Common.CurrentVersion.targets" du projet "D:\www\SqlParserLight\SqlParserLib.csproj" (la cible "_GetProjectReferenceTargetFrameworkProperties" en d├®pend)┬á:
   2:6>G├®n├®ration de la cible "_AddOutputPathToGlobalPropertiesToRemove" termin├®e dans le projet "SqlParserLib.csproj".
   2:6>Cible "_GetProjectReferenceTargetFrameworkProperties" dans le fichier "C:\Program Files\dotnet\sdk\9.0.203\Microsoft.Common.CurrentVersion.targets" du projet "D:\www\SqlParserLight\SqlParserLib.csproj" (la cible "PrepareProjectReferences" en d├®pend)┬á:
       T├óche "MSBuild"
       Ex├®cution de la t├óche "MSBuild" termin├®e.
       T├óche "MSBuild" ignor├®e en raison d'une fausse condition┬á; ('%(_MSBuildProjectReferenceExistent.SkipGetTargetFrameworkProperties)' != 'true' and '$(EnableDynamicPlatformResolution)' == 'true') a ├®t├® ├®valu├®e comme ('' != 'true' and '' == 'true').
       T├óche "GetReferenceNearestTargetFrameworkTask" ignor├®e en raison d'une fausse condition┬á; ('@(_ProjectReferenceTargetFrameworkPossibilities)' != '' and '$(ReferringTargetFrameworkForProjectReferences)' != ''
                                                               And '$(GetReferenceNearestTargetFrameworkTaskSupportsTargetPlatformParameter)' == 'true' and '%(_ProjectReferenceTargetFrameworkPossibilities.IsVcxOrNativeProj)' != 'true') a ├®t├® ├®valu├®e comme ('' != '' and '.NETCoreApp,Version=v8.0' != ''
                                                               And 'true' == 'true' and '' != 'true').
       T├óche "GetReferenceNearestTargetFrameworkTask" ignor├®e en raison d'une fausse condition┬á; ('@(_ProjectReferenceTargetFrameworkPossibilities)' != '' and '$(ReferringTargetFrameworkForProjectReferences)' != ''
                                                               And '$(GetReferenceNearestTargetFrameworkTaskSupportsTargetPlatformParameter)' != 'true' and '%(_ProjectReferenceTargetFrameworkPossibilities.IsVcxOrNativeProj)' != 'true') a ├®t├® ├®valu├®e comme ('' != '' and '.NETCoreApp,Version=v8.0' != ''
                                                               And 'true' != 'true' and '' != 'true').
       Utilisation de la t├óche "SetRidAgnosticValueForProjects" ├á partir de l'assembly "Microsoft.Build.Tasks.Core, Version=15.1.0.0, Culture=neutral, PublicKeyToken=b03f5f7f11d50a3a".
       T├óche "SetRidAgnosticValueForProjects"
       Ex├®cution de la t├óche "SetRidAgnosticValueForProjects" termin├®e.
   2:6>G├®n├®ration de la cible "_GetProjectReferenceTargetFrameworkProperties" termin├®e dans le projet "SqlParserLib.csproj".
   2:6>Cible "ValidateExecutableReferences" dans le fichier "C:\Program Files\dotnet\sdk\9.0.203\Sdks\Microsoft.NET.Sdk\targets\Microsoft.NET.Sdk.targets" du projet "D:\www\SqlParserLight\SqlParserLib.csproj" (la cible "PrepareProjectReferences" en d├®pend)┬á:
       Utilisation de la t├óche "ValidateExecutableReferences" ├á partir de l'assembly "C:\Program Files\dotnet\sdk\9.0.203\Sdks\Microsoft.NET.Sdk\targets\..\tools\net9.0\Microsoft.NET.Build.Tasks.dll".
       T├óche "ValidateExecutableReferences"
       Ex├®cution de la t├óche "ValidateExecutableReferences" termin├®e.
   2:6>G├®n├®ration de la cible "ValidateExecutableReferences" termin├®e dans le projet "SqlParserLib.csproj".
       Cible "_GetProjectReferencePlatformProperties" ignor├®e en raison d'une fausse condition┬á; ('$(EnableDynamicPlatformResolution)' == 'true'
                            and '@(_MSBuildProjectReferenceExistent)' != '') a ├®t├® ├®valu├®e comme ('' == 'true'
                            and '' != '').
   2:6>Cible "PrepareProjectReferences" dans le fichier "C:\Program Files\dotnet\sdk\9.0.203\Microsoft.Common.CurrentVersion.targets" du projet "D:\www\SqlParserLight\SqlParserLib.csproj" (la cible "ResolveProjectReferences" en d├®pend)┬á:
   2:6>G├®n├®ration de la cible "PrepareProjectReferences" termin├®e dans le projet "SqlParserLib.csproj".
   2:6>Cible "ResolveProjectReferences" dans le fichier "C:\Program Files\dotnet\sdk\9.0.203\Microsoft.Common.CurrentVersion.targets" du projet "D:\www\SqlParserLight\SqlParserLib.csproj" (la cible "ResolveReferences" en d├®pend)┬á:
       T├óche "MSBuild" ignor├®e en raison d'une fausse condition┬á; ('%(_MSBuildProjectReferenceExistent.BuildReference)' == 'true' and '@(ProjectReferenceWithConfiguration)' != '' and ('$(BuildingInsideVisualStudio)' == 'true' or '$(BuildProjectReferences)' != 'true') and '$(VisualStudioVersion)' != '10.0' and '@(_MSBuildProjectReferenceExistent)' != '') a ├®t├® ├®valu├®e comme ('' == 'true' and '' != '' and ('' == 'true' or 'true' != 'true') and '17.0' != '10.0' and '' != '').
       T├óche "MSBuild" ignor├®e en raison d'une fausse condition┬á; ('%(_MSBuildProjectReferenceExistent.BuildReference)' == 'true' and '@(ProjectReferenceWithConfiguration)' != '' and '$(BuildingInsideVisualStudio)' != 'true' and '$(BuildProjectReferences)' == 'true' and '@(_MSBuildProjectReferenceExistent)' != '') a ├®t├® ├®valu├®e comme ('' == 'true' and '' != '' and '' != 'true' and 'true' == 'true' and '' != '').
       T├óche "MSBuild" ignor├®e en raison d'une fausse condition┬á; ('%(_MSBuildProjectReferenceExistent.BuildReference)' == 'true' and '@(ProjectReferenceWithConfiguration)' != '' and '$(BuildingProject)' == 'true' and '@(_MSBuildProjectReferenceExistent)' != '') a ├®t├® ├®valu├®e comme ('' == 'true' and '' != '' and 'true' == 'true' and '' != '').
       T├óche "MSBuildInternalMessage" ignor├®e en raison d'une fausse condition┬á; ('$(_NonExistentProjectReferenceSeverity)' != '') a ├®t├® ├®valu├®e comme ('' != '').
   2:6>G├®n├®ration de la cible "ResolveProjectReferences" termin├®e dans le projet "SqlParserLib.csproj".
       Cible "FindInvalidProjectReferences" ignor├®e en raison d'une fausse condition┬á; ('$(FindInvalidProjectReferences)' == 'true') a ├®t├® ├®valu├®e comme ('' == 'true').
       Cible "ResolveNativeReferences" ignor├®e en raison d'une fausse condition┬á; ('@(NativeReference)'!='') a ├®t├® ├®valu├®e comme (''!='').
       Cible "ResolveProjectReferences" ignor├®e. Elle a ├®t├® g├®n├®r├®e.
       Cible "FindInvalidProjectReferences" ignor├®e en raison d'une fausse condition┬á; ('$(FindInvalidProjectReferences)' == 'true') a ├®t├® ├®valu├®e comme ('' == 'true').
       Cible "GetFrameworkPaths" ignor├®e. Elle a ├®t├® g├®n├®r├®e.
       Cible "GetReferenceAssemblyPaths" ignor├®e. Elle a ├®t├® g├®n├®r├®e.
       Cible "PrepareForBuild" ignor├®e. Elle a ├®t├® g├®n├®r├®e.
       Cible "GetInstalledSDKLocations" ignor├®e en raison d'une fausse condition┬á; ('@(SDKReference)' != '') a ├®t├® ├®valu├®e comme ('' != '').
   2:6>Cible "ResolveSDKReferences" dans le fichier "C:\Program Files\dotnet\sdk\9.0.203\Microsoft.Common.CurrentVersion.targets" du projet "D:\www\SqlParserLight\SqlParserLib.csproj" (la cible "ResolveAssemblyReferences" en d├®pend)┬á:
       T├óche "ResolveSDKReference" ignor├®e en raison d'une fausse condition┬á; ('@(SDKReference)'!='') a ├®t├® ├®valu├®e comme (''!='').
   2:6>G├®n├®ration de la cible "ResolveSDKReferences" termin├®e dans le projet "SqlParserLib.csproj".
       Cible "ResolveSDKReferences" ignor├®e. Elle a ├®t├® g├®n├®r├®e.
   2:6>Cible "ExpandSDKReferences" dans le fichier "C:\Program Files\dotnet\sdk\9.0.203\Microsoft.Common.CurrentVersion.targets" du projet "D:\www\SqlParserLight\SqlParserLib.csproj" (la cible "ResolveAssemblyReferences" en d├®pend)┬á:
       T├óche "GetSDKReferenceFiles" ignor├®e en raison d'une fausse condition┬á; ('@(ResolvedSDKReference)'!='') a ├®t├® ├®valu├®e comme (''!='').
   2:6>G├®n├®ration de la cible "ExpandSDKReferences" termin├®e dans le projet "SqlParserLib.csproj".
       Cible "ResolvePackageDependenciesForBuild" ignor├®e. Elle a ├®t├® g├®n├®r├®e.
       Cible "GetFrameworkPaths" ignor├®e. Elle a ├®t├® g├®n├®r├®e.
       Cible "GetReferenceAssemblyPaths" ignor├®e. Elle a ├®t├® g├®n├®r├®e.
       Cible "ProcessFrameworkReferences" ignor├®e. Elle a ├®t├® g├®n├®r├®e.
       Cible "ResolvePackageAssets" ignor├®e. Elle a ├®t├® g├®n├®r├®e.
   2:6>Cible "ResolveFrameworkReferences" dans le fichier "C:\Program Files\dotnet\sdk\9.0.203\Sdks\Microsoft.NET.Sdk\targets\Microsoft.NET.Sdk.FrameworkReferenceResolution.targets" du projet "D:\www\SqlParserLight\SqlParserLib.csproj" (la cible "ResolveTargetingPackAssets" en d├®pend)┬á:
       Utilisation de la t├óche "GetPackageDirectory" ├á partir de l'assembly "C:\Program Files\dotnet\sdk\9.0.203\Sdks\Microsoft.NET.Sdk\targets\..\tools\net9.0\Microsoft.NET.Build.Tasks.dll".
       T├óche "GetPackageDirectory"
       Ex├®cution de la t├óche "GetPackageDirectory" termin├®e.
       T├óche "GetPackageDirectory"
       Ex├®cution de la t├óche "GetPackageDirectory" termin├®e.
       T├óche "GetPackageDirectory"
       Ex├®cution de la t├óche "GetPackageDirectory" termin├®e.
       T├óche "GetPackageDirectory"
       Ex├®cution de la t├óche "GetPackageDirectory" termin├®e.
       T├óche "GetPackageDirectory"
       Ex├®cution de la t├óche "GetPackageDirectory" termin├®e.
       T├óche "GetPackageDirectory"
       Ex├®cution de la t├óche "GetPackageDirectory" termin├®e.
       T├óche "GetPackageDirectory"
       Ex├®cution de la t├óche "GetPackageDirectory" termin├®e.
       T├óche "GetPackageDirectory"
       Ex├®cution de la t├óche "GetPackageDirectory" termin├®e.
       T├óche "GetPackageDirectory"
       Ex├®cution de la t├óche "GetPackageDirectory" termin├®e.
       T├óche "GetPackageDirectory"
       Ex├®cution de la t├óche "GetPackageDirectory" termin├®e.
       Utilisation de la t├óche "ResolveFrameworkReferences" ├á partir de l'assembly "C:\Program Files\dotnet\sdk\9.0.203\Sdks\Microsoft.NET.Sdk\targets\..\tools\net9.0\Microsoft.NET.Build.Tasks.dll".
       T├óche "ResolveFrameworkReferences"
       Ex├®cution de la t├óche "ResolveFrameworkReferences" termin├®e.
   2:6>G├®n├®ration de la cible "ResolveFrameworkReferences" termin├®e dans le projet "SqlParserLib.csproj".
   2:6>Cible "ResolveTargetingPackAssets" dans le fichier "C:\Program Files\dotnet\sdk\9.0.203\Sdks\Microsoft.NET.Sdk\targets\Microsoft.NET.Sdk.FrameworkReferenceResolution.targets" du projet "D:\www\SqlParserLight\SqlParserLib.csproj" (la cible "_HandlePackageFileConflicts" en d├®pend)┬á:
       Utilisation de la t├óche "ResolveTargetingPackAssets" ├á partir de l'assembly "C:\Program Files\dotnet\sdk\9.0.203\Sdks\Microsoft.NET.Sdk\targets\..\tools\net9.0\Microsoft.NET.Build.Tasks.dll".
       T├óche "ResolveTargetingPackAssets"
       Ex├®cution de la t├óche "ResolveTargetingPackAssets" termin├®e.
   2:6>G├®n├®ration de la cible "ResolveTargetingPackAssets" termin├®e dans le projet "SqlParserLib.csproj".
   2:6>Cible "ResolveOffByDefaultAnalyzers" dans le fichier "C:\Program Files\dotnet\sdk\9.0.203\Sdks\Microsoft.NET.Sdk\targets\Microsoft.NET.Sdk.FrameworkReferenceResolution.targets" du projet "D:\www\SqlParserLight\SqlParserLib.csproj" (la cible "_HandlePackageFileConflicts" en d├®pend)┬á:
   2:6>G├®n├®ration de la cible "ResolveOffByDefaultAnalyzers" termin├®e dans le projet "SqlParserLib.csproj".
   2:6>Cible "_HandlePackageFileConflicts" dans le fichier "C:\Program Files\dotnet\sdk\9.0.203\Sdks\Microsoft.NET.Sdk\targets\Microsoft.NET.ConflictResolution.targets" du projet "D:\www\SqlParserLight\SqlParserLib.csproj" (la cible "ResolveAssemblyReferences" en d├®pend)┬á:
       Utilisation de la t├óche "ResolvePackageFileConflicts" ├á partir de l'assembly "C:\Program Files\dotnet\sdk\9.0.203\Sdks\Microsoft.NET.Sdk\targets\..\tools\net9.0\Microsoft.NET.Build.Tasks.dll".
       T├óche "ResolvePackageFileConflicts"
         Conflit d├®tect├® entre 'Platform:mscorlib.dll' et 'Platform:mscorlib.dll'. Impossible de d├®terminer le gagnant, car les versions de fichier et d'assembly sont identiques.
         Conflit d├®tect├® entre 'Platform:Microsoft.VisualBasic.dll' et 'Platform:Microsoft.VisualBasic.dll'. Impossible de d├®terminer le gagnant, car les versions de fichier et d'assembly sont identiques.
         Conflit d├®tect├® entre 'Platform:System.dll' et 'Platform:System.dll'. Impossible de d├®terminer le gagnant, car les versions de fichier et d'assembly sont identiques.
         Conflit d├®tect├® entre 'Platform:System.ComponentModel.DataAnnotations.dll' et 'Platform:System.ComponentModel.DataAnnotations.dll'. Impossible de d├®terminer le gagnant, car les versions de fichier et d'assembly sont identiques.
         Conflit d├®tect├® entre 'Platform:System.Configuration.dll' et 'Platform:System.Configuration.dll'. Impossible de d├®terminer le gagnant, car les versions de fichier et d'assembly sont identiques.
         Conflit d├®tect├® entre 'Platform:System.Core.dll' et 'Platform:System.Core.dll'. Impossible de d├®terminer le gagnant, car les versions de fichier et d'assembly sont identiques.
         Conflit d├®tect├® entre 'Platform:System.Data.dll' et 'Platform:System.Data.dll'. Impossible de d├®terminer le gagnant, car les versions de fichier et d'assembly sont identiques.
         Conflit d├®tect├® entre 'Platform:System.Drawing.dll' et 'Platform:System.Drawing.dll'. Impossible de d├®terminer le gagnant, car les versions de fichier et d'assembly sont identiques.
         Conflit d├®tect├® entre 'Platform:System.IO.Compression.FileSystem.dll' et 'Platform:System.IO.Compression.FileSystem.dll'. Impossible de d├®terminer le gagnant, car les versions de fichier et d'assembly sont identiques.
         Conflit d├®tect├® entre 'Platform:System.Net.dll' et 'Platform:System.Net.dll'. Impossible de d├®terminer le gagnant, car les versions de fichier et d'assembly sont identiques.
         Conflit d├®tect├® entre 'Platform:System.Numerics.dll' et 'Platform:System.Numerics.dll'. Impossible de d├®terminer le gagnant, car les versions de fichier et d'assembly sont identiques.
         Conflit d├®tect├® entre 'Platform:System.Runtime.Serialization.dll' et 'Platform:System.Runtime.Serialization.dll'. Impossible de d├®terminer le gagnant, car les versions de fichier et d'assembly sont identiques.
         Conflit d├®tect├® entre 'Platform:System.Security.dll' et 'Platform:System.Security.dll'. Impossible de d├®terminer le gagnant, car les versions de fichier et d'assembly sont identiques.
         Conflit d├®tect├® entre 'Platform:System.ServiceProcess.dll' et 'Platform:System.ServiceProcess.dll'. Impossible de d├®terminer le gagnant, car les versions de fichier et d'assembly sont identiques.
         Conflit d├®tect├® entre 'Platform:System.ServiceModel.Web.dll' et 'Platform:System.ServiceModel.Web.dll'. Impossible de d├®terminer le gagnant, car les versions de fichier et d'assembly sont identiques.
         Conflit d├®tect├® entre 'Platform:System.Transactions.dll' et 'Platform:System.Transactions.dll'. Impossible de d├®terminer le gagnant, car les versions de fichier et d'assembly sont identiques.
         Conflit d├®tect├® entre 'Platform:System.Web.dll' et 'Platform:System.Web.dll'. Impossible de d├®terminer le gagnant, car les versions de fichier et d'assembly sont identiques.
         Conflit d├®tect├® entre 'Platform:System.Windows.dll' et 'Platform:System.Windows.dll'. Impossible de d├®terminer le gagnant, car les versions de fichier et d'assembly sont identiques.
         Conflit d├®tect├® entre 'Platform:System.Xml.dll' et 'Platform:System.Xml.dll'. Impossible de d├®terminer le gagnant, car les versions de fichier et d'assembly sont identiques.
         Conflit d├®tect├® entre 'Platform:System.Xml.Serialization.dll' et 'Platform:System.Xml.Serialization.dll'. Impossible de d├®terminer le gagnant, car les versions de fichier et d'assembly sont identiques.
         Conflit d├®tect├® entre 'Platform:System.Xml.Linq.dll' et 'Platform:System.Xml.Linq.dll'. Impossible de d├®terminer le gagnant, car les versions de fichier et d'assembly sont identiques.
         Conflit d├®tect├® entre 'Platform:WindowsBase.dll' et 'Platform:WindowsBase.dll'. Impossible de d├®terminer le gagnant, car les versions de fichier et d'assembly sont identiques.
         Conflit d├®tect├® entre 'Platform:netstandard.dll' et 'Platform:netstandard.dll'. Impossible de d├®terminer le gagnant, car les versions de fichier et d'assembly sont identiques.
         Conflit d├®tect├® entre 'Platform:System.Private.CoreLib.dll' et 'Platform:System.Private.CoreLib.dll'. Impossible de d├®terminer le gagnant, car les versions de fichier et d'assembly sont identiques.
         Conflit d├®tect├® entre 'Platform:System.Private.DataContractSerialization.dll' et 'Platform:System.Private.DataContractSerialization.dll'. Impossible de d├®terminer le gagnant, car les versions de fichier et d'assembly sont identiques.
         Conflit d├®tect├® entre 'Platform:System.Private.Uri.dll' et 'Platform:System.Private.Uri.dll'. Impossible de d├®terminer le gagnant, car les versions de fichier et d'assembly sont identiques.
         Conflit d├®tect├® entre 'Platform:System.Private.Xml.dll' et 'Platform:System.Private.Xml.dll'. Impossible de d├®terminer le gagnant, car les versions de fichier et d'assembly sont identiques.
         Conflit d├®tect├® entre 'Platform:System.Private.Xml.Linq.dll' et 'Platform:System.Private.Xml.Linq.dll'. Impossible de d├®terminer le gagnant, car les versions de fichier et d'assembly sont identiques.
         Conflit d├®tect├® entre 'Platform:mscordaccore_amd64_amd64_8.0.1525.16413.dll' et 'Platform:mscordaccore_amd64_amd64_8.0.1525.16413.dll'. Impossible de d├®terminer le gagnant, car les versions de fichier et d'assembly sont identiques.
       Ex├®cution de la t├óche "ResolvePackageFileConflicts" termin├®e.
   2:6>G├®n├®ration de la cible "_HandlePackageFileConflicts" termin├®e dans le projet "SqlParserLib.csproj".
       Cible "ResolveTargetingPackAssets" ignor├®e. Elle a ├®t├® g├®n├®r├®e.
   2:6>Cible "ResolveAssemblyReferences" dans le fichier "C:\Program Files\dotnet\sdk\9.0.203\Microsoft.Common.CurrentVersion.targets" du projet "D:\www\SqlParserLight\SqlParserLib.csproj" (la cible "ResolveReferences" en d├®pend)┬á:
       Utilisation de la t├óche "ResolveAssemblyReference" ├á partir de l'assembly "Microsoft.Build.Tasks.Core, Version=15.1.0.0, Culture=neutral, PublicKeyToken=b03f5f7f11d50a3a".
       T├óche "ResolveAssemblyReference"
         TargetFrameworkMoniker┬á:
             .NETCoreApp,Version=v8.0
         TargetFrameworkMonikerDisplayName┬á:
             .NET 8.0
         TargetedRuntimeVersion┬á:
             
         Assemblies┬á:
             C:\Users\PREDTR\.nuget\packages\xunit.abstractions\2.0.3\lib\netstandard2.0\xunit.abstractions.dll
                 Private = 'false'
                 HintPath = 'C:\Users\PREDTR\.nuget\packages\xunit.abstractions\2.0.3\lib\netstandard2.0\xunit.abstractions.dll'
             C:\Users\PREDTR\.nuget\packages\xunit.assert\2.9.3\lib\net6.0\xunit.assert.dll
                 Private = 'false'
                 HintPath = 'C:\Users\PREDTR\.nuget\packages\xunit.assert\2.9.3\lib\net6.0\xunit.assert.dll'
             C:\Users\PREDTR\.nuget\packages\xunit.extensibility.core\2.9.3\lib\netstandard1.1\xunit.core.dll
                 Private = 'false'
                 HintPath = 'C:\Users\PREDTR\.nuget\packages\xunit.extensibility.core\2.9.3\lib\netstandard1.1\xunit.core.dll'
             C:\Program Files\dotnet\packs\Microsoft.NETCore.App.Ref\8.0.15\ref/net8.0/Microsoft.CSharp.dll
                 Private = 'false'
             C:\Program Files\dotnet\packs\Microsoft.NETCore.App.Ref\8.0.15\ref/net8.0/Microsoft.VisualBasic.Core.dll
                 Private = 'false'
             C:\Program Files\dotnet\packs\Microsoft.NETCore.App.Ref\8.0.15\ref/net8.0/Microsoft.VisualBasic.dll
                 Private = 'false'
             C:\Program Files\dotnet\packs\Microsoft.NETCore.App.Ref\8.0.15\ref/net8.0/Microsoft.Win32.Primitives.dll
                 Private = 'false'
             C:\Program Files\dotnet\packs\Microsoft.NETCore.App.Ref\8.0.15\ref/net8.0/Microsoft.Win32.Registry.dll
                 Private = 'false'
             C:\Program Files\dotnet\packs\Microsoft.NETCore.App.Ref\8.0.15\ref/net8.0/System.AppContext.dll
                 Private = 'false'
             C:\Program Files\dotnet\packs\Microsoft.NETCore.App.Ref\8.0.15\ref/net8.0/System.Buffers.dll
                 Private = 'false'
             C:\Program Files\dotnet\packs\Microsoft.NETCore.App.Ref\8.0.15\ref/net8.0/System.Collections.Concurrent.dll
                 Private = 'false'
             C:\Program Files\dotnet\packs\Microsoft.NETCore.App.Ref\8.0.15\ref/net8.0/System.Collections.Immutable.dll
                 Private = 'false'
             C:\Program Files\dotnet\packs\Microsoft.NETCore.App.Ref\8.0.15\ref/net8.0/System.Collections.NonGeneric.dll
                 Private = 'false'
             C:\Program Files\dotnet\packs\Microsoft.NETCore.App.Ref\8.0.15\ref/net8.0/System.Collections.Specialized.dll
                 Private = 'false'
             C:\Program Files\dotnet\packs\Microsoft.NETCore.App.Ref\8.0.15\ref/net8.0/System.Collections.dll
                 Private = 'false'
             C:\Program Files\dotnet\packs\Microsoft.NETCore.App.Ref\8.0.15\ref/net8.0/System.ComponentModel.Annotations.dll
                 Private = 'false'
             C:\Program Files\dotnet\packs\Microsoft.NETCore.App.Ref\8.0.15\ref/net8.0/System.ComponentModel.DataAnnotations.dll
                 Private = 'false'
             C:\Program Files\dotnet\packs\Microsoft.NETCore.App.Ref\8.0.15\ref/net8.0/System.ComponentModel.EventBasedAsync.dll
                 Private = 'false'
             C:\Program Files\dotnet\packs\Microsoft.NETCore.App.Ref\8.0.15\ref/net8.0/System.ComponentModel.Primitives.dll
                 Private = 'false'
             C:\Program Files\dotnet\packs\Microsoft.NETCore.App.Ref\8.0.15\ref/net8.0/System.ComponentModel.TypeConverter.dll
                 Private = 'false'
             C:\Program Files\dotnet\packs\Microsoft.NETCore.App.Ref\8.0.15\ref/net8.0/System.ComponentModel.dll
                 Private = 'false'
             C:\Program Files\dotnet\packs\Microsoft.NETCore.App.Ref\8.0.15\ref/net8.0/System.Configuration.dll
                 Private = 'false'
             C:\Program Files\dotnet\packs\Microsoft.NETCore.App.Ref\8.0.15\ref/net8.0/System.Console.dll
                 Private = 'false'
             C:\Program Files\dotnet\packs\Microsoft.NETCore.App.Ref\8.0.15\ref/net8.0/System.Core.dll
                 Private = 'false'
             C:\Program Files\dotnet\packs\Microsoft.NETCore.App.Ref\8.0.15\ref/net8.0/System.Data.Common.dll
                 Private = 'false'
             C:\Program Files\dotnet\packs\Microsoft.NETCore.App.Ref\8.0.15\ref/net8.0/System.Data.DataSetExtensions.dll
                 Private = 'false'
             C:\Program Files\dotnet\packs\Microsoft.NETCore.App.Ref\8.0.15\ref/net8.0/System.Data.dll
                 Private = 'false'
             C:\Program Files\dotnet\packs\Microsoft.NETCore.App.Ref\8.0.15\ref/net8.0/System.Diagnostics.Contracts.dll
                 Private = 'false'
             C:\Program Files\dotnet\packs\Microsoft.NETCore.App.Ref\8.0.15\ref/net8.0/System.Diagnostics.Debug.dll
                 Private = 'false'
             C:\Program Files\dotnet\packs\Microsoft.NETCore.App.Ref\8.0.15\ref/net8.0/System.Diagnostics.DiagnosticSource.dll
                 Private = 'false'
             C:\Program Files\dotnet\packs\Microsoft.NETCore.App.Ref\8.0.15\ref/net8.0/System.Diagnostics.FileVersionInfo.dll
                 Private = 'false'
             C:\Program Files\dotnet\packs\Microsoft.NETCore.App.Ref\8.0.15\ref/net8.0/System.Diagnostics.Process.dll
                 Private = 'false'
             C:\Program Files\dotnet\packs\Microsoft.NETCore.App.Ref\8.0.15\ref/net8.0/System.Diagnostics.StackTrace.dll
                 Private = 'false'
             C:\Program Files\dotnet\packs\Microsoft.NETCore.App.Ref\8.0.15\ref/net8.0/System.Diagnostics.TextWriterTraceListener.dll
                 Private = 'false'
             C:\Program Files\dotnet\packs\Microsoft.NETCore.App.Ref\8.0.15\ref/net8.0/System.Diagnostics.Tools.dll
                 Private = 'false'
             C:\Program Files\dotnet\packs\Microsoft.NETCore.App.Ref\8.0.15\ref/net8.0/System.Diagnostics.TraceSource.dll
                 Private = 'false'
             C:\Program Files\dotnet\packs\Microsoft.NETCore.App.Ref\8.0.15\ref/net8.0/System.Diagnostics.Tracing.dll
                 Private = 'false'
             C:\Program Files\dotnet\packs\Microsoft.NETCore.App.Ref\8.0.15\ref/net8.0/System.Drawing.Primitives.dll
                 Private = 'false'
             C:\Program Files\dotnet\packs\Microsoft.NETCore.App.Ref\8.0.15\ref/net8.0/System.Drawing.dll
                 Private = 'false'
             C:\Program Files\dotnet\packs\Microsoft.NETCore.App.Ref\8.0.15\ref/net8.0/System.Dynamic.Runtime.dll
                 Private = 'false'
             C:\Program Files\dotnet\packs\Microsoft.NETCore.App.Ref\8.0.15\ref/net8.0/System.Formats.Asn1.dll
                 Private = 'false'
             C:\Program Files\dotnet\packs\Microsoft.NETCore.App.Ref\8.0.15\ref/net8.0/System.Formats.Tar.dll
                 Private = 'false'
             C:\Program Files\dotnet\packs\Microsoft.NETCore.App.Ref\8.0.15\ref/net8.0/System.Globalization.Calendars.dll
                 Private = 'false'
             C:\Program Files\dotnet\packs\Microsoft.NETCore.App.Ref\8.0.15\ref/net8.0/System.Globalization.Extensions.dll
                 Private = 'false'
             C:\Program Files\dotnet\packs\Microsoft.NETCore.App.Ref\8.0.15\ref/net8.0/System.Globalization.dll
                 Private = 'false'
             C:\Program Files\dotnet\packs\Microsoft.NETCore.App.Ref\8.0.15\ref/net8.0/System.IO.Compression.Brotli.dll
                 Private = 'false'
             C:\Program Files\dotnet\packs\Microsoft.NETCore.App.Ref\8.0.15\ref/net8.0/System.IO.Compression.FileSystem.dll
                 Private = 'false'
             C:\Program Files\dotnet\packs\Microsoft.NETCore.App.Ref\8.0.15\ref/net8.0/System.IO.Compression.ZipFile.dll
                 Private = 'false'
             C:\Program Files\dotnet\packs\Microsoft.NETCore.App.Ref\8.0.15\ref/net8.0/System.IO.Compression.dll
                 Private = 'false'
             C:\Program Files\dotnet\packs\Microsoft.NETCore.App.Ref\8.0.15\ref/net8.0/System.IO.FileSystem.AccessControl.dll
                 Private = 'false'
             C:\Program Files\dotnet\packs\Microsoft.NETCore.App.Ref\8.0.15\ref/net8.0/System.IO.FileSystem.DriveInfo.dll
                 Private = 'false'
             C:\Program Files\dotnet\packs\Microsoft.NETCore.App.Ref\8.0.15\ref/net8.0/System.IO.FileSystem.Primitives.dll
                 Private = 'false'
             C:\Program Files\dotnet\packs\Microsoft.NETCore.App.Ref\8.0.15\ref/net8.0/System.IO.FileSystem.Watcher.dll
                 Private = 'false'
             C:\Program Files\dotnet\packs\Microsoft.NETCore.App.Ref\8.0.15\ref/net8.0/System.IO.FileSystem.dll
                 Private = 'false'
             C:\Program Files\dotnet\packs\Microsoft.NETCore.App.Ref\8.0.15\ref/net8.0/System.IO.IsolatedStorage.dll
                 Private = 'false'
             C:\Program Files\dotnet\packs\Microsoft.NETCore.App.Ref\8.0.15\ref/net8.0/System.IO.MemoryMappedFiles.dll
                 Private = 'false'
             C:\Program Files\dotnet\packs\Microsoft.NETCore.App.Ref\8.0.15\ref/net8.0/System.IO.Pipes.AccessControl.dll
                 Private = 'false'
             C:\Program Files\dotnet\packs\Microsoft.NETCore.App.Ref\8.0.15\ref/net8.0/System.IO.Pipes.dll
                 Private = 'false'
             C:\Program Files\dotnet\packs\Microsoft.NETCore.App.Ref\8.0.15\ref/net8.0/System.IO.UnmanagedMemoryStream.dll
                 Private = 'false'
             C:\Program Files\dotnet\packs\Microsoft.NETCore.App.Ref\8.0.15\ref/net8.0/System.IO.dll
                 Private = 'false'
             C:\Program Files\dotnet\packs\Microsoft.NETCore.App.Ref\8.0.15\ref/net8.0/System.Linq.Expressions.dll
                 Private = 'false'
             C:\Program Files\dotnet\packs\Microsoft.NETCore.App.Ref\8.0.15\ref/net8.0/System.Linq.Parallel.dll
                 Private = 'false'
             C:\Program Files\dotnet\packs\Microsoft.NETCore.App.Ref\8.0.15\ref/net8.0/System.Linq.Queryable.dll
                 Private = 'false'
             C:\Program Files\dotnet\packs\Microsoft.NETCore.App.Ref\8.0.15\ref/net8.0/System.Linq.dll
                 Private = 'false'
             C:\Program Files\dotnet\packs\Microsoft.NETCore.App.Ref\8.0.15\ref/net8.0/System.Memory.dll
                 Private = 'false'
             C:\Program Files\dotnet\packs\Microsoft.NETCore.App.Ref\8.0.15\ref/net8.0/System.Net.Http.Json.dll
                 Private = 'false'
             C:\Program Files\dotnet\packs\Microsoft.NETCore.App.Ref\8.0.15\ref/net8.0/System.Net.Http.dll
                 Private = 'false'
             C:\Program Files\dotnet\packs\Microsoft.NETCore.App.Ref\8.0.15\ref/net8.0/System.Net.HttpListener.dll
                 Private = 'false'
             C:\Program Files\dotnet\packs\Microsoft.NETCore.App.Ref\8.0.15\ref/net8.0/System.Net.Mail.dll
                 Private = 'false'
             C:\Program Files\dotnet\packs\Microsoft.NETCore.App.Ref\8.0.15\ref/net8.0/System.Net.NameResolution.dll
                 Private = 'false'
             C:\Program Files\dotnet\packs\Microsoft.NETCore.App.Ref\8.0.15\ref/net8.0/System.Net.NetworkInformation.dll
                 Private = 'false'
             C:\Program Files\dotnet\packs\Microsoft.NETCore.App.Ref\8.0.15\ref/net8.0/System.Net.Ping.dll
                 Private = 'false'
             C:\Program Files\dotnet\packs\Microsoft.NETCore.App.Ref\8.0.15\ref/net8.0/System.Net.Primitives.dll
                 Private = 'false'
             C:\Program Files\dotnet\packs\Microsoft.NETCore.App.Ref\8.0.15\ref/net8.0/System.Net.Quic.dll
                 Private = 'false'
             C:\Program Files\dotnet\packs\Microsoft.NETCore.App.Ref\8.0.15\ref/net8.0/System.Net.Requests.dll
                 Private = 'false'
             C:\Program Files\dotnet\packs\Microsoft.NETCore.App.Ref\8.0.15\ref/net8.0/System.Net.Security.dll
                 Private = 'false'
             C:\Program Files\dotnet\packs\Microsoft.NETCore.App.Ref\8.0.15\ref/net8.0/System.Net.ServicePoint.dll
                 Private = 'false'
             C:\Program Files\dotnet\packs\Microsoft.NETCore.App.Ref\8.0.15\ref/net8.0/System.Net.Sockets.dll
                 Private = 'false'
             C:\Program Files\dotnet\packs\Microsoft.NETCore.App.Ref\8.0.15\ref/net8.0/System.Net.WebClient.dll
                 Private = 'false'
             C:\Program Files\dotnet\packs\Microsoft.NETCore.App.Ref\8.0.15\ref/net8.0/System.Net.WebHeaderCollection.dll
                 Private = 'false'
             C:\Program Files\dotnet\packs\Microsoft.NETCore.App.Ref\8.0.15\ref/net8.0/System.Net.WebProxy.dll
                 Private = 'false'
             C:\Program Files\dotnet\packs\Microsoft.NETCore.App.Ref\8.0.15\ref/net8.0/System.Net.WebSockets.Client.dll
                 Private = 'false'
             C:\Program Files\dotnet\packs\Microsoft.NETCore.App.Ref\8.0.15\ref/net8.0/System.Net.WebSockets.dll
                 Private = 'false'
             C:\Program Files\dotnet\packs\Microsoft.NETCore.App.Ref\8.0.15\ref/net8.0/System.Net.dll
                 Private = 'false'
             C:\Program Files\dotnet\packs\Microsoft.NETCore.App.Ref\8.0.15\ref/net8.0/System.Numerics.Vectors.dll
                 Private = 'false'
             C:\Program Files\dotnet\packs\Microsoft.NETCore.App.Ref\8.0.15\ref/net8.0/System.Numerics.dll
                 Private = 'false'
             C:\Program Files\dotnet\packs\Microsoft.NETCore.App.Ref\8.0.15\ref/net8.0/System.ObjectModel.dll
                 Private = 'false'
             C:\Program Files\dotnet\packs\Microsoft.NETCore.App.Ref\8.0.15\ref/net8.0/System.Reflection.DispatchProxy.dll
                 Private = 'false'
             C:\Program Files\dotnet\packs\Microsoft.NETCore.App.Ref\8.0.15\ref/net8.0/System.Reflection.Emit.ILGeneration.dll
                 Private = 'false'
             C:\Program Files\dotnet\packs\Microsoft.NETCore.App.Ref\8.0.15\ref/net8.0/System.Reflection.Emit.Lightweight.dll
                 Private = 'false'
             C:\Program Files\dotnet\packs\Microsoft.NETCore.App.Ref\8.0.15\ref/net8.0/System.Reflection.Emit.dll
                 Private = 'false'
             C:\Program Files\dotnet\packs\Microsoft.NETCore.App.Ref\8.0.15\ref/net8.0/System.Reflection.Extensions.dll
                 Private = 'false'
             C:\Program Files\dotnet\packs\Microsoft.NETCore.App.Ref\8.0.15\ref/net8.0/System.Reflection.Metadata.dll
                 Private = 'false'
             C:\Program Files\dotnet\packs\Microsoft.NETCore.App.Ref\8.0.15\ref/net8.0/System.Reflection.Primitives.dll
                 Private = 'false'
             C:\Program Files\dotnet\packs\Microsoft.NETCore.App.Ref\8.0.15\ref/net8.0/System.Reflection.TypeExtensions.dll
                 Private = 'false'
             C:\Program Files\dotnet\packs\Microsoft.NETCore.App.Ref\8.0.15\ref/net8.0/System.Reflection.dll
                 Private = 'false'
             C:\Program Files\dotnet\packs\Microsoft.NETCore.App.Ref\8.0.15\ref/net8.0/System.Resources.Reader.dll
                 Private = 'false'
             C:\Program Files\dotnet\packs\Microsoft.NETCore.App.Ref\8.0.15\ref/net8.0/System.Resources.ResourceManager.dll
                 Private = 'false'
             C:\Program Files\dotnet\packs\Microsoft.NETCore.App.Ref\8.0.15\ref/net8.0/System.Resources.Writer.dll
                 Private = 'false'
             C:\Program Files\dotnet\packs\Microsoft.NETCore.App.Ref\8.0.15\ref/net8.0/System.Runtime.CompilerServices.Unsafe.dll
                 Private = 'false'
             C:\Program Files\dotnet\packs\Microsoft.NETCore.App.Ref\8.0.15\ref/net8.0/System.Runtime.CompilerServices.VisualC.dll
                 Private = 'false'
             C:\Program Files\dotnet\packs\Microsoft.NETCore.App.Ref\8.0.15\ref/net8.0/System.Runtime.Extensions.dll
                 Private = 'false'
             C:\Program Files\dotnet\packs\Microsoft.NETCore.App.Ref\8.0.15\ref/net8.0/System.Runtime.Handles.dll
                 Private = 'false'
             C:\Program Files\dotnet\packs\Microsoft.NETCore.App.Ref\8.0.15\ref/net8.0/System.Runtime.InteropServices.JavaScript.dll
                 Private = 'false'
             C:\Program Files\dotnet\packs\Microsoft.NETCore.App.Ref\8.0.15\ref/net8.0/System.Runtime.InteropServices.RuntimeInformation.dll
                 Private = 'false'
             C:\Program Files\dotnet\packs\Microsoft.NETCore.App.Ref\8.0.15\ref/net8.0/System.Runtime.InteropServices.dll
                 Private = 'false'
             C:\Program Files\dotnet\packs\Microsoft.NETCore.App.Ref\8.0.15\ref/net8.0/System.Runtime.Intrinsics.dll
                 Private = 'false'
             C:\Program Files\dotnet\packs\Microsoft.NETCore.App.Ref\8.0.15\ref/net8.0/System.Runtime.Loader.dll
                 Private = 'false'
             C:\Program Files\dotnet\packs\Microsoft.NETCore.App.Ref\8.0.15\ref/net8.0/System.Runtime.Numerics.dll
                 Private = 'false'
             C:\Program Files\dotnet\packs\Microsoft.NETCore.App.Ref\8.0.15\ref/net8.0/System.Runtime.Serialization.Formatters.dll
                 Private = 'false'
             C:\Program Files\dotnet\packs\Microsoft.NETCore.App.Ref\8.0.15\ref/net8.0/System.Runtime.Serialization.Json.dll
                 Private = 'false'
             C:\Program Files\dotnet\packs\Microsoft.NETCore.App.Ref\8.0.15\ref/net8.0/System.Runtime.Serialization.Primitives.dll
                 Private = 'false'
             C:\Program Files\dotnet\packs\Microsoft.NETCore.App.Ref\8.0.15\ref/net8.0/System.Runtime.Serialization.Xml.dll
                 Private = 'false'
             C:\Program Files\dotnet\packs\Microsoft.NETCore.App.Ref\8.0.15\ref/net8.0/System.Runtime.Serialization.dll
                 Private = 'false'
             C:\Program Files\dotnet\packs\Microsoft.NETCore.App.Ref\8.0.15\ref/net8.0/System.Runtime.dll
                 Private = 'false'
             C:\Program Files\dotnet\packs\Microsoft.NETCore.App.Ref\8.0.15\ref/net8.0/System.Security.AccessControl.dll
                 Private = 'false'
             C:\Program Files\dotnet\packs\Microsoft.NETCore.App.Ref\8.0.15\ref/net8.0/System.Security.Claims.dll
                 Private = 'false'
             C:\Program Files\dotnet\packs\Microsoft.NETCore.App.Ref\8.0.15\ref/net8.0/System.Security.Cryptography.Algorithms.dll
                 Private = 'false'
             C:\Program Files\dotnet\packs\Microsoft.NETCore.App.Ref\8.0.15\ref/net8.0/System.Security.Cryptography.Cng.dll
                 Private = 'false'
             C:\Program Files\dotnet\packs\Microsoft.NETCore.App.Ref\8.0.15\ref/net8.0/System.Security.Cryptography.Csp.dll
                 Private = 'false'
             C:\Program Files\dotnet\packs\Microsoft.NETCore.App.Ref\8.0.15\ref/net8.0/System.Security.Cryptography.Encoding.dll
                 Private = 'false'
             C:\Program Files\dotnet\packs\Microsoft.NETCore.App.Ref\8.0.15\ref/net8.0/System.Security.Cryptography.OpenSsl.dll
                 Private = 'false'
             C:\Program Files\dotnet\packs\Microsoft.NETCore.App.Ref\8.0.15\ref/net8.0/System.Security.Cryptography.Primitives.dll
                 Private = 'false'
             C:\Program Files\dotnet\packs\Microsoft.NETCore.App.Ref\8.0.15\ref/net8.0/System.Security.Cryptography.X509Certificates.dll
                 Private = 'false'
             C:\Program Files\dotnet\packs\Microsoft.NETCore.App.Ref\8.0.15\ref/net8.0/System.Security.Cryptography.dll
                 Private = 'false'
             C:\Program Files\dotnet\packs\Microsoft.NETCore.App.Ref\8.0.15\ref/net8.0/System.Security.Principal.Windows.dll
                 Private = 'false'
             C:\Program Files\dotnet\packs\Microsoft.NETCore.App.Ref\8.0.15\ref/net8.0/System.Security.Principal.dll
                 Private = 'false'
             C:\Program Files\dotnet\packs\Microsoft.NETCore.App.Ref\8.0.15\ref/net8.0/System.Security.SecureString.dll
                 Private = 'false'
             C:\Program Files\dotnet\packs\Microsoft.NETCore.App.Ref\8.0.15\ref/net8.0/System.Security.dll
                 Private = 'false'
             C:\Program Files\dotnet\packs\Microsoft.NETCore.App.Ref\8.0.15\ref/net8.0/System.ServiceModel.Web.dll
                 Private = 'false'
             C:\Program Files\dotnet\packs\Microsoft.NETCore.App.Ref\8.0.15\ref/net8.0/System.ServiceProcess.dll
                 Private = 'false'
             C:\Program Files\dotnet\packs\Microsoft.NETCore.App.Ref\8.0.15\ref/net8.0/System.Text.Encoding.CodePages.dll
                 Private = 'false'
             C:\Program Files\dotnet\packs\Microsoft.NETCore.App.Ref\8.0.15\ref/net8.0/System.Text.Encoding.Extensions.dll
                 Private = 'false'
             C:\Program Files\dotnet\packs\Microsoft.NETCore.App.Ref\8.0.15\ref/net8.0/System.Text.Encoding.dll
                 Private = 'false'
             C:\Program Files\dotnet\packs\Microsoft.NETCore.App.Ref\8.0.15\ref/net8.0/System.Text.Encodings.Web.dll
                 Private = 'false'
             C:\Program Files\dotnet\packs\Microsoft.NETCore.App.Ref\8.0.15\ref/net8.0/System.Text.Json.dll
                 Private = 'false'
             C:\Program Files\dotnet\packs\Microsoft.NETCore.App.Ref\8.0.15\ref/net8.0/System.Text.RegularExpressions.dll
                 Private = 'false'
             C:\Program Files\dotnet\packs\Microsoft.NETCore.App.Ref\8.0.15\ref/net8.0/System.Threading.Channels.dll
                 Private = 'false'
             C:\Program Files\dotnet\packs\Microsoft.NETCore.App.Ref\8.0.15\ref/net8.0/System.Threading.Overlapped.dll
                 Private = 'false'
             C:\Program Files\dotnet\packs\Microsoft.NETCore.App.Ref\8.0.15\ref/net8.0/System.Threading.Tasks.Dataflow.dll
                 Private = 'false'
             C:\Program Files\dotnet\packs\Microsoft.NETCore.App.Ref\8.0.15\ref/net8.0/System.Threading.Tasks.Extensions.dll
                 Private = 'false'
             C:\Program Files\dotnet\packs\Microsoft.NETCore.App.Ref\8.0.15\ref/net8.0/System.Threading.Tasks.Parallel.dll
                 Private = 'false'
             C:\Program Files\dotnet\packs\Microsoft.NETCore.App.Ref\8.0.15\ref/net8.0/System.Threading.Tasks.dll
                 Private = 'false'
             C:\Program Files\dotnet\packs\Microsoft.NETCore.App.Ref\8.0.15\ref/net8.0/System.Threading.Thread.dll
                 Private = 'false'
             C:\Program Files\dotnet\packs\Microsoft.NETCore.App.Ref\8.0.15\ref/net8.0/System.Threading.ThreadPool.dll
                 Private = 'false'
             C:\Program Files\dotnet\packs\Microsoft.NETCore.App.Ref\8.0.15\ref/net8.0/System.Threading.Timer.dll
                 Private = 'false'
             C:\Program Files\dotnet\packs\Microsoft.NETCore.App.Ref\8.0.15\ref/net8.0/System.Threading.dll
                 Private = 'false'
             C:\Program Files\dotnet\packs\Microsoft.NETCore.App.Ref\8.0.15\ref/net8.0/System.Transactions.Local.dll
                 Private = 'false'
             C:\Program Files\dotnet\packs\Microsoft.NETCore.App.Ref\8.0.15\ref/net8.0/System.Transactions.dll
                 Private = 'false'
             C:\Program Files\dotnet\packs\Microsoft.NETCore.App.Ref\8.0.15\ref/net8.0/System.ValueTuple.dll
                 Private = 'false'
             C:\Program Files\dotnet\packs\Microsoft.NETCore.App.Ref\8.0.15\ref/net8.0/System.Web.HttpUtility.dll
                 Private = 'false'
             C:\Program Files\dotnet\packs\Microsoft.NETCore.App.Ref\8.0.15\ref/net8.0/System.Web.dll
                 Private = 'false'
             C:\Program Files\dotnet\packs\Microsoft.NETCore.App.Ref\8.0.15\ref/net8.0/System.Windows.dll
                 Private = 'false'
             C:\Program Files\dotnet\packs\Microsoft.NETCore.App.Ref\8.0.15\ref/net8.0/System.Xml.Linq.dll
                 Private = 'false'
             C:\Program Files\dotnet\packs\Microsoft.NETCore.App.Ref\8.0.15\ref/net8.0/System.Xml.ReaderWriter.dll
                 Private = 'false'
             C:\Program Files\dotnet\packs\Microsoft.NETCore.App.Ref\8.0.15\ref/net8.0/System.Xml.Serialization.dll
                 Private = 'false'
             C:\Program Files\dotnet\packs\Microsoft.NETCore.App.Ref\8.0.15\ref/net8.0/System.Xml.XDocument.dll
                 Private = 'false'
             C:\Program Files\dotnet\packs\Microsoft.NETCore.App.Ref\8.0.15\ref/net8.0/System.Xml.XPath.XDocument.dll
                 Private = 'false'
             C:\Program Files\dotnet\packs\Microsoft.NETCore.App.Ref\8.0.15\ref/net8.0/System.Xml.XPath.dll
                 Private = 'false'
             C:\Program Files\dotnet\packs\Microsoft.NETCore.App.Ref\8.0.15\ref/net8.0/System.Xml.XmlDocument.dll
                 Private = 'false'
             C:\Program Files\dotnet\packs\Microsoft.NETCore.App.Ref\8.0.15\ref/net8.0/System.Xml.XmlSerializer.dll
                 Private = 'false'
             C:\Program Files\dotnet\packs\Microsoft.NETCore.App.Ref\8.0.15\ref/net8.0/System.Xml.dll
                 Private = 'false'
             C:\Program Files\dotnet\packs\Microsoft.NETCore.App.Ref\8.0.15\ref/net8.0/System.dll
                 Private = 'false'
             C:\Program Files\dotnet\packs\Microsoft.NETCore.App.Ref\8.0.15\ref/net8.0/WindowsBase.dll
                 Private = 'false'
             C:\Program Files\dotnet\packs\Microsoft.NETCore.App.Ref\8.0.15\ref/net8.0/mscorlib.dll
                 Private = 'false'
             C:\Program Files\dotnet\packs\Microsoft.NETCore.App.Ref\8.0.15\ref/net8.0/netstandard.dll
                 Private = 'false'
         AssemblyFiles┬á:
         CandidateAssemblyFiles┬á:
         TargetFrameworkDirectories┬á:
             
         InstalledAssemblyTables┬á:
         IgnoreInstalledAssemblyTable┬á:
             False
         SearchPaths┬á:
             {CandidateAssemblyFiles}
             {HintPathFromItem}
             {TargetFrameworkDirectory}
             {RawFileName}
         AllowedAssemblyExtensions┬á:
             .winmd
             .dll
             .exe
         AllowedRelatedFileExtensions┬á:
             .pdb
             .xml
             .pri
             .dll.config
             .exe.config
         AppConfigFile┬á:
             
         AutoUnify┬á:
             True
         CopyLocalDependenciesWhenParentReferenceInGac┬á:
             True
         FindDependencies┬á:
             True
         TargetProcessorArchitecture┬á:
             msil
         StateFile┬á:
             obj\Debug\net8.0\SqlParserLib.csproj.AssemblyReference.cache
         InstalledAssemblySubsetTables┬á:
         IgnoreInstalledAssemblySubsetTable┬á:
             False
         TargetFrameworkSubsets┬á:
         FullTargetFrameworkSubsetNames┬á:
             Full
         ProfileName┬á:
             
         FullFrameworkFolders┬á:
         LatestTargetFrameworkDirectories┬á:
         ProfileTablesLocation┬á:
         R├®f├®rence primaire "xunit.abstractions, Version=2.0.0.0, Culture=neutral, PublicKeyToken=8d05b1bb7a6fdb6c".
             Le chemin de fichier r├®solu est "C:\Users\PREDTR\.nuget\packages\xunit.abstractions\2.0.3\lib\netstandard2.0\xunit.abstractions.dll".
             R├®f├®rence trouv├®e dans l'emplacement du chemin d'acc├¿s de recherche "{HintPathFromItem}".
             Cette r├®f├®rence n'est pas "CopyLocal", car le param├¿tre "Private" d'au moins un ├®l├®ment source avait la valeur "false" et aucun ├®l├®ment source ne pr├®sentait de param├¿tre "Private" dont la valeur ├®tait "true".
         R├®f├®rence primaire "xunit.assert, Version=2.9.3.0, Culture=neutral, PublicKeyToken=8d05b1bb7a6fdb6c".
             Le chemin de fichier r├®solu est "C:\Users\PREDTR\.nuget\packages\xunit.assert\2.9.3\lib\net6.0\xunit.assert.dll".
             R├®f├®rence trouv├®e dans l'emplacement du chemin d'acc├¿s de recherche "{HintPathFromItem}".
             Cette r├®f├®rence n'est pas "CopyLocal", car le param├¿tre "Private" d'au moins un ├®l├®ment source avait la valeur "false" et aucun ├®l├®ment source ne pr├®sentait de param├¿tre "Private" dont la valeur ├®tait "true".
         R├®f├®rence primaire "xunit.core, Version=2.9.3.0, Culture=neutral, PublicKeyToken=8d05b1bb7a6fdb6c".
             Le chemin de fichier r├®solu est "C:\Users\PREDTR\.nuget\packages\xunit.extensibility.core\2.9.3\lib\netstandard1.1\xunit.core.dll".
             R├®f├®rence trouv├®e dans l'emplacement du chemin d'acc├¿s de recherche "{HintPathFromItem}".
             Cette r├®f├®rence n'est pas "CopyLocal", car le param├¿tre "Private" d'au moins un ├®l├®ment source avait la valeur "false" et aucun ├®l├®ment source ne pr├®sentait de param├¿tre "Private" dont la valeur ├®tait "true".
         R├®f├®rence primaire "Microsoft.CSharp, Version=8.0.0.0, Culture=neutral, PublicKeyToken=b03f5f7f11d50a3a".
             Le chemin de fichier r├®solu est "C:\Program Files\dotnet\packs\Microsoft.NETCore.App.Ref\8.0.15\ref\net8.0\Microsoft.CSharp.dll".
             R├®f├®rence trouv├®e dans l'emplacement du chemin d'acc├¿s de recherche "{RawFileName}".
             Cette r├®f├®rence n'est pas "CopyLocal", car le param├¿tre "Private" d'au moins un ├®l├®ment source avait la valeur "false" et aucun ├®l├®ment source ne pr├®sentait de param├¿tre "Private" dont la valeur ├®tait "true".
         R├®f├®rence primaire "Microsoft.VisualBasic.Core, Version=13.0.0.0, Culture=neutral, PublicKeyToken=b03f5f7f11d50a3a".
             Le chemin de fichier r├®solu est "C:\Program Files\dotnet\packs\Microsoft.NETCore.App.Ref\8.0.15\ref\net8.0\Microsoft.VisualBasic.Core.dll".
             R├®f├®rence trouv├®e dans l'emplacement du chemin d'acc├¿s de recherche "{RawFileName}".
             Cette r├®f├®rence n'est pas "CopyLocal", car le param├¿tre "Private" d'au moins un ├®l├®ment source avait la valeur "false" et aucun ├®l├®ment source ne pr├®sentait de param├¿tre "Private" dont la valeur ├®tait "true".
         R├®f├®rence primaire "Microsoft.VisualBasic, Version=10.0.0.0, Culture=neutral, PublicKeyToken=b03f5f7f11d50a3a".
             Le chemin de fichier r├®solu est "C:\Program Files\dotnet\packs\Microsoft.NETCore.App.Ref\8.0.15\ref\net8.0\Microsoft.VisualBasic.dll".
             R├®f├®rence trouv├®e dans l'emplacement du chemin d'acc├¿s de recherche "{RawFileName}".
             Cette r├®f├®rence n'est pas "CopyLocal", car le param├¿tre "Private" d'au moins un ├®l├®ment source avait la valeur "false" et aucun ├®l├®ment source ne pr├®sentait de param├¿tre "Private" dont la valeur ├®tait "true".
         R├®f├®rence primaire "Microsoft.Win32.Primitives, Version=8.0.0.0, Culture=neutral, PublicKeyToken=b03f5f7f11d50a3a".
             Le chemin de fichier r├®solu est "C:\Program Files\dotnet\packs\Microsoft.NETCore.App.Ref\8.0.15\ref\net8.0\Microsoft.Win32.Primitives.dll".
             R├®f├®rence trouv├®e dans l'emplacement du chemin d'acc├¿s de recherche "{RawFileName}".
             Cette r├®f├®rence n'est pas "CopyLocal", car le param├¿tre "Private" d'au moins un ├®l├®ment source avait la valeur "false" et aucun ├®l├®ment source ne pr├®sentait de param├¿tre "Private" dont la valeur ├®tait "true".
         R├®f├®rence primaire "Microsoft.Win32.Registry, Version=8.0.0.0, Culture=neutral, PublicKeyToken=b03f5f7f11d50a3a".
             Le chemin de fichier r├®solu est "C:\Program Files\dotnet\packs\Microsoft.NETCore.App.Ref\8.0.15\ref\net8.0\Microsoft.Win32.Registry.dll".
             R├®f├®rence trouv├®e dans l'emplacement du chemin d'acc├¿s de recherche "{RawFileName}".
             Cette r├®f├®rence n'est pas "CopyLocal", car le param├¿tre "Private" d'au moins un ├®l├®ment source avait la valeur "false" et aucun ├®l├®ment source ne pr├®sentait de param├¿tre "Private" dont la valeur ├®tait "true".
         R├®f├®rence primaire "System.AppContext, Version=8.0.0.0, Culture=neutral, PublicKeyToken=b03f5f7f11d50a3a".
             Le chemin de fichier r├®solu est "C:\Program Files\dotnet\packs\Microsoft.NETCore.App.Ref\8.0.15\ref\net8.0\System.AppContext.dll".
             R├®f├®rence trouv├®e dans l'emplacement du chemin d'acc├¿s de recherche "{RawFileName}".
             Cette r├®f├®rence n'est pas "CopyLocal", car le param├¿tre "Private" d'au moins un ├®l├®ment source avait la valeur "false" et aucun ├®l├®ment source ne pr├®sentait de param├¿tre "Private" dont la valeur ├®tait "true".
         R├®f├®rence primaire "System.Buffers, Version=8.0.0.0, Culture=neutral, PublicKeyToken=cc7b13ffcd2ddd51".
             Le chemin de fichier r├®solu est "C:\Program Files\dotnet\packs\Microsoft.NETCore.App.Ref\8.0.15\ref\net8.0\System.Buffers.dll".
             R├®f├®rence trouv├®e dans l'emplacement du chemin d'acc├¿s de recherche "{RawFileName}".
             Cette r├®f├®rence n'est pas "CopyLocal", car le param├¿tre "Private" d'au moins un ├®l├®ment source avait la valeur "false" et aucun ├®l├®ment source ne pr├®sentait de param├¿tre "Private" dont la valeur ├®tait "true".
         R├®f├®rence primaire "System.Collections.Concurrent, Version=8.0.0.0, Culture=neutral, PublicKeyToken=b03f5f7f11d50a3a".
             Le chemin de fichier r├®solu est "C:\Program Files\dotnet\packs\Microsoft.NETCore.App.Ref\8.0.15\ref\net8.0\System.Collections.Concurrent.dll".
             R├®f├®rence trouv├®e dans l'emplacement du chemin d'acc├¿s de recherche "{RawFileName}".
             Cette r├®f├®rence n'est pas "CopyLocal", car le param├¿tre "Private" d'au moins un ├®l├®ment source avait la valeur "false" et aucun ├®l├®ment source ne pr├®sentait de param├¿tre "Private" dont la valeur ├®tait "true".
         R├®f├®rence primaire "System.Collections.Immutable, Version=8.0.0.0, Culture=neutral, PublicKeyToken=b03f5f7f11d50a3a".
             Le chemin de fichier r├®solu est "C:\Program Files\dotnet\packs\Microsoft.NETCore.App.Ref\8.0.15\ref\net8.0\System.Collections.Immutable.dll".
             R├®f├®rence trouv├®e dans l'emplacement du chemin d'acc├¿s de recherche "{RawFileName}".
             Cette r├®f├®rence n'est pas "CopyLocal", car le param├¿tre "Private" d'au moins un ├®l├®ment source avait la valeur "false" et aucun ├®l├®ment source ne pr├®sentait de param├¿tre "Private" dont la valeur ├®tait "true".
         R├®f├®rence primaire "System.Collections.NonGeneric, Version=8.0.0.0, Culture=neutral, PublicKeyToken=b03f5f7f11d50a3a".
             Le chemin de fichier r├®solu est "C:\Program Files\dotnet\packs\Microsoft.NETCore.App.Ref\8.0.15\ref\net8.0\System.Collections.NonGeneric.dll".
             R├®f├®rence trouv├®e dans l'emplacement du chemin d'acc├¿s de recherche "{RawFileName}".
             Cette r├®f├®rence n'est pas "CopyLocal", car le param├¿tre "Private" d'au moins un ├®l├®ment source avait la valeur "false" et aucun ├®l├®ment source ne pr├®sentait de param├¿tre "Private" dont la valeur ├®tait "true".
         R├®f├®rence primaire "System.Collections.Specialized, Version=8.0.0.0, Culture=neutral, PublicKeyToken=b03f5f7f11d50a3a".
             Le chemin de fichier r├®solu est "C:\Program Files\dotnet\packs\Microsoft.NETCore.App.Ref\8.0.15\ref\net8.0\System.Collections.Specialized.dll".
             R├®f├®rence trouv├®e dans l'emplacement du chemin d'acc├¿s de recherche "{RawFileName}".
             Cette r├®f├®rence n'est pas "CopyLocal", car le param├¿tre "Private" d'au moins un ├®l├®ment source avait la valeur "false" et aucun ├®l├®ment source ne pr├®sentait de param├¿tre "Private" dont la valeur ├®tait "true".
         R├®f├®rence primaire "System.Collections, Version=8.0.0.0, Culture=neutral, PublicKeyToken=b03f5f7f11d50a3a".
             Le chemin de fichier r├®solu est "C:\Program Files\dotnet\packs\Microsoft.NETCore.App.Ref\8.0.15\ref\net8.0\System.Collections.dll".
             R├®f├®rence trouv├®e dans l'emplacement du chemin d'acc├¿s de recherche "{RawFileName}".
             Cette r├®f├®rence n'est pas "CopyLocal", car le param├¿tre "Private" d'au moins un ├®l├®ment source avait la valeur "false" et aucun ├®l├®ment source ne pr├®sentait de param├¿tre "Private" dont la valeur ├®tait "true".
         R├®f├®rence primaire "System.ComponentModel.Annotations, Version=8.0.0.0, Culture=neutral, PublicKeyToken=b03f5f7f11d50a3a".
             Le chemin de fichier r├®solu est "C:\Program Files\dotnet\packs\Microsoft.NETCore.App.Ref\8.0.15\ref\net8.0\System.ComponentModel.Annotations.dll".
             R├®f├®rence trouv├®e dans l'emplacement du chemin d'acc├¿s de recherche "{RawFileName}".
             Cette r├®f├®rence n'est pas "CopyLocal", car le param├¿tre "Private" d'au moins un ├®l├®ment source avait la valeur "false" et aucun ├®l├®ment source ne pr├®sentait de param├¿tre "Private" dont la valeur ├®tait "true".
         R├®f├®rence primaire "System.ComponentModel.DataAnnotations, Version=4.0.0.0, Culture=neutral, PublicKeyToken=31bf3856ad364e35".
             Le chemin de fichier r├®solu est "C:\Program Files\dotnet\packs\Microsoft.NETCore.App.Ref\8.0.15\ref\net8.0\System.ComponentModel.DataAnnotations.dll".
             R├®f├®rence trouv├®e dans l'emplacement du chemin d'acc├¿s de recherche "{RawFileName}".
             Cette r├®f├®rence n'est pas "CopyLocal", car le param├¿tre "Private" d'au moins un ├®l├®ment source avait la valeur "false" et aucun ├®l├®ment source ne pr├®sentait de param├¿tre "Private" dont la valeur ├®tait "true".
         R├®f├®rence primaire "System.ComponentModel.EventBasedAsync, Version=8.0.0.0, Culture=neutral, PublicKeyToken=b03f5f7f11d50a3a".
             Le chemin de fichier r├®solu est "C:\Program Files\dotnet\packs\Microsoft.NETCore.App.Ref\8.0.15\ref\net8.0\System.ComponentModel.EventBasedAsync.dll".
             R├®f├®rence trouv├®e dans l'emplacement du chemin d'acc├¿s de recherche "{RawFileName}".
             Cette r├®f├®rence n'est pas "CopyLocal", car le param├¿tre "Private" d'au moins un ├®l├®ment source avait la valeur "false" et aucun ├®l├®ment source ne pr├®sentait de param├¿tre "Private" dont la valeur ├®tait "true".
         R├®f├®rence primaire "System.ComponentModel.Primitives, Version=8.0.0.0, Culture=neutral, PublicKeyToken=b03f5f7f11d50a3a".
             Le chemin de fichier r├®solu est "C:\Program Files\dotnet\packs\Microsoft.NETCore.App.Ref\8.0.15\ref\net8.0\System.ComponentModel.Primitives.dll".
             R├®f├®rence trouv├®e dans l'emplacement du chemin d'acc├¿s de recherche "{RawFileName}".
             Cette r├®f├®rence n'est pas "CopyLocal", car le param├¿tre "Private" d'au moins un ├®l├®ment source avait la valeur "false" et aucun ├®l├®ment source ne pr├®sentait de param├¿tre "Private" dont la valeur ├®tait "true".
         R├®f├®rence primaire "System.ComponentModel.TypeConverter, Version=8.0.0.0, Culture=neutral, PublicKeyToken=b03f5f7f11d50a3a".
             Le chemin de fichier r├®solu est "C:\Program Files\dotnet\packs\Microsoft.NETCore.App.Ref\8.0.15\ref\net8.0\System.ComponentModel.TypeConverter.dll".
             R├®f├®rence trouv├®e dans l'emplacement du chemin d'acc├¿s de recherche "{RawFileName}".
             Cette r├®f├®rence n'est pas "CopyLocal", car le param├¿tre "Private" d'au moins un ├®l├®ment source avait la valeur "false" et aucun ├®l├®ment source ne pr├®sentait de param├¿tre "Private" dont la valeur ├®tait "true".
         R├®f├®rence primaire "System.ComponentModel, Version=8.0.0.0, Culture=neutral, PublicKeyToken=b03f5f7f11d50a3a".
             Le chemin de fichier r├®solu est "C:\Program Files\dotnet\packs\Microsoft.NETCore.App.Ref\8.0.15\ref\net8.0\System.ComponentModel.dll".
             R├®f├®rence trouv├®e dans l'emplacement du chemin d'acc├¿s de recherche "{RawFileName}".
             Cette r├®f├®rence n'est pas "CopyLocal", car le param├¿tre "Private" d'au moins un ├®l├®ment source avait la valeur "false" et aucun ├®l├®ment source ne pr├®sentait de param├¿tre "Private" dont la valeur ├®tait "true".
         R├®f├®rence primaire "System.Configuration, Version=4.0.0.0, Culture=neutral, PublicKeyToken=b03f5f7f11d50a3a".
             Le chemin de fichier r├®solu est "C:\Program Files\dotnet\packs\Microsoft.NETCore.App.Ref\8.0.15\ref\net8.0\System.Configuration.dll".
             R├®f├®rence trouv├®e dans l'emplacement du chemin d'acc├¿s de recherche "{RawFileName}".
             Cette r├®f├®rence n'est pas "CopyLocal", car le param├¿tre "Private" d'au moins un ├®l├®ment source avait la valeur "false" et aucun ├®l├®ment source ne pr├®sentait de param├¿tre "Private" dont la valeur ├®tait "true".
         R├®f├®rence primaire "System.Console, Version=8.0.0.0, Culture=neutral, PublicKeyToken=b03f5f7f11d50a3a".
             Le chemin de fichier r├®solu est "C:\Program Files\dotnet\packs\Microsoft.NETCore.App.Ref\8.0.15\ref\net8.0\System.Console.dll".
             R├®f├®rence trouv├®e dans l'emplacement du chemin d'acc├¿s de recherche "{RawFileName}".
             Cette r├®f├®rence n'est pas "CopyLocal", car le param├¿tre "Private" d'au moins un ├®l├®ment source avait la valeur "false" et aucun ├®l├®ment source ne pr├®sentait de param├¿tre "Private" dont la valeur ├®tait "true".
         R├®f├®rence primaire "System.Core, Version=4.0.0.0, Culture=neutral, PublicKeyToken=b77a5c561934e089".
             Le chemin de fichier r├®solu est "C:\Program Files\dotnet\packs\Microsoft.NETCore.App.Ref\8.0.15\ref\net8.0\System.Core.dll".
             R├®f├®rence trouv├®e dans l'emplacement du chemin d'acc├¿s de recherche "{RawFileName}".
             Cette r├®f├®rence n'est pas "CopyLocal", car le param├¿tre "Private" d'au moins un ├®l├®ment source avait la valeur "false" et aucun ├®l├®ment source ne pr├®sentait de param├¿tre "Private" dont la valeur ├®tait "true".
         R├®f├®rence primaire "System.Data.Common, Version=8.0.0.0, Culture=neutral, PublicKeyToken=b03f5f7f11d50a3a".
             Le chemin de fichier r├®solu est "C:\Program Files\dotnet\packs\Microsoft.NETCore.App.Ref\8.0.15\ref\net8.0\System.Data.Common.dll".
             R├®f├®rence trouv├®e dans l'emplacement du chemin d'acc├¿s de recherche "{RawFileName}".
             Cette r├®f├®rence n'est pas "CopyLocal", car le param├¿tre "Private" d'au moins un ├®l├®ment source avait la valeur "false" et aucun ├®l├®ment source ne pr├®sentait de param├¿tre "Private" dont la valeur ├®tait "true".
         R├®f├®rence primaire "System.Data.DataSetExtensions, Version=8.0.0.0, Culture=neutral, PublicKeyToken=b77a5c561934e089".
             Le chemin de fichier r├®solu est "C:\Program Files\dotnet\packs\Microsoft.NETCore.App.Ref\8.0.15\ref\net8.0\System.Data.DataSetExtensions.dll".
             R├®f├®rence trouv├®e dans l'emplacement du chemin d'acc├¿s de recherche "{RawFileName}".
             Cette r├®f├®rence n'est pas "CopyLocal", car le param├¿tre "Private" d'au moins un ├®l├®ment source avait la valeur "false" et aucun ├®l├®ment source ne pr├®sentait de param├¿tre "Private" dont la valeur ├®tait "true".
         R├®f├®rence primaire "System.Data, Version=4.0.0.0, Culture=neutral, PublicKeyToken=b77a5c561934e089".
             Le chemin de fichier r├®solu est "C:\Program Files\dotnet\packs\Microsoft.NETCore.App.Ref\8.0.15\ref\net8.0\System.Data.dll".
             R├®f├®rence trouv├®e dans l'emplacement du chemin d'acc├¿s de recherche "{RawFileName}".
             Cette r├®f├®rence n'est pas "CopyLocal", car le param├¿tre "Private" d'au moins un ├®l├®ment source avait la valeur "false" et aucun ├®l├®ment source ne pr├®sentait de param├¿tre "Private" dont la valeur ├®tait "true".
         R├®f├®rence primaire "System.Diagnostics.Contracts, Version=8.0.0.0, Culture=neutral, PublicKeyToken=b03f5f7f11d50a3a".
             Le chemin de fichier r├®solu est "C:\Program Files\dotnet\packs\Microsoft.NETCore.App.Ref\8.0.15\ref\net8.0\System.Diagnostics.Contracts.dll".
             R├®f├®rence trouv├®e dans l'emplacement du chemin d'acc├¿s de recherche "{RawFileName}".
             Cette r├®f├®rence n'est pas "CopyLocal", car le param├¿tre "Private" d'au moins un ├®l├®ment source avait la valeur "false" et aucun ├®l├®ment source ne pr├®sentait de param├¿tre "Private" dont la valeur ├®tait "true".
         R├®f├®rence primaire "System.Diagnostics.Debug, Version=8.0.0.0, Culture=neutral, PublicKeyToken=b03f5f7f11d50a3a".
             Le chemin de fichier r├®solu est "C:\Program Files\dotnet\packs\Microsoft.NETCore.App.Ref\8.0.15\ref\net8.0\System.Diagnostics.Debug.dll".
             R├®f├®rence trouv├®e dans l'emplacement du chemin d'acc├¿s de recherche "{RawFileName}".
             Cette r├®f├®rence n'est pas "CopyLocal", car le param├¿tre "Private" d'au moins un ├®l├®ment source avait la valeur "false" et aucun ├®l├®ment source ne pr├®sentait de param├¿tre "Private" dont la valeur ├®tait "true".
         R├®f├®rence primaire "System.Diagnostics.DiagnosticSource, Version=8.0.0.0, Culture=neutral, PublicKeyToken=cc7b13ffcd2ddd51".
             Le chemin de fichier r├®solu est "C:\Program Files\dotnet\packs\Microsoft.NETCore.App.Ref\8.0.15\ref\net8.0\System.Diagnostics.DiagnosticSource.dll".
             R├®f├®rence trouv├®e dans l'emplacement du chemin d'acc├¿s de recherche "{RawFileName}".
             Cette r├®f├®rence n'est pas "CopyLocal", car le param├¿tre "Private" d'au moins un ├®l├®ment source avait la valeur "false" et aucun ├®l├®ment source ne pr├®sentait de param├¿tre "Private" dont la valeur ├®tait "true".
         R├®f├®rence primaire "System.Diagnostics.FileVersionInfo, Version=8.0.0.0, Culture=neutral, PublicKeyToken=b03f5f7f11d50a3a".
             Le chemin de fichier r├®solu est "C:\Program Files\dotnet\packs\Microsoft.NETCore.App.Ref\8.0.15\ref\net8.0\System.Diagnostics.FileVersionInfo.dll".
             R├®f├®rence trouv├®e dans l'emplacement du chemin d'acc├¿s de recherche "{RawFileName}".
             Cette r├®f├®rence n'est pas "CopyLocal", car le param├¿tre "Private" d'au moins un ├®l├®ment source avait la valeur "false" et aucun ├®l├®ment source ne pr├®sentait de param├¿tre "Private" dont la valeur ├®tait "true".
         R├®f├®rence primaire "System.Diagnostics.Process, Version=8.0.0.0, Culture=neutral, PublicKeyToken=b03f5f7f11d50a3a".
             Le chemin de fichier r├®solu est "C:\Program Files\dotnet\packs\Microsoft.NETCore.App.Ref\8.0.15\ref\net8.0\System.Diagnostics.Process.dll".
             R├®f├®rence trouv├®e dans l'emplacement du chemin d'acc├¿s de recherche "{RawFileName}".
             Cette r├®f├®rence n'est pas "CopyLocal", car le param├¿tre "Private" d'au moins un ├®l├®ment source avait la valeur "false" et aucun ├®l├®ment source ne pr├®sentait de param├¿tre "Private" dont la valeur ├®tait "true".
         R├®f├®rence primaire "System.Diagnostics.StackTrace, Version=8.0.0.0, Culture=neutral, PublicKeyToken=b03f5f7f11d50a3a".
             Le chemin de fichier r├®solu est "C:\Program Files\dotnet\packs\Microsoft.NETCore.App.Ref\8.0.15\ref\net8.0\System.Diagnostics.StackTrace.dll".
             R├®f├®rence trouv├®e dans l'emplacement du chemin d'acc├¿s de recherche "{RawFileName}".
             Cette r├®f├®rence n'est pas "CopyLocal", car le param├¿tre "Private" d'au moins un ├®l├®ment source avait la valeur "false" et aucun ├®l├®ment source ne pr├®sentait de param├¿tre "Private" dont la valeur ├®tait "true".
         R├®f├®rence primaire "System.Diagnostics.TextWriterTraceListener, Version=8.0.0.0, Culture=neutral, PublicKeyToken=b03f5f7f11d50a3a".
             Le chemin de fichier r├®solu est "C:\Program Files\dotnet\packs\Microsoft.NETCore.App.Ref\8.0.15\ref\net8.0\System.Diagnostics.TextWriterTraceListener.dll".
             R├®f├®rence trouv├®e dans l'emplacement du chemin d'acc├¿s de recherche "{RawFileName}".
             Cette r├®f├®rence n'est pas "CopyLocal", car le param├¿tre "Private" d'au moins un ├®l├®ment source avait la valeur "false" et aucun ├®l├®ment source ne pr├®sentait de param├¿tre "Private" dont la valeur ├®tait "true".
         R├®f├®rence primaire "System.Diagnostics.Tools, Version=8.0.0.0, Culture=neutral, PublicKeyToken=b03f5f7f11d50a3a".
             Le chemin de fichier r├®solu est "C:\Program Files\dotnet\packs\Microsoft.NETCore.App.Ref\8.0.15\ref\net8.0\System.Diagnostics.Tools.dll".
             R├®f├®rence trouv├®e dans l'emplacement du chemin d'acc├¿s de recherche "{RawFileName}".
             Cette r├®f├®rence n'est pas "CopyLocal", car le param├¿tre "Private" d'au moins un ├®l├®ment source avait la valeur "false" et aucun ├®l├®ment source ne pr├®sentait de param├¿tre "Private" dont la valeur ├®tait "true".
         R├®f├®rence primaire "System.Diagnostics.TraceSource, Version=8.0.0.0, Culture=neutral, PublicKeyToken=b03f5f7f11d50a3a".
             Le chemin de fichier r├®solu est "C:\Program Files\dotnet\packs\Microsoft.NETCore.App.Ref\8.0.15\ref\net8.0\System.Diagnostics.TraceSource.dll".
             R├®f├®rence trouv├®e dans l'emplacement du chemin d'acc├¿s de recherche "{RawFileName}".
             Cette r├®f├®rence n'est pas "CopyLocal", car le param├¿tre "Private" d'au moins un ├®l├®ment source avait la valeur "false" et aucun ├®l├®ment source ne pr├®sentait de param├¿tre "Private" dont la valeur ├®tait "true".
         R├®f├®rence primaire "System.Diagnostics.Tracing, Version=8.0.0.0, Culture=neutral, PublicKeyToken=b03f5f7f11d50a3a".
             Le chemin de fichier r├®solu est "C:\Program Files\dotnet\packs\Microsoft.NETCore.App.Ref\8.0.15\ref\net8.0\System.Diagnostics.Tracing.dll".
             R├®f├®rence trouv├®e dans l'emplacement du chemin d'acc├¿s de recherche "{RawFileName}".
             Cette r├®f├®rence n'est pas "CopyLocal", car le param├¿tre "Private" d'au moins un ├®l├®ment source avait la valeur "false" et aucun ├®l├®ment source ne pr├®sentait de param├¿tre "Private" dont la valeur ├®tait "true".
         R├®f├®rence primaire "System.Drawing.Primitives, Version=8.0.0.0, Culture=neutral, PublicKeyToken=b03f5f7f11d50a3a".
             Le chemin de fichier r├®solu est "C:\Program Files\dotnet\packs\Microsoft.NETCore.App.Ref\8.0.15\ref\net8.0\System.Drawing.Primitives.dll".
             R├®f├®rence trouv├®e dans l'emplacement du chemin d'acc├¿s de recherche "{RawFileName}".
             Cette r├®f├®rence n'est pas "CopyLocal", car le param├¿tre "Private" d'au moins un ├®l├®ment source avait la valeur "false" et aucun ├®l├®ment source ne pr├®sentait de param├¿tre "Private" dont la valeur ├®tait "true".
         R├®f├®rence primaire "System.Drawing, Version=4.0.0.0, Culture=neutral, PublicKeyToken=b03f5f7f11d50a3a".
             Le chemin de fichier r├®solu est "C:\Program Files\dotnet\packs\Microsoft.NETCore.App.Ref\8.0.15\ref\net8.0\System.Drawing.dll".
             R├®f├®rence trouv├®e dans l'emplacement du chemin d'acc├¿s de recherche "{RawFileName}".
             Cette r├®f├®rence n'est pas "CopyLocal", car le param├¿tre "Private" d'au moins un ├®l├®ment source avait la valeur "false" et aucun ├®l├®ment source ne pr├®sentait de param├¿tre "Private" dont la valeur ├®tait "true".
         R├®f├®rence primaire "System.Dynamic.Runtime, Version=8.0.0.0, Culture=neutral, PublicKeyToken=b03f5f7f11d50a3a".
             Le chemin de fichier r├®solu est "C:\Program Files\dotnet\packs\Microsoft.NETCore.App.Ref\8.0.15\ref\net8.0\System.Dynamic.Runtime.dll".
             R├®f├®rence trouv├®e dans l'emplacement du chemin d'acc├¿s de recherche "{RawFileName}".
             Cette r├®f├®rence n'est pas "CopyLocal", car le param├¿tre "Private" d'au moins un ├®l├®ment source avait la valeur "false" et aucun ├®l├®ment source ne pr├®sentait de param├¿tre "Private" dont la valeur ├®tait "true".
         R├®f├®rence primaire "System.Formats.Asn1, Version=8.0.0.0, Culture=neutral, PublicKeyToken=cc7b13ffcd2ddd51".
             Le chemin de fichier r├®solu est "C:\Program Files\dotnet\packs\Microsoft.NETCore.App.Ref\8.0.15\ref\net8.0\System.Formats.Asn1.dll".
             R├®f├®rence trouv├®e dans l'emplacement du chemin d'acc├¿s de recherche "{RawFileName}".
             Cette r├®f├®rence n'est pas "CopyLocal", car le param├¿tre "Private" d'au moins un ├®l├®ment source avait la valeur "false" et aucun ├®l├®ment source ne pr├®sentait de param├¿tre "Private" dont la valeur ├®tait "true".
         R├®f├®rence primaire "System.Formats.Tar, Version=8.0.0.0, Culture=neutral, PublicKeyToken=cc7b13ffcd2ddd51".
             Le chemin de fichier r├®solu est "C:\Program Files\dotnet\packs\Microsoft.NETCore.App.Ref\8.0.15\ref\net8.0\System.Formats.Tar.dll".
             R├®f├®rence trouv├®e dans l'emplacement du chemin d'acc├¿s de recherche "{RawFileName}".
             Cette r├®f├®rence n'est pas "CopyLocal", car le param├¿tre "Private" d'au moins un ├®l├®ment source avait la valeur "false" et aucun ├®l├®ment source ne pr├®sentait de param├¿tre "Private" dont la valeur ├®tait "true".
         R├®f├®rence primaire "System.Globalization.Calendars, Version=8.0.0.0, Culture=neutral, PublicKeyToken=b03f5f7f11d50a3a".
             Le chemin de fichier r├®solu est "C:\Program Files\dotnet\packs\Microsoft.NETCore.App.Ref\8.0.15\ref\net8.0\System.Globalization.Calendars.dll".
             R├®f├®rence trouv├®e dans l'emplacement du chemin d'acc├¿s de recherche "{RawFileName}".
             Cette r├®f├®rence n'est pas "CopyLocal", car le param├¿tre "Private" d'au moins un ├®l├®ment source avait la valeur "false" et aucun ├®l├®ment source ne pr├®sentait de param├¿tre "Private" dont la valeur ├®tait "true".
         R├®f├®rence primaire "System.Globalization.Extensions, Version=8.0.0.0, Culture=neutral, PublicKeyToken=b03f5f7f11d50a3a".
             Le chemin de fichier r├®solu est "C:\Program Files\dotnet\packs\Microsoft.NETCore.App.Ref\8.0.15\ref\net8.0\System.Globalization.Extensions.dll".
             R├®f├®rence trouv├®e dans l'emplacement du chemin d'acc├¿s de recherche "{RawFileName}".
             Cette r├®f├®rence n'est pas "CopyLocal", car le param├¿tre "Private" d'au moins un ├®l├®ment source avait la valeur "false" et aucun ├®l├®ment source ne pr├®sentait de param├¿tre "Private" dont la valeur ├®tait "true".
         R├®f├®rence primaire "System.Globalization, Version=8.0.0.0, Culture=neutral, PublicKeyToken=b03f5f7f11d50a3a".
             Le chemin de fichier r├®solu est "C:\Program Files\dotnet\packs\Microsoft.NETCore.App.Ref\8.0.15\ref\net8.0\System.Globalization.dll".
             R├®f├®rence trouv├®e dans l'emplacement du chemin d'acc├¿s de recherche "{RawFileName}".
             Cette r├®f├®rence n'est pas "CopyLocal", car le param├¿tre "Private" d'au moins un ├®l├®ment source avait la valeur "false" et aucun ├®l├®ment source ne pr├®sentait de param├¿tre "Private" dont la valeur ├®tait "true".
         R├®f├®rence primaire "System.IO.Compression.Brotli, Version=8.0.0.0, Culture=neutral, PublicKeyToken=b77a5c561934e089".
             Le chemin de fichier r├®solu est "C:\Program Files\dotnet\packs\Microsoft.NETCore.App.Ref\8.0.15\ref\net8.0\System.IO.Compression.Brotli.dll".
             R├®f├®rence trouv├®e dans l'emplacement du chemin d'acc├¿s de recherche "{RawFileName}".
             Cette r├®f├®rence n'est pas "CopyLocal", car le param├¿tre "Private" d'au moins un ├®l├®ment source avait la valeur "false" et aucun ├®l├®ment source ne pr├®sentait de param├¿tre "Private" dont la valeur ├®tait "true".
         R├®f├®rence primaire "System.IO.Compression.FileSystem, Version=4.0.0.0, Culture=neutral, PublicKeyToken=b77a5c561934e089".
             Le chemin de fichier r├®solu est "C:\Program Files\dotnet\packs\Microsoft.NETCore.App.Ref\8.0.15\ref\net8.0\System.IO.Compression.FileSystem.dll".
             R├®f├®rence trouv├®e dans l'emplacement du chemin d'acc├¿s de recherche "{RawFileName}".
             Cette r├®f├®rence n'est pas "CopyLocal", car le param├¿tre "Private" d'au moins un ├®l├®ment source avait la valeur "false" et aucun ├®l├®ment source ne pr├®sentait de param├¿tre "Private" dont la valeur ├®tait "true".
         R├®f├®rence primaire "System.IO.Compression.ZipFile, Version=8.0.0.0, Culture=neutral, PublicKeyToken=b77a5c561934e089".
             Le chemin de fichier r├®solu est "C:\Program Files\dotnet\packs\Microsoft.NETCore.App.Ref\8.0.15\ref\net8.0\System.IO.Compression.ZipFile.dll".
             R├®f├®rence trouv├®e dans l'emplacement du chemin d'acc├¿s de recherche "{RawFileName}".
             Cette r├®f├®rence n'est pas "CopyLocal", car le param├¿tre "Private" d'au moins un ├®l├®ment source avait la valeur "false" et aucun ├®l├®ment source ne pr├®sentait de param├¿tre "Private" dont la valeur ├®tait "true".
         R├®f├®rence primaire "System.IO.Compression, Version=8.0.0.0, Culture=neutral, PublicKeyToken=b77a5c561934e089".
             Le chemin de fichier r├®solu est "C:\Program Files\dotnet\packs\Microsoft.NETCore.App.Ref\8.0.15\ref\net8.0\System.IO.Compression.dll".
             R├®f├®rence trouv├®e dans l'emplacement du chemin d'acc├¿s de recherche "{RawFileName}".
             Cette r├®f├®rence n'est pas "CopyLocal", car le param├¿tre "Private" d'au moins un ├®l├®ment source avait la valeur "false" et aucun ├®l├®ment source ne pr├®sentait de param├¿tre "Private" dont la valeur ├®tait "true".
         R├®f├®rence primaire "System.IO.FileSystem.AccessControl, Version=8.0.0.0, Culture=neutral, PublicKeyToken=b03f5f7f11d50a3a".
             Le chemin de fichier r├®solu est "C:\Program Files\dotnet\packs\Microsoft.NETCore.App.Ref\8.0.15\ref\net8.0\System.IO.FileSystem.AccessControl.dll".
             R├®f├®rence trouv├®e dans l'emplacement du chemin d'acc├¿s de recherche "{RawFileName}".
             Cette r├®f├®rence n'est pas "CopyLocal", car le param├¿tre "Private" d'au moins un ├®l├®ment source avait la valeur "false" et aucun ├®l├®ment source ne pr├®sentait de param├¿tre "Private" dont la valeur ├®tait "true".
         R├®f├®rence primaire "System.IO.FileSystem.DriveInfo, Version=8.0.0.0, Culture=neutral, PublicKeyToken=b03f5f7f11d50a3a".
             Le chemin de fichier r├®solu est "C:\Program Files\dotnet\packs\Microsoft.NETCore.App.Ref\8.0.15\ref\net8.0\System.IO.FileSystem.DriveInfo.dll".
             R├®f├®rence trouv├®e dans l'emplacement du chemin d'acc├¿s de recherche "{RawFileName}".
             Cette r├®f├®rence n'est pas "CopyLocal", car le param├¿tre "Private" d'au moins un ├®l├®ment source avait la valeur "false" et aucun ├®l├®ment source ne pr├®sentait de param├¿tre "Private" dont la valeur ├®tait "true".
         R├®f├®rence primaire "System.IO.FileSystem.Primitives, Version=8.0.0.0, Culture=neutral, PublicKeyToken=b03f5f7f11d50a3a".
             Le chemin de fichier r├®solu est "C:\Program Files\dotnet\packs\Microsoft.NETCore.App.Ref\8.0.15\ref\net8.0\System.IO.FileSystem.Primitives.dll".
             R├®f├®rence trouv├®e dans l'emplacement du chemin d'acc├¿s de recherche "{RawFileName}".
             Cette r├®f├®rence n'est pas "CopyLocal", car le param├¿tre "Private" d'au moins un ├®l├®ment source avait la valeur "false" et aucun ├®l├®ment source ne pr├®sentait de param├¿tre "Private" dont la valeur ├®tait "true".
         R├®f├®rence primaire "System.IO.FileSystem.Watcher, Version=8.0.0.0, Culture=neutral, PublicKeyToken=b03f5f7f11d50a3a".
             Le chemin de fichier r├®solu est "C:\Program Files\dotnet\packs\Microsoft.NETCore.App.Ref\8.0.15\ref\net8.0\System.IO.FileSystem.Watcher.dll".
             R├®f├®rence trouv├®e dans l'emplacement du chemin d'acc├¿s de recherche "{RawFileName}".
             Cette r├®f├®rence n'est pas "CopyLocal", car le param├¿tre "Private" d'au moins un ├®l├®ment source avait la valeur "false" et aucun ├®l├®ment source ne pr├®sentait de param├¿tre "Private" dont la valeur ├®tait "true".
         R├®f├®rence primaire "System.IO.FileSystem, Version=8.0.0.0, Culture=neutral, PublicKeyToken=b03f5f7f11d50a3a".
             Le chemin de fichier r├®solu est "C:\Program Files\dotnet\packs\Microsoft.NETCore.App.Ref\8.0.15\ref\net8.0\System.IO.FileSystem.dll".
             R├®f├®rence trouv├®e dans l'emplacement du chemin d'acc├¿s de recherche "{RawFileName}".
             Cette r├®f├®rence n'est pas "CopyLocal", car le param├¿tre "Private" d'au moins un ├®l├®ment source avait la valeur "false" et aucun ├®l├®ment source ne pr├®sentait de param├¿tre "Private" dont la valeur ├®tait "true".
         R├®f├®rence primaire "System.IO.IsolatedStorage, Version=8.0.0.0, Culture=neutral, PublicKeyToken=b03f5f7f11d50a3a".
             Le chemin de fichier r├®solu est "C:\Program Files\dotnet\packs\Microsoft.NETCore.App.Ref\8.0.15\ref\net8.0\System.IO.IsolatedStorage.dll".
             R├®f├®rence trouv├®e dans l'emplacement du chemin d'acc├¿s de recherche "{RawFileName}".
             Cette r├®f├®rence n'est pas "CopyLocal", car le param├¿tre "Private" d'au moins un ├®l├®ment source avait la valeur "false" et aucun ├®l├®ment source ne pr├®sentait de param├¿tre "Private" dont la valeur ├®tait "true".
         R├®f├®rence primaire "System.IO.MemoryMappedFiles, Version=8.0.0.0, Culture=neutral, PublicKeyToken=b03f5f7f11d50a3a".
             Le chemin de fichier r├®solu est "C:\Program Files\dotnet\packs\Microsoft.NETCore.App.Ref\8.0.15\ref\net8.0\System.IO.MemoryMappedFiles.dll".
             R├®f├®rence trouv├®e dans l'emplacement du chemin d'acc├¿s de recherche "{RawFileName}".
             Cette r├®f├®rence n'est pas "CopyLocal", car le param├¿tre "Private" d'au moins un ├®l├®ment source avait la valeur "false" et aucun ├®l├®ment source ne pr├®sentait de param├¿tre "Private" dont la valeur ├®tait "true".
         R├®f├®rence primaire "System.IO.Pipes.AccessControl, Version=8.0.0.0, Culture=neutral, PublicKeyToken=b03f5f7f11d50a3a".
             Le chemin de fichier r├®solu est "C:\Program Files\dotnet\packs\Microsoft.NETCore.App.Ref\8.0.15\ref\net8.0\System.IO.Pipes.AccessControl.dll".
             R├®f├®rence trouv├®e dans l'emplacement du chemin d'acc├¿s de recherche "{RawFileName}".
             Cette r├®f├®rence n'est pas "CopyLocal", car le param├¿tre "Private" d'au moins un ├®l├®ment source avait la valeur "false" et aucun ├®l├®ment source ne pr├®sentait de param├¿tre "Private" dont la valeur ├®tait "true".
         R├®f├®rence primaire "System.IO.Pipes, Version=8.0.0.0, Culture=neutral, PublicKeyToken=b03f5f7f11d50a3a".
             Le chemin de fichier r├®solu est "C:\Program Files\dotnet\packs\Microsoft.NETCore.App.Ref\8.0.15\ref\net8.0\System.IO.Pipes.dll".
             R├®f├®rence trouv├®e dans l'emplacement du chemin d'acc├¿s de recherche "{RawFileName}".
             Cette r├®f├®rence n'est pas "CopyLocal", car le param├¿tre "Private" d'au moins un ├®l├®ment source avait la valeur "false" et aucun ├®l├®ment source ne pr├®sentait de param├¿tre "Private" dont la valeur ├®tait "true".
         R├®f├®rence primaire "System.IO.UnmanagedMemoryStream, Version=8.0.0.0, Culture=neutral, PublicKeyToken=b03f5f7f11d50a3a".
             Le chemin de fichier r├®solu est "C:\Program Files\dotnet\packs\Microsoft.NETCore.App.Ref\8.0.15\ref\net8.0\System.IO.UnmanagedMemoryStream.dll".
             R├®f├®rence trouv├®e dans l'emplacement du chemin d'acc├¿s de recherche "{RawFileName}".
             Cette r├®f├®rence n'est pas "CopyLocal", car le param├¿tre "Private" d'au moins un ├®l├®ment source avait la valeur "false" et aucun ├®l├®ment source ne pr├®sentait de param├¿tre "Private" dont la valeur ├®tait "true".
         R├®f├®rence primaire "System.IO, Version=8.0.0.0, Culture=neutral, PublicKeyToken=b03f5f7f11d50a3a".
             Le chemin de fichier r├®solu est "C:\Program Files\dotnet\packs\Microsoft.NETCore.App.Ref\8.0.15\ref\net8.0\System.IO.dll".
             R├®f├®rence trouv├®e dans l'emplacement du chemin d'acc├¿s de recherche "{RawFileName}".
             Cette r├®f├®rence n'est pas "CopyLocal", car le param├¿tre "Private" d'au moins un ├®l├®ment source avait la valeur "false" et aucun ├®l├®ment source ne pr├®sentait de param├¿tre "Private" dont la valeur ├®tait "true".
         R├®f├®rence primaire "System.Linq.Expressions, Version=8.0.0.0, Culture=neutral, PublicKeyToken=b03f5f7f11d50a3a".
             Le chemin de fichier r├®solu est "C:\Program Files\dotnet\packs\Microsoft.NETCore.App.Ref\8.0.15\ref\net8.0\System.Linq.Expressions.dll".
             R├®f├®rence trouv├®e dans l'emplacement du chemin d'acc├¿s de recherche "{RawFileName}".
             Cette r├®f├®rence n'est pas "CopyLocal", car le param├¿tre "Private" d'au moins un ├®l├®ment source avait la valeur "false" et aucun ├®l├®ment source ne pr├®sentait de param├¿tre "Private" dont la valeur ├®tait "true".
         R├®f├®rence primaire "System.Linq.Parallel, Version=8.0.0.0, Culture=neutral, PublicKeyToken=b03f5f7f11d50a3a".
             Le chemin de fichier r├®solu est "C:\Program Files\dotnet\packs\Microsoft.NETCore.App.Ref\8.0.15\ref\net8.0\System.Linq.Parallel.dll".
             R├®f├®rence trouv├®e dans l'emplacement du chemin d'acc├¿s de recherche "{RawFileName}".
             Cette r├®f├®rence n'est pas "CopyLocal", car le param├¿tre "Private" d'au moins un ├®l├®ment source avait la valeur "false" et aucun ├®l├®ment source ne pr├®sentait de param├¿tre "Private" dont la valeur ├®tait "true".
         R├®f├®rence primaire "System.Linq.Queryable, Version=8.0.0.0, Culture=neutral, PublicKeyToken=b03f5f7f11d50a3a".
             Le chemin de fichier r├®solu est "C:\Program Files\dotnet\packs\Microsoft.NETCore.App.Ref\8.0.15\ref\net8.0\System.Linq.Queryable.dll".
             R├®f├®rence trouv├®e dans l'emplacement du chemin d'acc├¿s de recherche "{RawFileName}".
             Cette r├®f├®rence n'est pas "CopyLocal", car le param├¿tre "Private" d'au moins un ├®l├®ment source avait la valeur "false" et aucun ├®l├®ment source ne pr├®sentait de param├¿tre "Private" dont la valeur ├®tait "true".
         R├®f├®rence primaire "System.Linq, Version=8.0.0.0, Culture=neutral, PublicKeyToken=b03f5f7f11d50a3a".
             Le chemin de fichier r├®solu est "C:\Program Files\dotnet\packs\Microsoft.NETCore.App.Ref\8.0.15\ref\net8.0\System.Linq.dll".
             R├®f├®rence trouv├®e dans l'emplacement du chemin d'acc├¿s de recherche "{RawFileName}".
             Cette r├®f├®rence n'est pas "CopyLocal", car le param├¿tre "Private" d'au moins un ├®l├®ment source avait la valeur "false" et aucun ├®l├®ment source ne pr├®sentait de param├¿tre "Private" dont la valeur ├®tait "true".
         R├®f├®rence primaire "System.Memory, Version=8.0.0.0, Culture=neutral, PublicKeyToken=cc7b13ffcd2ddd51".
             Le chemin de fichier r├®solu est "C:\Program Files\dotnet\packs\Microsoft.NETCore.App.Ref\8.0.15\ref\net8.0\System.Memory.dll".
             R├®f├®rence trouv├®e dans l'emplacement du chemin d'acc├¿s de recherche "{RawFileName}".
             Cette r├®f├®rence n'est pas "CopyLocal", car le param├¿tre "Private" d'au moins un ├®l├®ment source avait la valeur "false" et aucun ├®l├®ment source ne pr├®sentait de param├¿tre "Private" dont la valeur ├®tait "true".
         R├®f├®rence primaire "System.Net.Http.Json, Version=8.0.0.0, Culture=neutral, PublicKeyToken=cc7b13ffcd2ddd51".
             Le chemin de fichier r├®solu est "C:\Program Files\dotnet\packs\Microsoft.NETCore.App.Ref\8.0.15\ref\net8.0\System.Net.Http.Json.dll".
             R├®f├®rence trouv├®e dans l'emplacement du chemin d'acc├¿s de recherche "{RawFileName}".
             Cette r├®f├®rence n'est pas "CopyLocal", car le param├¿tre "Private" d'au moins un ├®l├®ment source avait la valeur "false" et aucun ├®l├®ment source ne pr├®sentait de param├¿tre "Private" dont la valeur ├®tait "true".
         R├®f├®rence primaire "System.Net.Http, Version=8.0.0.0, Culture=neutral, PublicKeyToken=b03f5f7f11d50a3a".
             Le chemin de fichier r├®solu est "C:\Program Files\dotnet\packs\Microsoft.NETCore.App.Ref\8.0.15\ref\net8.0\System.Net.Http.dll".
             R├®f├®rence trouv├®e dans l'emplacement du chemin d'acc├¿s de recherche "{RawFileName}".
             Cette r├®f├®rence n'est pas "CopyLocal", car le param├¿tre "Private" d'au moins un ├®l├®ment source avait la valeur "false" et aucun ├®l├®ment source ne pr├®sentait de param├¿tre "Private" dont la valeur ├®tait "true".
         R├®f├®rence primaire "System.Net.HttpListener, Version=8.0.0.0, Culture=neutral, PublicKeyToken=cc7b13ffcd2ddd51".
             Le chemin de fichier r├®solu est "C:\Program Files\dotnet\packs\Microsoft.NETCore.App.Ref\8.0.15\ref\net8.0\System.Net.HttpListener.dll".
             R├®f├®rence trouv├®e dans l'emplacement du chemin d'acc├¿s de recherche "{RawFileName}".
             Cette r├®f├®rence n'est pas "CopyLocal", car le param├¿tre "Private" d'au moins un ├®l├®ment source avait la valeur "false" et aucun ├®l├®ment source ne pr├®sentait de param├¿tre "Private" dont la valeur ├®tait "true".
         R├®f├®rence primaire "System.Net.Mail, Version=8.0.0.0, Culture=neutral, PublicKeyToken=cc7b13ffcd2ddd51".
             Le chemin de fichier r├®solu est "C:\Program Files\dotnet\packs\Microsoft.NETCore.App.Ref\8.0.15\ref\net8.0\System.Net.Mail.dll".
             R├®f├®rence trouv├®e dans l'emplacement du chemin d'acc├¿s de recherche "{RawFileName}".
             Cette r├®f├®rence n'est pas "CopyLocal", car le param├¿tre "Private" d'au moins un ├®l├®ment source avait la valeur "false" et aucun ├®l├®ment source ne pr├®sentait de param├¿tre "Private" dont la valeur ├®tait "true".
         R├®f├®rence primaire "System.Net.NameResolution, Version=8.0.0.0, Culture=neutral, PublicKeyToken=b03f5f7f11d50a3a".
             Le chemin de fichier r├®solu est "C:\Program Files\dotnet\packs\Microsoft.NETCore.App.Ref\8.0.15\ref\net8.0\System.Net.NameResolution.dll".
             R├®f├®rence trouv├®e dans l'emplacement du chemin d'acc├¿s de recherche "{RawFileName}".
             Cette r├®f├®rence n'est pas "CopyLocal", car le param├¿tre "Private" d'au moins un ├®l├®ment source avait la valeur "false" et aucun ├®l├®ment source ne pr├®sentait de param├¿tre "Private" dont la valeur ├®tait "true".
         R├®f├®rence primaire "System.Net.NetworkInformation, Version=8.0.0.0, Culture=neutral, PublicKeyToken=b03f5f7f11d50a3a".
             Le chemin de fichier r├®solu est "C:\Program Files\dotnet\packs\Microsoft.NETCore.App.Ref\8.0.15\ref\net8.0\System.Net.NetworkInformation.dll".
             R├®f├®rence trouv├®e dans l'emplacement du chemin d'acc├¿s de recherche "{RawFileName}".
             Cette r├®f├®rence n'est pas "CopyLocal", car le param├¿tre "Private" d'au moins un ├®l├®ment source avait la valeur "false" et aucun ├®l├®ment source ne pr├®sentait de param├¿tre "Private" dont la valeur ├®tait "true".
         R├®f├®rence primaire "System.Net.Ping, Version=8.0.0.0, Culture=neutral, PublicKeyToken=b03f5f7f11d50a3a".
             Le chemin de fichier r├®solu est "C:\Program Files\dotnet\packs\Microsoft.NETCore.App.Ref\8.0.15\ref\net8.0\System.Net.Ping.dll".
             R├®f├®rence trouv├®e dans l'emplacement du chemin d'acc├¿s de recherche "{RawFileName}".
             Cette r├®f├®rence n'est pas "CopyLocal", car le param├¿tre "Private" d'au moins un ├®l├®ment source avait la valeur "false" et aucun ├®l├®ment source ne pr├®sentait de param├¿tre "Private" dont la valeur ├®tait "true".
         R├®f├®rence primaire "System.Net.Primitives, Version=8.0.0.0, Culture=neutral, PublicKeyToken=b03f5f7f11d50a3a".
             Le chemin de fichier r├®solu est "C:\Program Files\dotnet\packs\Microsoft.NETCore.App.Ref\8.0.15\ref\net8.0\System.Net.Primitives.dll".
             R├®f├®rence trouv├®e dans l'emplacement du chemin d'acc├¿s de recherche "{RawFileName}".
             Cette r├®f├®rence n'est pas "CopyLocal", car le param├¿tre "Private" d'au moins un ├®l├®ment source avait la valeur "false" et aucun ├®l├®ment source ne pr├®sentait de param├¿tre "Private" dont la valeur ├®tait "true".
         R├®f├®rence primaire "System.Net.Quic, Version=8.0.0.0, Culture=neutral, PublicKeyToken=b03f5f7f11d50a3a".
             Le chemin de fichier r├®solu est "C:\Program Files\dotnet\packs\Microsoft.NETCore.App.Ref\8.0.15\ref\net8.0\System.Net.Quic.dll".
             R├®f├®rence trouv├®e dans l'emplacement du chemin d'acc├¿s de recherche "{RawFileName}".
             Cette r├®f├®rence n'est pas "CopyLocal", car le param├¿tre "Private" d'au moins un ├®l├®ment source avait la valeur "false" et aucun ├®l├®ment source ne pr├®sentait de param├¿tre "Private" dont la valeur ├®tait "true".
         R├®f├®rence primaire "System.Net.Requests, Version=8.0.0.0, Culture=neutral, PublicKeyToken=b03f5f7f11d50a3a".
             Le chemin de fichier r├®solu est "C:\Program Files\dotnet\packs\Microsoft.NETCore.App.Ref\8.0.15\ref\net8.0\System.Net.Requests.dll".
             R├®f├®rence trouv├®e dans l'emplacement du chemin d'acc├¿s de recherche "{RawFileName}".
             Cette r├®f├®rence n'est pas "CopyLocal", car le param├¿tre "Private" d'au moins un ├®l├®ment source avait la valeur "false" et aucun ├®l├®ment source ne pr├®sentait de param├¿tre "Private" dont la valeur ├®tait "true".
         R├®f├®rence primaire "System.Net.Security, Version=8.0.0.0, Culture=neutral, PublicKeyToken=b03f5f7f11d50a3a".
             Le chemin de fichier r├®solu est "C:\Program Files\dotnet\packs\Microsoft.NETCore.App.Ref\8.0.15\ref\net8.0\System.Net.Security.dll".
             R├®f├®rence trouv├®e dans l'emplacement du chemin d'acc├¿s de recherche "{RawFileName}".
             Cette r├®f├®rence n'est pas "CopyLocal", car le param├¿tre "Private" d'au moins un ├®l├®ment source avait la valeur "false" et aucun ├®l├®ment source ne pr├®sentait de param├¿tre "Private" dont la valeur ├®tait "true".
         R├®f├®rence primaire "System.Net.ServicePoint, Version=8.0.0.0, Culture=neutral, PublicKeyToken=cc7b13ffcd2ddd51".
             Le chemin de fichier r├®solu est "C:\Program Files\dotnet\packs\Microsoft.NETCore.App.Ref\8.0.15\ref\net8.0\System.Net.ServicePoint.dll".
             R├®f├®rence trouv├®e dans l'emplacement du chemin d'acc├¿s de recherche "{RawFileName}".
             Cette r├®f├®rence n'est pas "CopyLocal", car le param├¿tre "Private" d'au moins un ├®l├®ment source avait la valeur "false" et aucun ├®l├®ment source ne pr├®sentait de param├¿tre "Private" dont la valeur ├®tait "true".
         R├®f├®rence primaire "System.Net.Sockets, Version=8.0.0.0, Culture=neutral, PublicKeyToken=b03f5f7f11d50a3a".
             Le chemin de fichier r├®solu est "C:\Program Files\dotnet\packs\Microsoft.NETCore.App.Ref\8.0.15\ref\net8.0\System.Net.Sockets.dll".
             R├®f├®rence trouv├®e dans l'emplacement du chemin d'acc├¿s de recherche "{RawFileName}".
             Cette r├®f├®rence n'est pas "CopyLocal", car le param├¿tre "Private" d'au moins un ├®l├®ment source avait la valeur "false" et aucun ├®l├®ment source ne pr├®sentait de param├¿tre "Private" dont la valeur ├®tait "true".
         R├®f├®rence primaire "System.Net.WebClient, Version=8.0.0.0, Culture=neutral, PublicKeyToken=cc7b13ffcd2ddd51".
             Le chemin de fichier r├®solu est "C:\Program Files\dotnet\packs\Microsoft.NETCore.App.Ref\8.0.15\ref\net8.0\System.Net.WebClient.dll".
             R├®f├®rence trouv├®e dans l'emplacement du chemin d'acc├¿s de recherche "{RawFileName}".
             Cette r├®f├®rence n'est pas "CopyLocal", car le param├¿tre "Private" d'au moins un ├®l├®ment source avait la valeur "false" et aucun ├®l├®ment source ne pr├®sentait de param├¿tre "Private" dont la valeur ├®tait "true".
         R├®f├®rence primaire "System.Net.WebHeaderCollection, Version=8.0.0.0, Culture=neutral, PublicKeyToken=b03f5f7f11d50a3a".
             Le chemin de fichier r├®solu est "C:\Program Files\dotnet\packs\Microsoft.NETCore.App.Ref\8.0.15\ref\net8.0\System.Net.WebHeaderCollection.dll".
             R├®f├®rence trouv├®e dans l'emplacement du chemin d'acc├¿s de recherche "{RawFileName}".
             Cette r├®f├®rence n'est pas "CopyLocal", car le param├¿tre "Private" d'au moins un ├®l├®ment source avait la valeur "false" et aucun ├®l├®ment source ne pr├®sentait de param├¿tre "Private" dont la valeur ├®tait "true".
         R├®f├®rence primaire "System.Net.WebProxy, Version=8.0.0.0, Culture=neutral, PublicKeyToken=cc7b13ffcd2ddd51".
             Le chemin de fichier r├®solu est "C:\Program Files\dotnet\packs\Microsoft.NETCore.App.Ref\8.0.15\ref\net8.0\System.Net.WebProxy.dll".
             R├®f├®rence trouv├®e dans l'emplacement du chemin d'acc├¿s de recherche "{RawFileName}".
             Cette r├®f├®rence n'est pas "CopyLocal", car le param├¿tre "Private" d'au moins un ├®l├®ment source avait la valeur "false" et aucun ├®l├®ment source ne pr├®sentait de param├¿tre "Private" dont la valeur ├®tait "true".
         R├®f├®rence primaire "System.Net.WebSockets.Client, Version=8.0.0.0, Culture=neutral, PublicKeyToken=b03f5f7f11d50a3a".
             Le chemin de fichier r├®solu est "C:\Program Files\dotnet\packs\Microsoft.NETCore.App.Ref\8.0.15\ref\net8.0\System.Net.WebSockets.Client.dll".
             R├®f├®rence trouv├®e dans l'emplacement du chemin d'acc├¿s de recherche "{RawFileName}".
             Cette r├®f├®rence n'est pas "CopyLocal", car le param├¿tre "Private" d'au moins un ├®l├®ment source avait la valeur "false" et aucun ├®l├®ment source ne pr├®sentait de param├¿tre "Private" dont la valeur ├®tait "true".
         R├®f├®rence primaire "System.Net.WebSockets, Version=8.0.0.0, Culture=neutral, PublicKeyToken=b03f5f7f11d50a3a".
             Le chemin de fichier r├®solu est "C:\Program Files\dotnet\packs\Microsoft.NETCore.App.Ref\8.0.15\ref\net8.0\System.Net.WebSockets.dll".
             R├®f├®rence trouv├®e dans l'emplacement du chemin d'acc├¿s de recherche "{RawFileName}".
             Cette r├®f├®rence n'est pas "CopyLocal", car le param├¿tre "Private" d'au moins un ├®l├®ment source avait la valeur "false" et aucun ├®l├®ment source ne pr├®sentait de param├¿tre "Private" dont la valeur ├®tait "true".
         R├®f├®rence primaire "System.Net, Version=4.0.0.0, Culture=neutral, PublicKeyToken=b03f5f7f11d50a3a".
             Le chemin de fichier r├®solu est "C:\Program Files\dotnet\packs\Microsoft.NETCore.App.Ref\8.0.15\ref\net8.0\System.Net.dll".
             R├®f├®rence trouv├®e dans l'emplacement du chemin d'acc├¿s de recherche "{RawFileName}".
             Cette r├®f├®rence n'est pas "CopyLocal", car le param├¿tre "Private" d'au moins un ├®l├®ment source avait la valeur "false" et aucun ├®l├®ment source ne pr├®sentait de param├¿tre "Private" dont la valeur ├®tait "true".
         R├®f├®rence primaire "System.Numerics.Vectors, Version=8.0.0.0, Culture=neutral, PublicKeyToken=b03f5f7f11d50a3a".
             Le chemin de fichier r├®solu est "C:\Program Files\dotnet\packs\Microsoft.NETCore.App.Ref\8.0.15\ref\net8.0\System.Numerics.Vectors.dll".
             R├®f├®rence trouv├®e dans l'emplacement du chemin d'acc├¿s de recherche "{RawFileName}".
             Cette r├®f├®rence n'est pas "CopyLocal", car le param├¿tre "Private" d'au moins un ├®l├®ment source avait la valeur "false" et aucun ├®l├®ment source ne pr├®sentait de param├¿tre "Private" dont la valeur ├®tait "true".
         R├®f├®rence primaire "System.Numerics, Version=4.0.0.0, Culture=neutral, PublicKeyToken=b77a5c561934e089".
             Le chemin de fichier r├®solu est "C:\Program Files\dotnet\packs\Microsoft.NETCore.App.Ref\8.0.15\ref\net8.0\System.Numerics.dll".
             R├®f├®rence trouv├®e dans l'emplacement du chemin d'acc├¿s de recherche "{RawFileName}".
             Cette r├®f├®rence n'est pas "CopyLocal", car le param├¿tre "Private" d'au moins un ├®l├®ment source avait la valeur "false" et aucun ├®l├®ment source ne pr├®sentait de param├¿tre "Private" dont la valeur ├®tait "true".
         R├®f├®rence primaire "System.ObjectModel, Version=8.0.0.0, Culture=neutral, PublicKeyToken=b03f5f7f11d50a3a".
             Le chemin de fichier r├®solu est "C:\Program Files\dotnet\packs\Microsoft.NETCore.App.Ref\8.0.15\ref\net8.0\System.ObjectModel.dll".
             R├®f├®rence trouv├®e dans l'emplacement du chemin d'acc├¿s de recherche "{RawFileName}".
             Cette r├®f├®rence n'est pas "CopyLocal", car le param├¿tre "Private" d'au moins un ├®l├®ment source avait la valeur "false" et aucun ├®l├®ment source ne pr├®sentait de param├¿tre "Private" dont la valeur ├®tait "true".
         R├®f├®rence primaire "System.Reflection.DispatchProxy, Version=8.0.0.0, Culture=neutral, PublicKeyToken=b03f5f7f11d50a3a".
             Le chemin de fichier r├®solu est "C:\Program Files\dotnet\packs\Microsoft.NETCore.App.Ref\8.0.15\ref\net8.0\System.Reflection.DispatchProxy.dll".
             R├®f├®rence trouv├®e dans l'emplacement du chemin d'acc├¿s de recherche "{RawFileName}".
             Cette r├®f├®rence n'est pas "CopyLocal", car le param├¿tre "Private" d'au moins un ├®l├®ment source avait la valeur "false" et aucun ├®l├®ment source ne pr├®sentait de param├¿tre "Private" dont la valeur ├®tait "true".
         R├®f├®rence primaire "System.Reflection.Emit.ILGeneration, Version=8.0.0.0, Culture=neutral, PublicKeyToken=b03f5f7f11d50a3a".
             Le chemin de fichier r├®solu est "C:\Program Files\dotnet\packs\Microsoft.NETCore.App.Ref\8.0.15\ref\net8.0\System.Reflection.Emit.ILGeneration.dll".
             R├®f├®rence trouv├®e dans l'emplacement du chemin d'acc├¿s de recherche "{RawFileName}".
             Cette r├®f├®rence n'est pas "CopyLocal", car le param├¿tre "Private" d'au moins un ├®l├®ment source avait la valeur "false" et aucun ├®l├®ment source ne pr├®sentait de param├¿tre "Private" dont la valeur ├®tait "true".
         R├®f├®rence primaire "System.Reflection.Emit.Lightweight, Version=8.0.0.0, Culture=neutral, PublicKeyToken=b03f5f7f11d50a3a".
             Le chemin de fichier r├®solu est "C:\Program Files\dotnet\packs\Microsoft.NETCore.App.Ref\8.0.15\ref\net8.0\System.Reflection.Emit.Lightweight.dll".
             R├®f├®rence trouv├®e dans l'emplacement du chemin d'acc├¿s de recherche "{RawFileName}".
             Cette r├®f├®rence n'est pas "CopyLocal", car le param├¿tre "Private" d'au moins un ├®l├®ment source avait la valeur "false" et aucun ├®l├®ment source ne pr├®sentait de param├¿tre "Private" dont la valeur ├®tait "true".
         R├®f├®rence primaire "System.Reflection.Emit, Version=8.0.0.0, Culture=neutral, PublicKeyToken=b03f5f7f11d50a3a".
             Le chemin de fichier r├®solu est "C:\Program Files\dotnet\packs\Microsoft.NETCore.App.Ref\8.0.15\ref\net8.0\System.Reflection.Emit.dll".
             R├®f├®rence trouv├®e dans l'emplacement du chemin d'acc├¿s de recherche "{RawFileName}".
             Cette r├®f├®rence n'est pas "CopyLocal", car le param├¿tre "Private" d'au moins un ├®l├®ment source avait la valeur "false" et aucun ├®l├®ment source ne pr├®sentait de param├¿tre "Private" dont la valeur ├®tait "true".
         R├®f├®rence primaire "System.Reflection.Extensions, Version=8.0.0.0, Culture=neutral, PublicKeyToken=b03f5f7f11d50a3a".
             Le chemin de fichier r├®solu est "C:\Program Files\dotnet\packs\Microsoft.NETCore.App.Ref\8.0.15\ref\net8.0\System.Reflection.Extensions.dll".
             R├®f├®rence trouv├®e dans l'emplacement du chemin d'acc├¿s de recherche "{RawFileName}".
             Cette r├®f├®rence n'est pas "CopyLocal", car le param├¿tre "Private" d'au moins un ├®l├®ment source avait la valeur "false" et aucun ├®l├®ment source ne pr├®sentait de param├¿tre "Private" dont la valeur ├®tait "true".
         R├®f├®rence primaire "System.Reflection.Metadata, Version=8.0.0.0, Culture=neutral, PublicKeyToken=b03f5f7f11d50a3a".
             Le chemin de fichier r├®solu est "C:\Program Files\dotnet\packs\Microsoft.NETCore.App.Ref\8.0.15\ref\net8.0\System.Reflection.Metadata.dll".
             R├®f├®rence trouv├®e dans l'emplacement du chemin d'acc├¿s de recherche "{RawFileName}".
             Cette r├®f├®rence n'est pas "CopyLocal", car le param├¿tre "Private" d'au moins un ├®l├®ment source avait la valeur "false" et aucun ├®l├®ment source ne pr├®sentait de param├¿tre "Private" dont la valeur ├®tait "true".
         R├®f├®rence primaire "System.Reflection.Primitives, Version=8.0.0.0, Culture=neutral, PublicKeyToken=b03f5f7f11d50a3a".
             Le chemin de fichier r├®solu est "C:\Program Files\dotnet\packs\Microsoft.NETCore.App.Ref\8.0.15\ref\net8.0\System.Reflection.Primitives.dll".
             R├®f├®rence trouv├®e dans l'emplacement du chemin d'acc├¿s de recherche "{RawFileName}".
             Cette r├®f├®rence n'est pas "CopyLocal", car le param├¿tre "Private" d'au moins un ├®l├®ment source avait la valeur "false" et aucun ├®l├®ment source ne pr├®sentait de param├¿tre "Private" dont la valeur ├®tait "true".
         R├®f├®rence primaire "System.Reflection.TypeExtensions, Version=8.0.0.0, Culture=neutral, PublicKeyToken=b03f5f7f11d50a3a".
             Le chemin de fichier r├®solu est "C:\Program Files\dotnet\packs\Microsoft.NETCore.App.Ref\8.0.15\ref\net8.0\System.Reflection.TypeExtensions.dll".
             R├®f├®rence trouv├®e dans l'emplacement du chemin d'acc├¿s de recherche "{RawFileName}".
             Cette r├®f├®rence n'est pas "CopyLocal", car le param├¿tre "Private" d'au moins un ├®l├®ment source avait la valeur "false" et aucun ├®l├®ment source ne pr├®sentait de param├¿tre "Private" dont la valeur ├®tait "true".
         R├®f├®rence primaire "System.Reflection, Version=8.0.0.0, Culture=neutral, PublicKeyToken=b03f5f7f11d50a3a".
             Le chemin de fichier r├®solu est "C:\Program Files\dotnet\packs\Microsoft.NETCore.App.Ref\8.0.15\ref\net8.0\System.Reflection.dll".
             R├®f├®rence trouv├®e dans l'emplacement du chemin d'acc├¿s de recherche "{RawFileName}".
             Cette r├®f├®rence n'est pas "CopyLocal", car le param├¿tre "Private" d'au moins un ├®l├®ment source avait la valeur "false" et aucun ├®l├®ment source ne pr├®sentait de param├¿tre "Private" dont la valeur ├®tait "true".
         R├®f├®rence primaire "System.Resources.Reader, Version=8.0.0.0, Culture=neutral, PublicKeyToken=b03f5f7f11d50a3a".
             Le chemin de fichier r├®solu est "C:\Program Files\dotnet\packs\Microsoft.NETCore.App.Ref\8.0.15\ref\net8.0\System.Resources.Reader.dll".
             R├®f├®rence trouv├®e dans l'emplacement du chemin d'acc├¿s de recherche "{RawFileName}".
             Cette r├®f├®rence n'est pas "CopyLocal", car le param├¿tre "Private" d'au moins un ├®l├®ment source avait la valeur "false" et aucun ├®l├®ment source ne pr├®sentait de param├¿tre "Private" dont la valeur ├®tait "true".
         R├®f├®rence primaire "System.Resources.ResourceManager, Version=8.0.0.0, Culture=neutral, PublicKeyToken=b03f5f7f11d50a3a".
             Le chemin de fichier r├®solu est "C:\Program Files\dotnet\packs\Microsoft.NETCore.App.Ref\8.0.15\ref\net8.0\System.Resources.ResourceManager.dll".
             R├®f├®rence trouv├®e dans l'emplacement du chemin d'acc├¿s de recherche "{RawFileName}".
             Cette r├®f├®rence n'est pas "CopyLocal", car le param├¿tre "Private" d'au moins un ├®l├®ment source avait la valeur "false" et aucun ├®l├®ment source ne pr├®sentait de param├¿tre "Private" dont la valeur ├®tait "true".
         R├®f├®rence primaire "System.Resources.Writer, Version=8.0.0.0, Culture=neutral, PublicKeyToken=b03f5f7f11d50a3a".
             Le chemin de fichier r├®solu est "C:\Program Files\dotnet\packs\Microsoft.NETCore.App.Ref\8.0.15\ref\net8.0\System.Resources.Writer.dll".
             R├®f├®rence trouv├®e dans l'emplacement du chemin d'acc├¿s de recherche "{RawFileName}".
             Cette r├®f├®rence n'est pas "CopyLocal", car le param├¿tre "Private" d'au moins un ├®l├®ment source avait la valeur "false" et aucun ├®l├®ment source ne pr├®sentait de param├¿tre "Private" dont la valeur ├®tait "true".
         R├®f├®rence primaire "System.Runtime.CompilerServices.Unsafe, Version=8.0.0.0, Culture=neutral, PublicKeyToken=b03f5f7f11d50a3a".
             Le chemin de fichier r├®solu est "C:\Program Files\dotnet\packs\Microsoft.NETCore.App.Ref\8.0.15\ref\net8.0\System.Runtime.CompilerServices.Unsafe.dll".
             R├®f├®rence trouv├®e dans l'emplacement du chemin d'acc├¿s de recherche "{RawFileName}".
             Cette r├®f├®rence n'est pas "CopyLocal", car le param├¿tre "Private" d'au moins un ├®l├®ment source avait la valeur "false" et aucun ├®l├®ment source ne pr├®sentait de param├¿tre "Private" dont la valeur ├®tait "true".
         R├®f├®rence primaire "System.Runtime.CompilerServices.VisualC, Version=8.0.0.0, Culture=neutral, PublicKeyToken=b03f5f7f11d50a3a".
             Le chemin de fichier r├®solu est "C:\Program Files\dotnet\packs\Microsoft.NETCore.App.Ref\8.0.15\ref\net8.0\System.Runtime.CompilerServices.VisualC.dll".
             R├®f├®rence trouv├®e dans l'emplacement du chemin d'acc├¿s de recherche "{RawFileName}".
             Cette r├®f├®rence n'est pas "CopyLocal", car le param├¿tre "Private" d'au moins un ├®l├®ment source avait la valeur "false" et aucun ├®l├®ment source ne pr├®sentait de param├¿tre "Private" dont la valeur ├®tait "true".
         R├®f├®rence primaire "System.Runtime.Extensions, Version=8.0.0.0, Culture=neutral, PublicKeyToken=b03f5f7f11d50a3a".
             Le chemin de fichier r├®solu est "C:\Program Files\dotnet\packs\Microsoft.NETCore.App.Ref\8.0.15\ref\net8.0\System.Runtime.Extensions.dll".
             R├®f├®rence trouv├®e dans l'emplacement du chemin d'acc├¿s de recherche "{RawFileName}".
             Cette r├®f├®rence n'est pas "CopyLocal", car le param├¿tre "Private" d'au moins un ├®l├®ment source avait la valeur "false" et aucun ├®l├®ment source ne pr├®sentait de param├¿tre "Private" dont la valeur ├®tait "true".
         R├®f├®rence primaire "System.Runtime.Handles, Version=8.0.0.0, Culture=neutral, PublicKeyToken=b03f5f7f11d50a3a".
             Le chemin de fichier r├®solu est "C:\Program Files\dotnet\packs\Microsoft.NETCore.App.Ref\8.0.15\ref\net8.0\System.Runtime.Handles.dll".
             R├®f├®rence trouv├®e dans l'emplacement du chemin d'acc├¿s de recherche "{RawFileName}".
             Cette r├®f├®rence n'est pas "CopyLocal", car le param├¿tre "Private" d'au moins un ├®l├®ment source avait la valeur "false" et aucun ├®l├®ment source ne pr├®sentait de param├¿tre "Private" dont la valeur ├®tait "true".
         R├®f├®rence primaire "System.Runtime.InteropServices.JavaScript, Version=8.0.0.0, Culture=neutral, PublicKeyToken=b03f5f7f11d50a3a".
             Le chemin de fichier r├®solu est "C:\Program Files\dotnet\packs\Microsoft.NETCore.App.Ref\8.0.15\ref\net8.0\System.Runtime.InteropServices.JavaScript.dll".
             R├®f├®rence trouv├®e dans l'emplacement du chemin d'acc├¿s de recherche "{RawFileName}".
             Cette r├®f├®rence n'est pas "CopyLocal", car le param├¿tre "Private" d'au moins un ├®l├®ment source avait la valeur "false" et aucun ├®l├®ment source ne pr├®sentait de param├¿tre "Private" dont la valeur ├®tait "true".
         R├®f├®rence primaire "System.Runtime.InteropServices.RuntimeInformation, Version=8.0.0.0, Culture=neutral, PublicKeyToken=b03f5f7f11d50a3a".
             Le chemin de fichier r├®solu est "C:\Program Files\dotnet\packs\Microsoft.NETCore.App.Ref\8.0.15\ref\net8.0\System.Runtime.InteropServices.RuntimeInformation.dll".
             R├®f├®rence trouv├®e dans l'emplacement du chemin d'acc├¿s de recherche "{RawFileName}".
             Cette r├®f├®rence n'est pas "CopyLocal", car le param├¿tre "Private" d'au moins un ├®l├®ment source avait la valeur "false" et aucun ├®l├®ment source ne pr├®sentait de param├¿tre "Private" dont la valeur ├®tait "true".
         R├®f├®rence primaire "System.Runtime.InteropServices, Version=8.0.0.0, Culture=neutral, PublicKeyToken=b03f5f7f11d50a3a".
             Le chemin de fichier r├®solu est "C:\Program Files\dotnet\packs\Microsoft.NETCore.App.Ref\8.0.15\ref\net8.0\System.Runtime.InteropServices.dll".
             R├®f├®rence trouv├®e dans l'emplacement du chemin d'acc├¿s de recherche "{RawFileName}".
             Cette r├®f├®rence n'est pas "CopyLocal", car le param├¿tre "Private" d'au moins un ├®l├®ment source avait la valeur "false" et aucun ├®l├®ment source ne pr├®sentait de param├¿tre "Private" dont la valeur ├®tait "true".
         R├®f├®rence primaire "System.Runtime.Intrinsics, Version=8.0.0.0, Culture=neutral, PublicKeyToken=cc7b13ffcd2ddd51".
             Le chemin de fichier r├®solu est "C:\Program Files\dotnet\packs\Microsoft.NETCore.App.Ref\8.0.15\ref\net8.0\System.Runtime.Intrinsics.dll".
             R├®f├®rence trouv├®e dans l'emplacement du chemin d'acc├¿s de recherche "{RawFileName}".
             Cette r├®f├®rence n'est pas "CopyLocal", car le param├¿tre "Private" d'au moins un ├®l├®ment source avait la valeur "false" et aucun ├®l├®ment source ne pr├®sentait de param├¿tre "Private" dont la valeur ├®tait "true".
         R├®f├®rence primaire "System.Runtime.Loader, Version=8.0.0.0, Culture=neutral, PublicKeyToken=b03f5f7f11d50a3a".
             Le chemin de fichier r├®solu est "C:\Program Files\dotnet\packs\Microsoft.NETCore.App.Ref\8.0.15\ref\net8.0\System.Runtime.Loader.dll".
             R├®f├®rence trouv├®e dans l'emplacement du chemin d'acc├¿s de recherche "{RawFileName}".
             Cette r├®f├®rence n'est pas "CopyLocal", car le param├¿tre "Private" d'au moins un ├®l├®ment source avait la valeur "false" et aucun ├®l├®ment source ne pr├®sentait de param├¿tre "Private" dont la valeur ├®tait "true".
         R├®f├®rence primaire "System.Runtime.Numerics, Version=8.0.0.0, Culture=neutral, PublicKeyToken=b03f5f7f11d50a3a".
             Le chemin de fichier r├®solu est "C:\Program Files\dotnet\packs\Microsoft.NETCore.App.Ref\8.0.15\ref\net8.0\System.Runtime.Numerics.dll".
             R├®f├®rence trouv├®e dans l'emplacement du chemin d'acc├¿s de recherche "{RawFileName}".
             Cette r├®f├®rence n'est pas "CopyLocal", car le param├¿tre "Private" d'au moins un ├®l├®ment source avait la valeur "false" et aucun ├®l├®ment source ne pr├®sentait de param├¿tre "Private" dont la valeur ├®tait "true".
         R├®f├®rence primaire "System.Runtime.Serialization.Formatters, Version=8.0.0.0, Culture=neutral, PublicKeyToken=b03f5f7f11d50a3a".
             Le chemin de fichier r├®solu est "C:\Program Files\dotnet\packs\Microsoft.NETCore.App.Ref\8.0.15\ref\net8.0\System.Runtime.Serialization.Formatters.dll".
             R├®f├®rence trouv├®e dans l'emplacement du chemin d'acc├¿s de recherche "{RawFileName}".
             Cette r├®f├®rence n'est pas "CopyLocal", car le param├¿tre "Private" d'au moins un ├®l├®ment source avait la valeur "false" et aucun ├®l├®ment source ne pr├®sentait de param├¿tre "Private" dont la valeur ├®tait "true".
         R├®f├®rence primaire "System.Runtime.Serialization.Json, Version=8.0.0.0, Culture=neutral, PublicKeyToken=b03f5f7f11d50a3a".
             Le chemin de fichier r├®solu est "C:\Program Files\dotnet\packs\Microsoft.NETCore.App.Ref\8.0.15\ref\net8.0\System.Runtime.Serialization.Json.dll".
             R├®f├®rence trouv├®e dans l'emplacement du chemin d'acc├¿s de recherche "{RawFileName}".
             Cette r├®f├®rence n'est pas "CopyLocal", car le param├¿tre "Private" d'au moins un ├®l├®ment source avait la valeur "false" et aucun ├®l├®ment source ne pr├®sentait de param├¿tre "Private" dont la valeur ├®tait "true".
         R├®f├®rence primaire "System.Runtime.Serialization.Primitives, Version=8.0.0.0, Culture=neutral, PublicKeyToken=b03f5f7f11d50a3a".
             Le chemin de fichier r├®solu est "C:\Program Files\dotnet\packs\Microsoft.NETCore.App.Ref\8.0.15\ref\net8.0\System.Runtime.Serialization.Primitives.dll".
             R├®f├®rence trouv├®e dans l'emplacement du chemin d'acc├¿s de recherche "{RawFileName}".
             Cette r├®f├®rence n'est pas "CopyLocal", car le param├¿tre "Private" d'au moins un ├®l├®ment source avait la valeur "false" et aucun ├®l├®ment source ne pr├®sentait de param├¿tre "Private" dont la valeur ├®tait "true".
         R├®f├®rence primaire "System.Runtime.Serialization.Xml, Version=8.0.0.0, Culture=neutral, PublicKeyToken=b03f5f7f11d50a3a".
             Le chemin de fichier r├®solu est "C:\Program Files\dotnet\packs\Microsoft.NETCore.App.Ref\8.0.15\ref\net8.0\System.Runtime.Serialization.Xml.dll".
             R├®f├®rence trouv├®e dans l'emplacement du chemin d'acc├¿s de recherche "{RawFileName}".
             Cette r├®f├®rence n'est pas "CopyLocal", car le param├¿tre "Private" d'au moins un ├®l├®ment source avait la valeur "false" et aucun ├®l├®ment source ne pr├®sentait de param├¿tre "Private" dont la valeur ├®tait "true".
         R├®f├®rence primaire "System.Runtime.Serialization, Version=4.0.0.0, Culture=neutral, PublicKeyToken=b77a5c561934e089".
             Le chemin de fichier r├®solu est "C:\Program Files\dotnet\packs\Microsoft.NETCore.App.Ref\8.0.15\ref\net8.0\System.Runtime.Serialization.dll".
             R├®f├®rence trouv├®e dans l'emplacement du chemin d'acc├¿s de recherche "{RawFileName}".
             Cette r├®f├®rence n'est pas "CopyLocal", car le param├¿tre "Private" d'au moins un ├®l├®ment source avait la valeur "false" et aucun ├®l├®ment source ne pr├®sentait de param├¿tre "Private" dont la valeur ├®tait "true".
         R├®f├®rence primaire "System.Runtime, Version=8.0.0.0, Culture=neutral, PublicKeyToken=b03f5f7f11d50a3a".
             Le chemin de fichier r├®solu est "C:\Program Files\dotnet\packs\Microsoft.NETCore.App.Ref\8.0.15\ref\net8.0\System.Runtime.dll".
             R├®f├®rence trouv├®e dans l'emplacement du chemin d'acc├¿s de recherche "{RawFileName}".
             Cette r├®f├®rence n'est pas "CopyLocal", car le param├¿tre "Private" d'au moins un ├®l├®ment source avait la valeur "false" et aucun ├®l├®ment source ne pr├®sentait de param├¿tre "Private" dont la valeur ├®tait "true".
         R├®f├®rence primaire "System.Security.AccessControl, Version=8.0.0.0, Culture=neutral, PublicKeyToken=b03f5f7f11d50a3a".
             Le chemin de fichier r├®solu est "C:\Program Files\dotnet\packs\Microsoft.NETCore.App.Ref\8.0.15\ref\net8.0\System.Security.AccessControl.dll".
             R├®f├®rence trouv├®e dans l'emplacement du chemin d'acc├¿s de recherche "{RawFileName}".
             Cette r├®f├®rence n'est pas "CopyLocal", car le param├¿tre "Private" d'au moins un ├®l├®ment source avait la valeur "false" et aucun ├®l├®ment source ne pr├®sentait de param├¿tre "Private" dont la valeur ├®tait "true".
         R├®f├®rence primaire "System.Security.Claims, Version=8.0.0.0, Culture=neutral, PublicKeyToken=b03f5f7f11d50a3a".
             Le chemin de fichier r├®solu est "C:\Program Files\dotnet\packs\Microsoft.NETCore.App.Ref\8.0.15\ref\net8.0\System.Security.Claims.dll".
             R├®f├®rence trouv├®e dans l'emplacement du chemin d'acc├¿s de recherche "{RawFileName}".
             Cette r├®f├®rence n'est pas "CopyLocal", car le param├¿tre "Private" d'au moins un ├®l├®ment source avait la valeur "false" et aucun ├®l├®ment source ne pr├®sentait de param├¿tre "Private" dont la valeur ├®tait "true".
         R├®f├®rence primaire "System.Security.Cryptography.Algorithms, Version=8.0.0.0, Culture=neutral, PublicKeyToken=b03f5f7f11d50a3a".
             Le chemin de fichier r├®solu est "C:\Program Files\dotnet\packs\Microsoft.NETCore.App.Ref\8.0.15\ref\net8.0\System.Security.Cryptography.Algorithms.dll".
             R├®f├®rence trouv├®e dans l'emplacement du chemin d'acc├¿s de recherche "{RawFileName}".
             Cette r├®f├®rence n'est pas "CopyLocal", car le param├¿tre "Private" d'au moins un ├®l├®ment source avait la valeur "false" et aucun ├®l├®ment source ne pr├®sentait de param├¿tre "Private" dont la valeur ├®tait "true".
         R├®f├®rence primaire "System.Security.Cryptography.Cng, Version=8.0.0.0, Culture=neutral, PublicKeyToken=b03f5f7f11d50a3a".
             Le chemin de fichier r├®solu est "C:\Program Files\dotnet\packs\Microsoft.NETCore.App.Ref\8.0.15\ref\net8.0\System.Security.Cryptography.Cng.dll".
             R├®f├®rence trouv├®e dans l'emplacement du chemin d'acc├¿s de recherche "{RawFileName}".
             Cette r├®f├®rence n'est pas "CopyLocal", car le param├¿tre "Private" d'au moins un ├®l├®ment source avait la valeur "false" et aucun ├®l├®ment source ne pr├®sentait de param├¿tre "Private" dont la valeur ├®tait "true".
         R├®f├®rence primaire "System.Security.Cryptography.Csp, Version=8.0.0.0, Culture=neutral, PublicKeyToken=b03f5f7f11d50a3a".
             Le chemin de fichier r├®solu est "C:\Program Files\dotnet\packs\Microsoft.NETCore.App.Ref\8.0.15\ref\net8.0\System.Security.Cryptography.Csp.dll".
             R├®f├®rence trouv├®e dans l'emplacement du chemin d'acc├¿s de recherche "{RawFileName}".
             Cette r├®f├®rence n'est pas "CopyLocal", car le param├¿tre "Private" d'au moins un ├®l├®ment source avait la valeur "false" et aucun ├®l├®ment source ne pr├®sentait de param├¿tre "Private" dont la valeur ├®tait "true".
         R├®f├®rence primaire "System.Security.Cryptography.Encoding, Version=8.0.0.0, Culture=neutral, PublicKeyToken=b03f5f7f11d50a3a".
             Le chemin de fichier r├®solu est "C:\Program Files\dotnet\packs\Microsoft.NETCore.App.Ref\8.0.15\ref\net8.0\System.Security.Cryptography.Encoding.dll".
             R├®f├®rence trouv├®e dans l'emplacement du chemin d'acc├¿s de recherche "{RawFileName}".
             Cette r├®f├®rence n'est pas "CopyLocal", car le param├¿tre "Private" d'au moins un ├®l├®ment source avait la valeur "false" et aucun ├®l├®ment source ne pr├®sentait de param├¿tre "Private" dont la valeur ├®tait "true".
         R├®f├®rence primaire "System.Security.Cryptography.OpenSsl, Version=8.0.0.0, Culture=neutral, PublicKeyToken=b03f5f7f11d50a3a".
             Le chemin de fichier r├®solu est "C:\Program Files\dotnet\packs\Microsoft.NETCore.App.Ref\8.0.15\ref\net8.0\System.Security.Cryptography.OpenSsl.dll".
             R├®f├®rence trouv├®e dans l'emplacement du chemin d'acc├¿s de recherche "{RawFileName}".
             Cette r├®f├®rence n'est pas "CopyLocal", car le param├¿tre "Private" d'au moins un ├®l├®ment source avait la valeur "false" et aucun ├®l├®ment source ne pr├®sentait de param├¿tre "Private" dont la valeur ├®tait "true".
         R├®f├®rence primaire "System.Security.Cryptography.Primitives, Version=8.0.0.0, Culture=neutral, PublicKeyToken=b03f5f7f11d50a3a".
             Le chemin de fichier r├®solu est "C:\Program Files\dotnet\packs\Microsoft.NETCore.App.Ref\8.0.15\ref\net8.0\System.Security.Cryptography.Primitives.dll".
             R├®f├®rence trouv├®e dans l'emplacement du chemin d'acc├¿s de recherche "{RawFileName}".
             Cette r├®f├®rence n'est pas "CopyLocal", car le param├¿tre "Private" d'au moins un ├®l├®ment source avait la valeur "false" et aucun ├®l├®ment source ne pr├®sentait de param├¿tre "Private" dont la valeur ├®tait "true".
         R├®f├®rence primaire "System.Security.Cryptography.X509Certificates, Version=8.0.0.0, Culture=neutral, PublicKeyToken=b03f5f7f11d50a3a".
             Le chemin de fichier r├®solu est "C:\Program Files\dotnet\packs\Microsoft.NETCore.App.Ref\8.0.15\ref\net8.0\System.Security.Cryptography.X509Certificates.dll".
             R├®f├®rence trouv├®e dans l'emplacement du chemin d'acc├¿s de recherche "{RawFileName}".
             Cette r├®f├®rence n'est pas "CopyLocal", car le param├¿tre "Private" d'au moins un ├®l├®ment source avait la valeur "false" et aucun ├®l├®ment source ne pr├®sentait de param├¿tre "Private" dont la valeur ├®tait "true".
         R├®f├®rence primaire "System.Security.Cryptography, Version=8.0.0.0, Culture=neutral, PublicKeyToken=b03f5f7f11d50a3a".
             Le chemin de fichier r├®solu est "C:\Program Files\dotnet\packs\Microsoft.NETCore.App.Ref\8.0.15\ref\net8.0\System.Security.Cryptography.dll".
             R├®f├®rence trouv├®e dans l'emplacement du chemin d'acc├¿s de recherche "{RawFileName}".
             Cette r├®f├®rence n'est pas "CopyLocal", car le param├¿tre "Private" d'au moins un ├®l├®ment source avait la valeur "false" et aucun ├®l├®ment source ne pr├®sentait de param├¿tre "Private" dont la valeur ├®tait "true".
         R├®f├®rence primaire "System.Security.Principal.Windows, Version=8.0.0.0, Culture=neutral, PublicKeyToken=b03f5f7f11d50a3a".
             Le chemin de fichier r├®solu est "C:\Program Files\dotnet\packs\Microsoft.NETCore.App.Ref\8.0.15\ref\net8.0\System.Security.Principal.Windows.dll".
             R├®f├®rence trouv├®e dans l'emplacement du chemin d'acc├¿s de recherche "{RawFileName}".
             Cette r├®f├®rence n'est pas "CopyLocal", car le param├¿tre "Private" d'au moins un ├®l├®ment source avait la valeur "false" et aucun ├®l├®ment source ne pr├®sentait de param├¿tre "Private" dont la valeur ├®tait "true".
         R├®f├®rence primaire "System.Security.Principal, Version=8.0.0.0, Culture=neutral, PublicKeyToken=b03f5f7f11d50a3a".
             Le chemin de fichier r├®solu est "C:\Program Files\dotnet\packs\Microsoft.NETCore.App.Ref\8.0.15\ref\net8.0\System.Security.Principal.dll".
             R├®f├®rence trouv├®e dans l'emplacement du chemin d'acc├¿s de recherche "{RawFileName}".
             Cette r├®f├®rence n'est pas "CopyLocal", car le param├¿tre "Private" d'au moins un ├®l├®ment source avait la valeur "false" et aucun ├®l├®ment source ne pr├®sentait de param├¿tre "Private" dont la valeur ├®tait "true".
         R├®f├®rence primaire "System.Security.SecureString, Version=8.0.0.0, Culture=neutral, PublicKeyToken=b03f5f7f11d50a3a".
             Le chemin de fichier r├®solu est "C:\Program Files\dotnet\packs\Microsoft.NETCore.App.Ref\8.0.15\ref\net8.0\System.Security.SecureString.dll".
             R├®f├®rence trouv├®e dans l'emplacement du chemin d'acc├¿s de recherche "{RawFileName}".
             Cette r├®f├®rence n'est pas "CopyLocal", car le param├¿tre "Private" d'au moins un ├®l├®ment source avait la valeur "false" et aucun ├®l├®ment source ne pr├®sentait de param├¿tre "Private" dont la valeur ├®tait "true".
         R├®f├®rence primaire "System.Security, Version=4.0.0.0, Culture=neutral, PublicKeyToken=b03f5f7f11d50a3a".
             Le chemin de fichier r├®solu est "C:\Program Files\dotnet\packs\Microsoft.NETCore.App.Ref\8.0.15\ref\net8.0\System.Security.dll".
             R├®f├®rence trouv├®e dans l'emplacement du chemin d'acc├¿s de recherche "{RawFileName}".
             Cette r├®f├®rence n'est pas "CopyLocal", car le param├¿tre "Private" d'au moins un ├®l├®ment source avait la valeur "false" et aucun ├®l├®ment source ne pr├®sentait de param├¿tre "Private" dont la valeur ├®tait "true".
         R├®f├®rence primaire "System.ServiceModel.Web, Version=4.0.0.0, Culture=neutral, PublicKeyToken=31bf3856ad364e35".
             Le chemin de fichier r├®solu est "C:\Program Files\dotnet\packs\Microsoft.NETCore.App.Ref\8.0.15\ref\net8.0\System.ServiceModel.Web.dll".
             R├®f├®rence trouv├®e dans l'emplacement du chemin d'acc├¿s de recherche "{RawFileName}".
             Cette r├®f├®rence n'est pas "CopyLocal", car le param├¿tre "Private" d'au moins un ├®l├®ment source avait la valeur "false" et aucun ├®l├®ment source ne pr├®sentait de param├¿tre "Private" dont la valeur ├®tait "true".
         R├®f├®rence primaire "System.ServiceProcess, Version=4.0.0.0, Culture=neutral, PublicKeyToken=b03f5f7f11d50a3a".
             Le chemin de fichier r├®solu est "C:\Program Files\dotnet\packs\Microsoft.NETCore.App.Ref\8.0.15\ref\net8.0\System.ServiceProcess.dll".
             R├®f├®rence trouv├®e dans l'emplacement du chemin d'acc├¿s de recherche "{RawFileName}".
             Cette r├®f├®rence n'est pas "CopyLocal", car le param├¿tre "Private" d'au moins un ├®l├®ment source avait la valeur "false" et aucun ├®l├®ment source ne pr├®sentait de param├¿tre "Private" dont la valeur ├®tait "true".
         R├®f├®rence primaire "System.Text.Encoding.CodePages, Version=8.0.0.0, Culture=neutral, PublicKeyToken=b03f5f7f11d50a3a".
             Le chemin de fichier r├®solu est "C:\Program Files\dotnet\packs\Microsoft.NETCore.App.Ref\8.0.15\ref\net8.0\System.Text.Encoding.CodePages.dll".
             R├®f├®rence trouv├®e dans l'emplacement du chemin d'acc├¿s de recherche "{RawFileName}".
             Cette r├®f├®rence n'est pas "CopyLocal", car le param├¿tre "Private" d'au moins un ├®l├®ment source avait la valeur "false" et aucun ├®l├®ment source ne pr├®sentait de param├¿tre "Private" dont la valeur ├®tait "true".
         R├®f├®rence primaire "System.Text.Encoding.Extensions, Version=8.0.0.0, Culture=neutral, PublicKeyToken=b03f5f7f11d50a3a".
             Le chemin de fichier r├®solu est "C:\Program Files\dotnet\packs\Microsoft.NETCore.App.Ref\8.0.15\ref\net8.0\System.Text.Encoding.Extensions.dll".
             R├®f├®rence trouv├®e dans l'emplacement du chemin d'acc├¿s de recherche "{RawFileName}".
             Cette r├®f├®rence n'est pas "CopyLocal", car le param├¿tre "Private" d'au moins un ├®l├®ment source avait la valeur "false" et aucun ├®l├®ment source ne pr├®sentait de param├¿tre "Private" dont la valeur ├®tait "true".
         R├®f├®rence primaire "System.Text.Encoding, Version=8.0.0.0, Culture=neutral, PublicKeyToken=b03f5f7f11d50a3a".
             Le chemin de fichier r├®solu est "C:\Program Files\dotnet\packs\Microsoft.NETCore.App.Ref\8.0.15\ref\net8.0\System.Text.Encoding.dll".
             R├®f├®rence trouv├®e dans l'emplacement du chemin d'acc├¿s de recherche "{RawFileName}".
             Cette r├®f├®rence n'est pas "CopyLocal", car le param├¿tre "Private" d'au moins un ├®l├®ment source avait la valeur "false" et aucun ├®l├®ment source ne pr├®sentait de param├¿tre "Private" dont la valeur ├®tait "true".
         R├®f├®rence primaire "System.Text.Encodings.Web, Version=8.0.0.0, Culture=neutral, PublicKeyToken=cc7b13ffcd2ddd51".
             Le chemin de fichier r├®solu est "C:\Program Files\dotnet\packs\Microsoft.NETCore.App.Ref\8.0.15\ref\net8.0\System.Text.Encodings.Web.dll".
             R├®f├®rence trouv├®e dans l'emplacement du chemin d'acc├¿s de recherche "{RawFileName}".
             Cette r├®f├®rence n'est pas "CopyLocal", car le param├¿tre "Private" d'au moins un ├®l├®ment source avait la valeur "false" et aucun ├®l├®ment source ne pr├®sentait de param├¿tre "Private" dont la valeur ├®tait "true".
         R├®f├®rence primaire "System.Text.Json, Version=8.0.0.0, Culture=neutral, PublicKeyToken=cc7b13ffcd2ddd51".
             Le chemin de fichier r├®solu est "C:\Program Files\dotnet\packs\Microsoft.NETCore.App.Ref\8.0.15\ref\net8.0\System.Text.Json.dll".
             R├®f├®rence trouv├®e dans l'emplacement du chemin d'acc├¿s de recherche "{RawFileName}".
             Cette r├®f├®rence n'est pas "CopyLocal", car le param├¿tre "Private" d'au moins un ├®l├®ment source avait la valeur "false" et aucun ├®l├®ment source ne pr├®sentait de param├¿tre "Private" dont la valeur ├®tait "true".
         R├®f├®rence primaire "System.Text.RegularExpressions, Version=8.0.0.0, Culture=neutral, PublicKeyToken=b03f5f7f11d50a3a".
             Le chemin de fichier r├®solu est "C:\Program Files\dotnet\packs\Microsoft.NETCore.App.Ref\8.0.15\ref\net8.0\System.Text.RegularExpressions.dll".
             R├®f├®rence trouv├®e dans l'emplacement du chemin d'acc├¿s de recherche "{RawFileName}".
             Cette r├®f├®rence n'est pas "CopyLocal", car le param├¿tre "Private" d'au moins un ├®l├®ment source avait la valeur "false" et aucun ├®l├®ment source ne pr├®sentait de param├¿tre "Private" dont la valeur ├®tait "true".
         R├®f├®rence primaire "System.Threading.Channels, Version=8.0.0.0, Culture=neutral, PublicKeyToken=cc7b13ffcd2ddd51".
             Le chemin de fichier r├®solu est "C:\Program Files\dotnet\packs\Microsoft.NETCore.App.Ref\8.0.15\ref\net8.0\System.Threading.Channels.dll".
             R├®f├®rence trouv├®e dans l'emplacement du chemin d'acc├¿s de recherche "{RawFileName}".
             Cette r├®f├®rence n'est pas "CopyLocal", car le param├¿tre "Private" d'au moins un ├®l├®ment source avait la valeur "false" et aucun ├®l├®ment source ne pr├®sentait de param├¿tre "Private" dont la valeur ├®tait "true".
         R├®f├®rence primaire "System.Threading.Overlapped, Version=8.0.0.0, Culture=neutral, PublicKeyToken=b03f5f7f11d50a3a".
             Le chemin de fichier r├®solu est "C:\Program Files\dotnet\packs\Microsoft.NETCore.App.Ref\8.0.15\ref\net8.0\System.Threading.Overlapped.dll".
             R├®f├®rence trouv├®e dans l'emplacement du chemin d'acc├¿s de recherche "{RawFileName}".
             Cette r├®f├®rence n'est pas "CopyLocal", car le param├¿tre "Private" d'au moins un ├®l├®ment source avait la valeur "false" et aucun ├®l├®ment source ne pr├®sentait de param├¿tre "Private" dont la valeur ├®tait "true".
         R├®f├®rence primaire "System.Threading.Tasks.Dataflow, Version=8.0.0.0, Culture=neutral, PublicKeyToken=b03f5f7f11d50a3a".
             Le chemin de fichier r├®solu est "C:\Program Files\dotnet\packs\Microsoft.NETCore.App.Ref\8.0.15\ref\net8.0\System.Threading.Tasks.Dataflow.dll".
             R├®f├®rence trouv├®e dans l'emplacement du chemin d'acc├¿s de recherche "{RawFileName}".
             Cette r├®f├®rence n'est pas "CopyLocal", car le param├¿tre "Private" d'au moins un ├®l├®ment source avait la valeur "false" et aucun ├®l├®ment source ne pr├®sentait de param├¿tre "Private" dont la valeur ├®tait "true".
         R├®f├®rence primaire "System.Threading.Tasks.Extensions, Version=8.0.0.0, Culture=neutral, PublicKeyToken=cc7b13ffcd2ddd51".
             Le chemin de fichier r├®solu est "C:\Program Files\dotnet\packs\Microsoft.NETCore.App.Ref\8.0.15\ref\net8.0\System.Threading.Tasks.Extensions.dll".
             R├®f├®rence trouv├®e dans l'emplacement du chemin d'acc├¿s de recherche "{RawFileName}".
             Cette r├®f├®rence n'est pas "CopyLocal", car le param├¿tre "Private" d'au moins un ├®l├®ment source avait la valeur "false" et aucun ├®l├®ment source ne pr├®sentait de param├¿tre "Private" dont la valeur ├®tait "true".
         R├®f├®rence primaire "System.Threading.Tasks.Parallel, Version=8.0.0.0, Culture=neutral, PublicKeyToken=b03f5f7f11d50a3a".
             Le chemin de fichier r├®solu est "C:\Program Files\dotnet\packs\Microsoft.NETCore.App.Ref\8.0.15\ref\net8.0\System.Threading.Tasks.Parallel.dll".
             R├®f├®rence trouv├®e dans l'emplacement du chemin d'acc├¿s de recherche "{RawFileName}".
             Cette r├®f├®rence n'est pas "CopyLocal", car le param├¿tre "Private" d'au moins un ├®l├®ment source avait la valeur "false" et aucun ├®l├®ment source ne pr├®sentait de param├¿tre "Private" dont la valeur ├®tait "true".
         R├®f├®rence primaire "System.Threading.Tasks, Version=8.0.0.0, Culture=neutral, PublicKeyToken=b03f5f7f11d50a3a".
             Le chemin de fichier r├®solu est "C:\Program Files\dotnet\packs\Microsoft.NETCore.App.Ref\8.0.15\ref\net8.0\System.Threading.Tasks.dll".
             R├®f├®rence trouv├®e dans l'emplacement du chemin d'acc├¿s de recherche "{RawFileName}".
             Cette r├®f├®rence n'est pas "CopyLocal", car le param├¿tre "Private" d'au moins un ├®l├®ment source avait la valeur "false" et aucun ├®l├®ment source ne pr├®sentait de param├¿tre "Private" dont la valeur ├®tait "true".
         R├®f├®rence primaire "System.Threading.Thread, Version=8.0.0.0, Culture=neutral, PublicKeyToken=b03f5f7f11d50a3a".
             Le chemin de fichier r├®solu est "C:\Program Files\dotnet\packs\Microsoft.NETCore.App.Ref\8.0.15\ref\net8.0\System.Threading.Thread.dll".
             R├®f├®rence trouv├®e dans l'emplacement du chemin d'acc├¿s de recherche "{RawFileName}".
             Cette r├®f├®rence n'est pas "CopyLocal", car le param├¿tre "Private" d'au moins un ├®l├®ment source avait la valeur "false" et aucun ├®l├®ment source ne pr├®sentait de param├¿tre "Private" dont la valeur ├®tait "true".
         R├®f├®rence primaire "System.Threading.ThreadPool, Version=8.0.0.0, Culture=neutral, PublicKeyToken=b03f5f7f11d50a3a".
             Le chemin de fichier r├®solu est "C:\Program Files\dotnet\packs\Microsoft.NETCore.App.Ref\8.0.15\ref\net8.0\System.Threading.ThreadPool.dll".
             R├®f├®rence trouv├®e dans l'emplacement du chemin d'acc├¿s de recherche "{RawFileName}".
             Cette r├®f├®rence n'est pas "CopyLocal", car le param├¿tre "Private" d'au moins un ├®l├®ment source avait la valeur "false" et aucun ├®l├®ment source ne pr├®sentait de param├¿tre "Private" dont la valeur ├®tait "true".
         R├®f├®rence primaire "System.Threading.Timer, Version=8.0.0.0, Culture=neutral, PublicKeyToken=b03f5f7f11d50a3a".
             Le chemin de fichier r├®solu est "C:\Program Files\dotnet\packs\Microsoft.NETCore.App.Ref\8.0.15\ref\net8.0\System.Threading.Timer.dll".
             R├®f├®rence trouv├®e dans l'emplacement du chemin d'acc├¿s de recherche "{RawFileName}".
             Cette r├®f├®rence n'est pas "CopyLocal", car le param├¿tre "Private" d'au moins un ├®l├®ment source avait la valeur "false" et aucun ├®l├®ment source ne pr├®sentait de param├¿tre "Private" dont la valeur ├®tait "true".
         R├®f├®rence primaire "System.Threading, Version=8.0.0.0, Culture=neutral, PublicKeyToken=b03f5f7f11d50a3a".
             Le chemin de fichier r├®solu est "C:\Program Files\dotnet\packs\Microsoft.NETCore.App.Ref\8.0.15\ref\net8.0\System.Threading.dll".
             R├®f├®rence trouv├®e dans l'emplacement du chemin d'acc├¿s de recherche "{RawFileName}".
             Cette r├®f├®rence n'est pas "CopyLocal", car le param├¿tre "Private" d'au moins un ├®l├®ment source avait la valeur "false" et aucun ├®l├®ment source ne pr├®sentait de param├¿tre "Private" dont la valeur ├®tait "true".
         R├®f├®rence primaire "System.Transactions.Local, Version=8.0.0.0, Culture=neutral, PublicKeyToken=cc7b13ffcd2ddd51".
             Le chemin de fichier r├®solu est "C:\Program Files\dotnet\packs\Microsoft.NETCore.App.Ref\8.0.15\ref\net8.0\System.Transactions.Local.dll".
             R├®f├®rence trouv├®e dans l'emplacement du chemin d'acc├¿s de recherche "{RawFileName}".
             Cette r├®f├®rence n'est pas "CopyLocal", car le param├¿tre "Private" d'au moins un ├®l├®ment source avait la valeur "false" et aucun ├®l├®ment source ne pr├®sentait de param├¿tre "Private" dont la valeur ├®tait "true".
         R├®f├®rence primaire "System.Transactions, Version=4.0.0.0, Culture=neutral, PublicKeyToken=b77a5c561934e089".
             Le chemin de fichier r├®solu est "C:\Program Files\dotnet\packs\Microsoft.NETCore.App.Ref\8.0.15\ref\net8.0\System.Transactions.dll".
             R├®f├®rence trouv├®e dans l'emplacement du chemin d'acc├¿s de recherche "{RawFileName}".
             Cette r├®f├®rence n'est pas "CopyLocal", car le param├¿tre "Private" d'au moins un ├®l├®ment source avait la valeur "false" et aucun ├®l├®ment source ne pr├®sentait de param├¿tre "Private" dont la valeur ├®tait "true".
         R├®f├®rence primaire "System.ValueTuple, Version=8.0.0.0, Culture=neutral, PublicKeyToken=cc7b13ffcd2ddd51".
             Le chemin de fichier r├®solu est "C:\Program Files\dotnet\packs\Microsoft.NETCore.App.Ref\8.0.15\ref\net8.0\System.ValueTuple.dll".
             R├®f├®rence trouv├®e dans l'emplacement du chemin d'acc├¿s de recherche "{RawFileName}".
             Cette r├®f├®rence n'est pas "CopyLocal", car le param├¿tre "Private" d'au moins un ├®l├®ment source avait la valeur "false" et aucun ├®l├®ment source ne pr├®sentait de param├¿tre "Private" dont la valeur ├®tait "true".
         R├®f├®rence primaire "System.Web.HttpUtility, Version=8.0.0.0, Culture=neutral, PublicKeyToken=cc7b13ffcd2ddd51".
             Le chemin de fichier r├®solu est "C:\Program Files\dotnet\packs\Microsoft.NETCore.App.Ref\8.0.15\ref\net8.0\System.Web.HttpUtility.dll".
             R├®f├®rence trouv├®e dans l'emplacement du chemin d'acc├¿s de recherche "{RawFileName}".
             Cette r├®f├®rence n'est pas "CopyLocal", car le param├¿tre "Private" d'au moins un ├®l├®ment source avait la valeur "false" et aucun ├®l├®ment source ne pr├®sentait de param├¿tre "Private" dont la valeur ├®tait "true".
         R├®f├®rence primaire "System.Web, Version=4.0.0.0, Culture=neutral, PublicKeyToken=b03f5f7f11d50a3a".
             Le chemin de fichier r├®solu est "C:\Program Files\dotnet\packs\Microsoft.NETCore.App.Ref\8.0.15\ref\net8.0\System.Web.dll".
             R├®f├®rence trouv├®e dans l'emplacement du chemin d'acc├¿s de recherche "{RawFileName}".
             Cette r├®f├®rence n'est pas "CopyLocal", car le param├¿tre "Private" d'au moins un ├®l├®ment source avait la valeur "false" et aucun ├®l├®ment source ne pr├®sentait de param├¿tre "Private" dont la valeur ├®tait "true".
         R├®f├®rence primaire "System.Windows, Version=4.0.0.0, Culture=neutral, PublicKeyToken=b03f5f7f11d50a3a".
             Le chemin de fichier r├®solu est "C:\Program Files\dotnet\packs\Microsoft.NETCore.App.Ref\8.0.15\ref\net8.0\System.Windows.dll".
             R├®f├®rence trouv├®e dans l'emplacement du chemin d'acc├¿s de recherche "{RawFileName}".
             Cette r├®f├®rence n'est pas "CopyLocal", car le param├¿tre "Private" d'au moins un ├®l├®ment source avait la valeur "false" et aucun ├®l├®ment source ne pr├®sentait de param├¿tre "Private" dont la valeur ├®tait "true".
         R├®f├®rence primaire "System.Xml.Linq, Version=4.0.0.0, Culture=neutral, PublicKeyToken=b77a5c561934e089".
             Le chemin de fichier r├®solu est "C:\Program Files\dotnet\packs\Microsoft.NETCore.App.Ref\8.0.15\ref\net8.0\System.Xml.Linq.dll".
             R├®f├®rence trouv├®e dans l'emplacement du chemin d'acc├¿s de recherche "{RawFileName}".
             Cette r├®f├®rence n'est pas "CopyLocal", car le param├¿tre "Private" d'au moins un ├®l├®ment source avait la valeur "false" et aucun ├®l├®ment source ne pr├®sentait de param├¿tre "Private" dont la valeur ├®tait "true".
         R├®f├®rence primaire "System.Xml.ReaderWriter, Version=8.0.0.0, Culture=neutral, PublicKeyToken=b03f5f7f11d50a3a".
             Le chemin de fichier r├®solu est "C:\Program Files\dotnet\packs\Microsoft.NETCore.App.Ref\8.0.15\ref\net8.0\System.Xml.ReaderWriter.dll".
             R├®f├®rence trouv├®e dans l'emplacement du chemin d'acc├¿s de recherche "{RawFileName}".
             Cette r├®f├®rence n'est pas "CopyLocal", car le param├¿tre "Private" d'au moins un ├®l├®ment source avait la valeur "false" et aucun ├®l├®ment source ne pr├®sentait de param├¿tre "Private" dont la valeur ├®tait "true".
         R├®f├®rence primaire "System.Xml.Serialization, Version=4.0.0.0, Culture=neutral, PublicKeyToken=b77a5c561934e089".
             Le chemin de fichier r├®solu est "C:\Program Files\dotnet\packs\Microsoft.NETCore.App.Ref\8.0.15\ref\net8.0\System.Xml.Serialization.dll".
             R├®f├®rence trouv├®e dans l'emplacement du chemin d'acc├¿s de recherche "{RawFileName}".
             Cette r├®f├®rence n'est pas "CopyLocal", car le param├¿tre "Private" d'au moins un ├®l├®ment source avait la valeur "false" et aucun ├®l├®ment source ne pr├®sentait de param├¿tre "Private" dont la valeur ├®tait "true".
         R├®f├®rence primaire "System.Xml.XDocument, Version=8.0.0.0, Culture=neutral, PublicKeyToken=b03f5f7f11d50a3a".
             Le chemin de fichier r├®solu est "C:\Program Files\dotnet\packs\Microsoft.NETCore.App.Ref\8.0.15\ref\net8.0\System.Xml.XDocument.dll".
             R├®f├®rence trouv├®e dans l'emplacement du chemin d'acc├¿s de recherche "{RawFileName}".
             Cette r├®f├®rence n'est pas "CopyLocal", car le param├¿tre "Private" d'au moins un ├®l├®ment source avait la valeur "false" et aucun ├®l├®ment source ne pr├®sentait de param├¿tre "Private" dont la valeur ├®tait "true".
         R├®f├®rence primaire "System.Xml.XPath.XDocument, Version=8.0.0.0, Culture=neutral, PublicKeyToken=b03f5f7f11d50a3a".
             Le chemin de fichier r├®solu est "C:\Program Files\dotnet\packs\Microsoft.NETCore.App.Ref\8.0.15\ref\net8.0\System.Xml.XPath.XDocument.dll".
             R├®f├®rence trouv├®e dans l'emplacement du chemin d'acc├¿s de recherche "{RawFileName}".
             Cette r├®f├®rence n'est pas "CopyLocal", car le param├¿tre "Private" d'au moins un ├®l├®ment source avait la valeur "false" et aucun ├®l├®ment source ne pr├®sentait de param├¿tre "Private" dont la valeur ├®tait "true".
         R├®f├®rence primaire "System.Xml.XPath, Version=8.0.0.0, Culture=neutral, PublicKeyToken=b03f5f7f11d50a3a".
             Le chemin de fichier r├®solu est "C:\Program Files\dotnet\packs\Microsoft.NETCore.App.Ref\8.0.15\ref\net8.0\System.Xml.XPath.dll".
             R├®f├®rence trouv├®e dans l'emplacement du chemin d'acc├¿s de recherche "{RawFileName}".
             Cette r├®f├®rence n'est pas "CopyLocal", car le param├¿tre "Private" d'au moins un ├®l├®ment source avait la valeur "false" et aucun ├®l├®ment source ne pr├®sentait de param├¿tre "Private" dont la valeur ├®tait "true".
         R├®f├®rence primaire "System.Xml.XmlDocument, Version=8.0.0.0, Culture=neutral, PublicKeyToken=b03f5f7f11d50a3a".
             Le chemin de fichier r├®solu est "C:\Program Files\dotnet\packs\Microsoft.NETCore.App.Ref\8.0.15\ref\net8.0\System.Xml.XmlDocument.dll".
             R├®f├®rence trouv├®e dans l'emplacement du chemin d'acc├¿s de recherche "{RawFileName}".
             Cette r├®f├®rence n'est pas "CopyLocal", car le param├¿tre "Private" d'au moins un ├®l├®ment source avait la valeur "false" et aucun ├®l├®ment source ne pr├®sentait de param├¿tre "Private" dont la valeur ├®tait "true".
         R├®f├®rence primaire "System.Xml.XmlSerializer, Version=8.0.0.0, Culture=neutral, PublicKeyToken=b03f5f7f11d50a3a".
             Le chemin de fichier r├®solu est "C:\Program Files\dotnet\packs\Microsoft.NETCore.App.Ref\8.0.15\ref\net8.0\System.Xml.XmlSerializer.dll".
             R├®f├®rence trouv├®e dans l'emplacement du chemin d'acc├¿s de recherche "{RawFileName}".
             Cette r├®f├®rence n'est pas "CopyLocal", car le param├¿tre "Private" d'au moins un ├®l├®ment source avait la valeur "false" et aucun ├®l├®ment source ne pr├®sentait de param├¿tre "Private" dont la valeur ├®tait "true".
         R├®f├®rence primaire "System.Xml, Version=4.0.0.0, Culture=neutral, PublicKeyToken=b77a5c561934e089".
             Le chemin de fichier r├®solu est "C:\Program Files\dotnet\packs\Microsoft.NETCore.App.Ref\8.0.15\ref\net8.0\System.Xml.dll".
             R├®f├®rence trouv├®e dans l'emplacement du chemin d'acc├¿s de recherche "{RawFileName}".
             Cette r├®f├®rence n'est pas "CopyLocal", car le param├¿tre "Private" d'au moins un ├®l├®ment source avait la valeur "false" et aucun ├®l├®ment source ne pr├®sentait de param├¿tre "Private" dont la valeur ├®tait "true".
         R├®f├®rence primaire "System, Version=4.0.0.0, Culture=neutral, PublicKeyToken=b77a5c561934e089".
             Le chemin de fichier r├®solu est "C:\Program Files\dotnet\packs\Microsoft.NETCore.App.Ref\8.0.15\ref\net8.0\System.dll".
             R├®f├®rence trouv├®e dans l'emplacement du chemin d'acc├¿s de recherche "{RawFileName}".
             Cette r├®f├®rence n'est pas "CopyLocal", car le param├¿tre "Private" d'au moins un ├®l├®ment source avait la valeur "false" et aucun ├®l├®ment source ne pr├®sentait de param├¿tre "Private" dont la valeur ├®tait "true".
         R├®f├®rence primaire "WindowsBase, Version=4.0.0.0, Culture=neutral, PublicKeyToken=31bf3856ad364e35".
             Le chemin de fichier r├®solu est "C:\Program Files\dotnet\packs\Microsoft.NETCore.App.Ref\8.0.15\ref\net8.0\WindowsBase.dll".
             R├®f├®rence trouv├®e dans l'emplacement du chemin d'acc├¿s de recherche "{RawFileName}".
             Cette r├®f├®rence n'est pas "CopyLocal", car le param├¿tre "Private" d'au moins un ├®l├®ment source avait la valeur "false" et aucun ├®l├®ment source ne pr├®sentait de param├¿tre "Private" dont la valeur ├®tait "true".
         R├®f├®rence primaire "mscorlib, Version=4.0.0.0, Culture=neutral, PublicKeyToken=b77a5c561934e089".
             Le chemin de fichier r├®solu est "C:\Program Files\dotnet\packs\Microsoft.NETCore.App.Ref\8.0.15\ref\net8.0\mscorlib.dll".
             R├®f├®rence trouv├®e dans l'emplacement du chemin d'acc├¿s de recherche "{RawFileName}".
             Cette r├®f├®rence n'est pas "CopyLocal", car le param├¿tre "Private" d'au moins un ├®l├®ment source avait la valeur "false" et aucun ├®l├®ment source ne pr├®sentait de param├¿tre "Private" dont la valeur ├®tait "true".
         R├®f├®rence primaire "netstandard, Version=2.1.0.0, Culture=neutral, PublicKeyToken=cc7b13ffcd2ddd51".
             Le chemin de fichier r├®solu est "C:\Program Files\dotnet\packs\Microsoft.NETCore.App.Ref\8.0.15\ref\net8.0\netstandard.dll".
             R├®f├®rence trouv├®e dans l'emplacement du chemin d'acc├¿s de recherche "{RawFileName}".
             Cette r├®f├®rence n'est pas "CopyLocal", car le param├¿tre "Private" d'au moins un ├®l├®ment source avait la valeur "false" et aucun ├®l├®ment source ne pr├®sentait de param├¿tre "Private" dont la valeur ├®tait "true".
       Ex├®cution de la t├óche "ResolveAssemblyReference" termin├®e.
   2:6>G├®n├®ration de la cible "ResolveAssemblyReferences" termin├®e dans le projet "SqlParserLib.csproj".
       Cible "GenerateBindingRedirects" ignor├®e en raison d'une fausse condition┬á; ('$(AutoGenerateBindingRedirects)' == 'true' and '$(GenerateBindingRedirectsOutputType)' == 'true' and '@(SuggestedBindingRedirects)' != '' and '$(DesignTimeBuild)' != 'true' and '$(BuildingProject)' == 'true') a ├®t├® ├®valu├®e comme ('' == 'true' and 'true' == 'true' and '' != '' and '' != 'true' and 'true' == 'true').
       Cible "GenerateSupportedRuntime" ignor├®e en raison d'une fausse condition┬á; ('$(GenerateSupportedRuntime)' != 'false' and '$(TargetFrameworkIdentifier)' == '.NETFramework' and '$(HasRuntimeOutput)' == 'true') a ├®t├® ├®valu├®e comme ('' != 'false' and '.NETCoreApp' == '.NETFramework' and 'true' == 'true').
       Cible "GenerateBindingRedirectsUpdateAppConfig" ignor├®e en raison d'une fausse condition┬á; ('$(AutoGenerateBindingRedirects)' == 'true' and '$(GenerateBindingRedirectsOutputType)' == 'true') a ├®t├® ├®valu├®e comme ('' == 'true' and 'true' == 'true').
       Cible "ResolveComReferences" ignor├®e en raison d'une fausse condition┬á; ('@(COMReference)'!='' or '@(COMFileReference)'!='') a ├®t├® ├®valu├®e comme (''!='' or ''!='').
   2:6>Cible "AfterResolveReferences" dans le fichier "C:\Program Files\dotnet\sdk\9.0.203\Microsoft.Common.CurrentVersion.targets" du projet "D:\www\SqlParserLight\SqlParserLib.csproj" (la cible "ResolveReferences" en d├®pend)┬á:
   2:6>G├®n├®ration de la cible "AfterResolveReferences" termin├®e dans le projet "SqlParserLib.csproj".
   2:6>Cible "ResolveReferences" dans le fichier "C:\Program Files\dotnet\sdk\9.0.203\Microsoft.Common.CurrentVersion.targets" du projet "D:\www\SqlParserLight\SqlParserLib.csproj" (la cible "_BlockWinMDsOnUnsupportedTFMs" en d├®pend)┬á:
   2:6>G├®n├®ration de la cible "ResolveReferences" termin├®e dans le projet "SqlParserLib.csproj".
   2:6>Cible "_BlockWinMDsOnUnsupportedTFMs" dans le fichier "C:\Program Files\dotnet\sdk\9.0.203\Sdks\Microsoft.NET.Sdk\targets\Microsoft.NET.Sdk.targets" du projet "D:\www\SqlParserLight\SqlParserLib.csproj" (la cible "CoreBuild" en d├®pend)┬á:
       Utilisation de la t├óche "CheckForUnsupportedWinMDReferences" ├á partir de l'assembly "C:\Program Files\dotnet\sdk\9.0.203\Sdks\Microsoft.NET.Sdk\targets\..\tools\net9.0\Microsoft.NET.Build.Tasks.dll".
       T├óche "CheckForUnsupportedWinMDReferences"
       Ex├®cution de la t├óche "CheckForUnsupportedWinMDReferences" termin├®e.
       T├óche "NETSdkError" ignor├®e en raison d'une fausse condition┬á; ('$(OutputType)' == 'winmdobj') a ├®t├® ├®valu├®e comme ('Exe' == 'winmdobj').
   2:6>G├®n├®ration de la cible "_BlockWinMDsOnUnsupportedTFMs" termin├®e dans le projet "SqlParserLib.csproj".
       Cible "ResolveReferences" ignor├®e. Elle a ├®t├® g├®n├®r├®e.
       Cible "ResolvePackageDependenciesForBuild" ignor├®e. Elle a ├®t├® g├®n├®r├®e.
       Cible "_HandlePackageFileConflicts" ignor├®e. Elle a ├®t├® g├®n├®r├®e.
   2:6>Cible "CopyAdditionalFiles" dans le fichier "C:\Program Files\dotnet\sdk\9.0.203\Roslyn\Microsoft.Managed.Core.targets" du projet "D:\www\SqlParserLight\SqlParserLib.csproj" (la cible "AssignTargetPaths" en d├®pend)┬á:
   2:6>G├®n├®ration de la cible "CopyAdditionalFiles" termin├®e dans le projet "SqlParserLib.csproj".
       Cible "ResolvePackageAssets" ignor├®e. Elle a ├®t├® g├®n├®r├®e.
       Cible "ResolveFrameworkReferences" ignor├®e. Elle a ├®t├® g├®n├®r├®e.
   2:6>Cible "_GetAppHostPaths" dans le fichier "C:\Program Files\dotnet\sdk\9.0.203\Sdks\Microsoft.NET.Sdk\targets\Microsoft.NET.Sdk.targets" du projet "D:\www\SqlParserLight\SqlParserLib.csproj" (la cible "_ComputeNETCoreBuildOutputFiles" en d├®pend)┬á:
       T├óche "NETSdkError" ignor├®e en raison d'une fausse condition┬á; ('@(_NativeRestoredAppHostNETCore->Count())' > 1) a ├®t├® ├®valu├®e comme ('0' > 1).
   2:6>G├®n├®ration de la cible "_GetAppHostPaths" termin├®e dans le projet "SqlParserLib.csproj".
   2:6>Cible "_GetAppHostCreationConfiguration" dans le fichier "C:\Program Files\dotnet\sdk\9.0.203\Sdks\Microsoft.NET.Sdk\targets\Microsoft.NET.Sdk.targets" du projet "D:\www\SqlParserLight\SqlParserLib.csproj" (la cible "_ComputeNETCoreBuildOutputFiles" en d├®pend)┬á:
   2:6>G├®n├®ration de la cible "_GetAppHostCreationConfiguration" termin├®e dans le projet "SqlParserLib.csproj".
       Cible "_GetComHostPaths" ignor├®e en raison d'une fausse condition┬á; ('$(EnableComHosting)' == 'true' and '$(_IsExecutable)' != 'true') a ├®t├® ├®valu├®e comme ('' == 'true' and 'true' != 'true').
       Cible "_GetIjwHostPaths" ignor├®e en raison d'une fausse condition┬á; ('$(UseIJWHost)' == 'true') a ├®t├® ├®valu├®e comme ('' == 'true').
   2:6>Cible "_ComputeNETCoreBuildOutputFiles" dans le fichier "C:\Program Files\dotnet\sdk\9.0.203\Sdks\Microsoft.NET.Sdk\targets\Microsoft.NET.Sdk.targets" du projet "D:\www\SqlParserLight\SqlParserLib.csproj" (la cible "AssignTargetPaths" en d├®pend)┬á:
   2:6>G├®n├®ration de la cible "_ComputeNETCoreBuildOutputFiles" termin├®e dans le projet "SqlParserLib.csproj".
   2:6>Cible "AssignTargetPaths" dans le fichier "C:\Program Files\dotnet\sdk\9.0.203\Microsoft.Common.CurrentVersion.targets" du projet "D:\www\SqlParserLight\SqlParserLib.csproj" (la cible "PrepareResourceNames" en d├®pend)┬á:
       Utilisation de la t├óche "AssignTargetPath" ├á partir de l'assembly "Microsoft.Build.Tasks.Core, Version=15.1.0.0, Culture=neutral, PublicKeyToken=b03f5f7f11d50a3a".
       T├óche "AssignTargetPath"
       Ex├®cution de la t├óche "AssignTargetPath" termin├®e.
       T├óche "AssignTargetPath"
       Ex├®cution de la t├óche "AssignTargetPath" termin├®e.
       T├óche "AssignTargetPath"
       Ex├®cution de la t├óche "AssignTargetPath" termin├®e.
       T├óche "AssignTargetPath"
       Ex├®cution de la t├óche "AssignTargetPath" termin├®e.
       T├óche "AssignTargetPath" ignor├®e en raison d'une fausse condition┬á; ('@(_DeploymentBaseManifestWithTargetPath)'=='' and '%(None.Extension)'=='.manifest') a ├®t├® ├®valu├®e comme (''=='' and '.gitattributes'=='.manifest').
       T├óche "AssignTargetPath" ignor├®e en raison d'une fausse condition┬á; ('@(_DeploymentBaseManifestWithTargetPath)'=='' and '%(None.Extension)'=='.manifest') a ├®t├® ├®valu├®e comme (''=='' and '.gitignore'=='.manifest').
       T├óche "AssignTargetPath" ignor├®e en raison d'une fausse condition┬á; ('@(_DeploymentBaseManifestWithTargetPath)'=='' and '%(None.Extension)'=='.manifest') a ├®t├® ├®valu├®e comme (''=='' and '.txt'=='.manifest').
       T├óche "AssignTargetPath" ignor├®e en raison d'une fausse condition┬á; ('@(_DeploymentBaseManifestWithTargetPath)'=='' and '%(None.Extension)'=='.manifest') a ├®t├® ├®valu├®e comme (''=='' and '.cache'=='.manifest').
       T├óche "AssignTargetPath" ignor├®e en raison d'une fausse condition┬á; ('@(_DeploymentBaseManifestWithTargetPath)'=='' and '%(None.Extension)'=='.manifest') a ├®t├® ├®valu├®e comme (''=='' and '.json'=='.manifest').
       T├óche "AssignTargetPath" ignor├®e en raison d'une fausse condition┬á; ('@(_DeploymentBaseManifestWithTargetPath)'=='' and '%(None.Extension)'=='.manifest') a ├®t├® ├®valu├®e comme (''=='' and '.props'=='.manifest').
       T├óche "AssignTargetPath" ignor├®e en raison d'une fausse condition┬á; ('@(_DeploymentBaseManifestWithTargetPath)'=='' and '%(None.Extension)'=='.manifest') a ├®t├® ├®valu├®e comme (''=='' and '.targets'=='.manifest').
       T├óche "AssignTargetPath" ignor├®e en raison d'une fausse condition┬á; ('@(_DeploymentBaseManifestWithTargetPath)'=='' and '%(None.Extension)'=='.manifest') a ├®t├® ├®valu├®e comme (''=='' and '.exe'=='.manifest').
   2:6>G├®n├®ration de la cible "AssignTargetPaths" termin├®e dans le projet "SqlParserLib.csproj".
       Cible "AssignTargetPaths" ignor├®e. Elle a ├®t├® g├®n├®r├®e.
   2:6>Cible "SplitResourcesByCulture" dans le fichier "C:\Program Files\dotnet\sdk\9.0.203\Microsoft.Common.CurrentVersion.targets" du projet "D:\www\SqlParserLight\SqlParserLib.csproj" (la cible "PrepareResourceNames" en d├®pend)┬á:
       T├óche "MSBuildInternalMessage" ignor├®e en raison d'une fausse condition┬á; ('@(ResxWithNoCulture)'!='') a ├®t├® ├®valu├®e comme (''!='').
       T├óche "MSBuildInternalMessage" ignor├®e en raison d'une fausse condition┬á; ('@(ResxWithCulture)'!='') a ├®t├® ├®valu├®e comme (''!='').
       T├óche "MSBuildInternalMessage" ignor├®e en raison d'une fausse condition┬á; ('@(NonResxWithCulture)'!='') a ├®t├® ├®valu├®e comme (''!='').
       T├óche "MSBuildInternalMessage" ignor├®e en raison d'une fausse condition┬á; ('@(NonResxWithNoCulture)'!='') a ├®t├® ├®valu├®e comme (''!='').
       Utilisation de la t├óche "AssignCulture" ├á partir de l'assembly "Microsoft.Build.Tasks.Core, Version=15.1.0.0, Culture=neutral, PublicKeyToken=b03f5f7f11d50a3a".
       T├óche "AssignCulture"
       Ex├®cution de la t├óche "AssignCulture" termin├®e.
   2:6>G├®n├®ration de la cible "SplitResourcesByCulture" termin├®e dans le projet "SqlParserLib.csproj".
       Cible "CreateManifestResourceNames" ignor├®e en raison d'une fausse condition┬á; ('@(EmbeddedResource)' != '') a ├®t├® ├®valu├®e comme ('' != '').
   2:6>Cible "CreateCustomManifestResourceNames" dans le fichier "C:\Program Files\dotnet\sdk\9.0.203\Microsoft.Common.CurrentVersion.targets" du projet "D:\www\SqlParserLight\SqlParserLib.csproj" (la cible "PrepareResourceNames" en d├®pend)┬á:
   2:6>G├®n├®ration de la cible "CreateCustomManifestResourceNames" termin├®e dans le projet "SqlParserLib.csproj".
   2:6>Cible "PrepareResourceNames" dans le fichier "C:\Program Files\dotnet\sdk\9.0.203\Microsoft.Common.CurrentVersion.targets" du projet "D:\www\SqlParserLight\SqlParserLib.csproj" (la cible "PrepareResources" en d├®pend)┬á:
   2:6>G├®n├®ration de la cible "PrepareResourceNames" termin├®e dans le projet "SqlParserLib.csproj".
       Cible "ResolveAssemblyReferences" ignor├®e. Elle a ├®t├® g├®n├®r├®e.
       Cible "SplitResourcesByCulture" ignor├®e. Elle a ├®t├® g├®n├®r├®e.
   2:6>Cible "BeforeResGen" dans le fichier "C:\Program Files\dotnet\sdk\9.0.203\Microsoft.Common.CurrentVersion.targets" du projet "D:\www\SqlParserLight\SqlParserLib.csproj" (la cible "ResGen" en d├®pend)┬á:
   2:6>G├®n├®ration de la cible "BeforeResGen" termin├®e dans le projet "SqlParserLib.csproj".
       Cible "ResolveReferences" ignor├®e. Elle a ├®t├® g├®n├®r├®e.
   2:6>Cible "FindReferenceAssembliesForReferences" dans le fichier "C:\Program Files\dotnet\sdk\9.0.203\Microsoft.Common.CurrentVersion.targets" du projet "D:\www\SqlParserLight\SqlParserLib.csproj" (la cible "CoreResGen" en d├®pend)┬á:
   2:6>G├®n├®ration de la cible "FindReferenceAssembliesForReferences" termin├®e dans le projet "SqlParserLib.csproj".
   2:6>Cible "CoreResGen" dans le fichier "C:\Program Files\dotnet\sdk\9.0.203\Microsoft.Common.CurrentVersion.targets" du projet "D:\www\SqlParserLight\SqlParserLib.csproj" (la cible "ResGen" en d├®pend)┬á:
       T├óche "GenerateResource" ignor├®e en raison d'une fausse condition┬á; ('%(EmbeddedResource.Type)' == 'Resx' and '%(EmbeddedResource.GenerateResource)' != 'false' and '$(GenerateResourceMSBuildRuntime)' != 'CLR2') a ├®t├® ├®valu├®e comme ('' == 'Resx' and '' != 'false' and 'CurrentRuntime' != 'CLR2').
       T├óche "GenerateResource" ignor├®e en raison d'une fausse condition┬á; ('%(EmbeddedResource.Type)' == 'Resx' and '%(EmbeddedResource.GenerateResource)' != 'false' and '$(GenerateResourceMSBuildRuntime)' == 'CLR2') a ├®t├® ├®valu├®e comme ('' == 'Resx' and '' != 'false' and 'CurrentRuntime' == 'CLR2').
   2:6>G├®n├®ration de la cible "CoreResGen" termin├®e dans le projet "SqlParserLib.csproj".
   2:6>Cible "AfterResGen" dans le fichier "C:\Program Files\dotnet\sdk\9.0.203\Microsoft.Common.CurrentVersion.targets" du projet "D:\www\SqlParserLight\SqlParserLib.csproj" (la cible "ResGen" en d├®pend)┬á:
   2:6>G├®n├®ration de la cible "AfterResGen" termin├®e dans le projet "SqlParserLib.csproj".
   2:6>Cible "ResGen" dans le fichier "C:\Program Files\dotnet\sdk\9.0.203\Microsoft.Common.CurrentVersion.targets" du projet "D:\www\SqlParserLight\SqlParserLib.csproj" (la cible "PrepareResources" en d├®pend)┬á:
   2:6>G├®n├®ration de la cible "ResGen" termin├®e dans le projet "SqlParserLib.csproj".
       Cible "CompileLicxFiles" ignor├®e en raison d'une fausse condition┬á; ('@(_LicxFile)'!='') a ├®t├® ├®valu├®e comme (''!='').
   2:6>Cible "PrepareResources" dans le fichier "C:\Program Files\dotnet\sdk\9.0.203\Microsoft.Common.CurrentVersion.targets" du projet "D:\www\SqlParserLight\SqlParserLib.csproj" (la cible "CoreBuild" en d├®pend)┬á:
   2:6>G├®n├®ration de la cible "PrepareResources" termin├®e dans le projet "SqlParserLib.csproj".
       Cible "ResolveKeySource" ignor├®e en raison d'une fausse condition┬á; ($(SignManifests) == 'true' or $(SignAssembly) == 'true') a ├®t├® ├®valu├®e comme ( == 'true' or false == 'true').
       Cible "ResolveReferences" ignor├®e. Elle a ├®t├® g├®n├®r├®e.
       Cible "ResolveKeySource" ignor├®e en raison d'une fausse condition┬á; ($(SignManifests) == 'true' or $(SignAssembly) == 'true') a ├®t├® ├®valu├®e comme ( == 'true' or false == 'true').
       Cible "ResolveComReferences" ignor├®e en raison d'une fausse condition┬á; ('@(COMReference)'!='' or '@(COMFileReference)'!='') a ├®t├® ├®valu├®e comme (''!='' or ''!='').
       Cible "ResolveNativeReferences" ignor├®e en raison d'une fausse condition┬á; ('@(NativeReference)'!='') a ├®t├® ├®valu├®e comme (''!='').
       Cible "_SetExternalWin32ManifestProperties" ignor├®e en raison d'une fausse condition┬á; ('$(GenerateClickOnceManifests)'=='true' or '@(NativeReference)'!='' or '@(ResolvedIsolatedComModules)'!='') a ├®t├® ├®valu├®e comme (''=='true' or ''!='' or ''!='').
   2:6>Cible "_SetEmbeddedWin32ManifestProperties" dans le fichier "C:\Program Files\dotnet\sdk\9.0.203\Microsoft.Common.CurrentVersion.targets" du projet "D:\www\SqlParserLight\SqlParserLib.csproj" (la cible "SetWin32ManifestProperties" en d├®pend)┬á:
       Utilisation de la t├óche "GetFrameworkPath" ├á partir de l'assembly "Microsoft.Build.Tasks.Core, Version=15.1.0.0, Culture=neutral, PublicKeyToken=b03f5f7f11d50a3a".
       T├óche "GetFrameworkPath"
       Ex├®cution de la t├óche "GetFrameworkPath" termin├®e.
   2:6>G├®n├®ration de la cible "_SetEmbeddedWin32ManifestProperties" termin├®e dans le projet "SqlParserLib.csproj".
   2:6>Cible "SetWin32ManifestProperties" dans le fichier "C:\Program Files\dotnet\sdk\9.0.203\Microsoft.Common.CurrentVersion.targets" du projet "D:\www\SqlParserLight\SqlParserLib.csproj" (la cible "Compile" en d├®pend)┬á:
   2:6>G├®n├®ration de la cible "SetWin32ManifestProperties" termin├®e dans le projet "SqlParserLib.csproj".
       Cible "_SetPreferNativeArm64Win32ManifestProperties" ignor├®e en raison d'une fausse condition┬á; ( '$(PreferNativeArm64)'=='true' and '$(NoWin32Manifest)'!='true') a ├®t├® ├®valu├®e comme ( 'false'=='true' and ''!='true').
       Cible "FindReferenceAssembliesForReferences" ignor├®e. Elle a ├®t├® g├®n├®r├®e.
   2:6>Cible "_GenerateCompileInputs" dans le fichier "C:\Program Files\dotnet\sdk\9.0.203\Microsoft.Common.CurrentVersion.targets" du projet "D:\www\SqlParserLight\SqlParserLib.csproj" (la cible "Compile" en d├®pend)┬á:
       T├óche "MSBuildInternalMessage" ignor├®e en raison d'une fausse condition┬á; ('@(ManifestResourceWithNoCulture)'!='' and '%(ManifestResourceWithNoCulture.EmittedForCompatibilityOnly)'=='') a ├®t├® ├®valu├®e comme (''!='' and ''=='').
       T├óche "MSBuildInternalMessage" ignor├®e en raison d'une fausse condition┬á; ('@(ManifestNonResxWithNoCultureOnDisk)'!='' and '%(ManifestNonResxWithNoCultureOnDisk.EmittedForCompatibilityOnly)'=='') a ├®t├® ├®valu├®e comme (''!='' and ''=='').
   2:6>G├®n├®ration de la cible "_GenerateCompileInputs" termin├®e dans le projet "SqlParserLib.csproj".
       Cible "GenerateTargetPlatformDefineConstants" ignor├®e en raison d'une fausse condition┬á; ( '$(DisableImplicitFrameworkDefines)' != 'true' and '$(TargetPlatformIdentifier)' != '' and '$(TargetFrameworkIdentifier)' == '.NETCoreApp' and $([MSBuild]::VersionGreaterThanOrEquals($(TargetFrameworkVersion), 5.0)) ) a ├®t├® ├®valu├®e comme ( '' != 'true' and '' != '' and '.NETCoreApp' == '.NETCoreApp' and True ).
   2:6>Cible "GenerateNETCompatibleDefineConstants" dans le fichier "C:\Program Files\dotnet\sdk\9.0.203\Sdks\Microsoft.NET.Sdk\targets\Microsoft.NET.Sdk.BeforeCommon.targets" du projet "D:\www\SqlParserLight\SqlParserLib.csproj" (la cible "AddImplicitDefineConstants" en d├®pend)┬á:
   2:6>G├®n├®ration de la cible "GenerateNETCompatibleDefineConstants" termin├®e dans le projet "SqlParserLib.csproj".
       Cible "GeneratePlatformCompatibleDefineConstants" ignor├®e en raison d'une fausse condition┬á; ( '$(DisableImplicitFrameworkDefines)' != 'true' and '$(TargetPlatformIdentifier)' != '' and '$(TargetFrameworkIdentifier)' == '.NETCoreApp' and $([MSBuild]::VersionGreaterThanOrEquals($(TargetFrameworkVersion), 5.0)) ) a ├®t├® ├®valu├®e comme ( '' != 'true' and '' != '' and '.NETCoreApp' == '.NETCoreApp' and True ).
       Cible "_DisableDiagnosticTracing" ignor├®e en raison d'une fausse condition┬á; ('$(DisableDiagnosticTracing)' == 'true') a ├®t├® ├®valu├®e comme ('' == 'true').
   2:6>Cible "AddImplicitDefineConstants" dans le fichier "C:\Program Files\dotnet\sdk\9.0.203\Sdks\Microsoft.NET.Sdk\targets\Microsoft.NET.Sdk.BeforeCommon.targets" du projet "D:\www\SqlParserLight\SqlParserLib.csproj" (la cible "BeforeCompile" en d├®pend)┬á:
   2:6>G├®n├®ration de la cible "AddImplicitDefineConstants" termin├®e dans le projet "SqlParserLib.csproj".
       Cible "PrepareForBuild" ignor├®e. Elle a ├®t├® g├®n├®r├®e.
   2:6>Cible "GenerateMSBuildEditorConfigFileShouldRun" dans le fichier "C:\Program Files\dotnet\sdk\9.0.203\Roslyn\Microsoft.Managed.Core.targets" du projet "D:\www\SqlParserLight\SqlParserLib.csproj" (la cible "GenerateMSBuildEditorConfigFile" en d├®pend)┬á:
   2:6>G├®n├®ration de la cible "GenerateMSBuildEditorConfigFileShouldRun" termin├®e dans le projet "SqlParserLib.csproj".
   2:6>Cible "AddGlobalAnalyzerConfigForPackage_MicrosoftCodeAnalysisCSharpCodeStyle" dans le fichier "C:\Program Files\dotnet\sdk\9.0.203\Sdks\Microsoft.NET.Sdk\codestyle\cs\build\Microsoft.CodeAnalysis.CSharp.CodeStyle.targets" du projet "D:\www\SqlParserLight\SqlParserLib.csproj" (la cible "GenerateMSBuildEditorConfigFileCore" en d├®pend)┬á:
   2:6>G├®n├®ration de la cible "AddGlobalAnalyzerConfigForPackage_MicrosoftCodeAnalysisCSharpCodeStyle" termin├®e dans le projet "SqlParserLib.csproj".
   2:6>Cible "GenerateMSBuildEditorConfigFileCore" dans le fichier "C:\Program Files\dotnet\sdk\9.0.203\Roslyn\Microsoft.Managed.Core.targets" du projet "D:\www\SqlParserLight\SqlParserLib.csproj" (la cible "GenerateMSBuildEditorConfigFile" en d├®pend)┬á:
       G├®n├®ration compl├¿te de la cible "GenerateMSBuildEditorConfigFileCore".
       Aucun fichier d'entr├®e n'a ├®t├® sp├®cifi├®.
       Utilisation de la t├óche "GenerateMSBuildEditorConfig" ├á partir de l'assembly "C:\Program Files\dotnet\sdk\9.0.203\Roslyn\Microsoft.Build.Tasks.CodeAnalysis.dll".
       T├óche "GenerateMSBuildEditorConfig"
       Ex├®cution de la t├óche "GenerateMSBuildEditorConfig" termin├®e.
   2:6>G├®n├®ration de la cible "GenerateMSBuildEditorConfigFileCore" termin├®e dans le projet "SqlParserLib.csproj".
   2:6>Cible "GenerateMSBuildEditorConfigFile" dans le fichier "C:\Program Files\dotnet\sdk\9.0.203\Roslyn\Microsoft.Managed.Core.targets" du projet "D:\www\SqlParserLight\SqlParserLib.csproj" (la cible "BeforeCompile" en d├®pend)┬á:
   2:6>G├®n├®ration de la cible "GenerateMSBuildEditorConfigFile" termin├®e dans le projet "SqlParserLib.csproj".
       Cible "PrepareForBuild" ignor├®e. Elle a ├®t├® g├®n├®r├®e.
       Cible "GetReferenceAssemblyPaths" ignor├®e. Elle a ├®t├® g├®n├®r├®e.
   2:6>Cible "_SetTargetFrameworkMonikerAttribute" dans le fichier "C:\Program Files\dotnet\sdk\9.0.203\Microsoft.CSharp.CurrentVersion.targets" du projet "D:\www\SqlParserLight\SqlParserLib.csproj" (la cible "GenerateTargetFrameworkMonikerAttribute" en d├®pend)┬á:
   2:6>G├®n├®ration de la cible "_SetTargetFrameworkMonikerAttribute" termin├®e dans le projet "SqlParserLib.csproj".
   2:6>Cible "GenerateTargetFrameworkMonikerAttribute" dans le fichier "C:\Program Files\dotnet\sdk\9.0.203\Microsoft.Common.CurrentVersion.targets" du projet "D:\www\SqlParserLight\SqlParserLib.csproj" (la cible "BeforeCompile" en d├®pend)┬á:
       La cible est ignor├®e "GenerateTargetFrameworkMonikerAttribute", car tous les fichiers de sortie sont ├á jour par rapport aux fichiers d'entr├®e.
       Fichiers d'entr├®e┬á: C:\Program Files\dotnet\sdk\9.0.203\Microsoft.Common.targets
       Fichiers de sortie┬á: obj\Debug\net8.0\.NETCoreApp,Version=v8.0.AssemblyAttributes.cs
   2:6>G├®n├®ration de la cible "GenerateTargetFrameworkMonikerAttribute" termin├®e dans le projet "SqlParserLib.csproj".
       Cible "GenerateAdditionalSources" ignor├®e en raison d'une fausse condition┬á; ('@(AssemblyAttributes)' != '' and '$(GenerateAdditionalSources)' == 'true') a ├®t├® ├®valu├®e comme ('' != '' and '' == 'true').
       Cible "PrepareForBuild" ignor├®e. Elle a ├®t├® g├®n├®r├®e.
   2:6>Cible "GetAssemblyVersion" dans le fichier "C:\Program Files\dotnet\sdk\9.0.203\Sdks\Microsoft.NET.Sdk\targets\Microsoft.NET.GenerateAssemblyInfo.targets" du projet "D:\www\SqlParserLight\SqlParserLib.csproj" (la cible "GetAssemblyAttributes" en d├®pend)┬á:
       Utilisation de la t├óche "GetAssemblyVersion" ├á partir de l'assembly "C:\Program Files\dotnet\sdk\9.0.203\Sdks\Microsoft.NET.Sdk\targets\..\tools\net9.0\Microsoft.NET.Build.Tasks.dll".
       T├óche "GetAssemblyVersion"
       Ex├®cution de la t├óche "GetAssemblyVersion" termin├®e.
   2:6>G├®n├®ration de la cible "GetAssemblyVersion" termin├®e dans le projet "SqlParserLib.csproj".
       Cible "GetAssemblyVersion" ignor├®e. Elle a ├®t├® g├®n├®r├®e.
   2:6>Cible "InitializeSourceControlInformationFromSourceControlManager" dans le fichier "C:\Program Files\dotnet\sdk\9.0.203\Sdks\Microsoft.Build.Tasks.Git\build\Microsoft.Build.Tasks.Git.targets" du projet "D:\www\SqlParserLight\SqlParserLib.csproj" (la cible "_InitializeSourceControlInformationFromSourceControlManager" en d├®pend)┬á:
       Utilisation de la t├óche "Microsoft.Build.Tasks.Git.LocateRepository" ├á partir de l'assembly "C:\Program Files\dotnet\sdk\9.0.203\Sdks\Microsoft.Build.Tasks.Git\build\..\tools\net\Microsoft.Build.Tasks.Git.dll".
       T├óche "Microsoft.Build.Tasks.Git.LocateRepository"
         SourceLink: Repository instance not found in cache: '*:D:\www\SqlParserLight\.git'
       Ex├®cution de la t├óche "Microsoft.Build.Tasks.Git.LocateRepository" termin├®e.
   2:6>G├®n├®ration de la cible "InitializeSourceControlInformationFromSourceControlManager" termin├®e dans le projet "SqlParserLib.csproj".
   2:6>Cible "_SourceLinkHasSingleProvider" dans le fichier "C:\Program Files\dotnet\sdk\9.0.203\Sdks\Microsoft.SourceLink.Common\build\InitializeSourceControlInformation.targets" du projet "D:\www\SqlParserLight\SqlParserLib.csproj" (la cible "_InitializeSourceControlInformationFromSourceControlManager" en d├®pend)┬á:
       Assembly charg├® pendant TaskRun┬á: Microsoft.SourceLink.Common, Version=9.0.11.11701, Culture=neutral, PublicKeyToken=31bf3856ad364e35 (emplacement : C:\Program Files\dotnet\sdk\9.0.203\Sdks\Microsoft.SourceLink.Common\tools\net\Microsoft.SourceLink.Common.dll, MVID : e7b93933-92ac-4eda-8ab8-a1e1c543bfb2, AssemblyLoadContext : MSBuild plugin C:\Program Files\dotnet\sdk\9.0.203\Sdks\Microsoft.SourceLink.Common\tools\net\Microsoft.SourceLink.Common.dll)
       Utilisation de la t├óche "Microsoft.SourceLink.Common.SourceLinkHasSingleProvider" ├á partir de l'assembly "C:\Program Files\dotnet\sdk\9.0.203\Sdks\Microsoft.SourceLink.Common\build\..\tools\net\Microsoft.SourceLink.Common.dll".
       T├óche "Microsoft.SourceLink.Common.SourceLinkHasSingleProvider"
       Ex├®cution de la t├óche "Microsoft.SourceLink.Common.SourceLinkHasSingleProvider" termin├®e.
   2:6>G├®n├®ration de la cible "_SourceLinkHasSingleProvider" termin├®e dans le projet "SqlParserLib.csproj".
   2:6>Cible "TranslateGitHubUrlsInSourceControlInformation" dans le fichier "C:\Program Files\dotnet\sdk\9.0.203\Sdks\Microsoft.SourceLink.GitHub\build\Microsoft.SourceLink.GitHub.targets" du projet "D:\www\SqlParserLight\SqlParserLib.csproj" (la cible "_InitializeSourceControlInformationFromSourceControlManager" en d├®pend)┬á:
       Assembly charg├® pendant TaskRun┬á: Microsoft.SourceLink.GitHub, Version=9.0.11.11701, Culture=neutral, PublicKeyToken=31bf3856ad364e35 (emplacement : C:\Program Files\dotnet\sdk\9.0.203\Sdks\Microsoft.SourceLink.GitHub\tools\net\Microsoft.SourceLink.GitHub.dll, MVID : de6eb21e-3e60-4c55-84da-db4085852056, AssemblyLoadContext : MSBuild plugin C:\Program Files\dotnet\sdk\9.0.203\Sdks\Microsoft.SourceLink.GitHub\tools\net\Microsoft.SourceLink.GitHub.dll)
       Utilisation de la t├óche "Microsoft.SourceLink.GitHub.TranslateRepositoryUrls" ├á partir de l'assembly "C:\Program Files\dotnet\sdk\9.0.203\Sdks\Microsoft.SourceLink.GitHub\build\..\tools\net\Microsoft.SourceLink.GitHub.dll".
       T├óche "Microsoft.SourceLink.GitHub.TranslateRepositoryUrls"
       Ex├®cution de la t├óche "Microsoft.SourceLink.GitHub.TranslateRepositoryUrls" termin├®e.
   2:6>G├®n├®ration de la cible "TranslateGitHubUrlsInSourceControlInformation" termin├®e dans le projet "SqlParserLib.csproj".
   2:6>Cible "TranslateGitLabUrlsInSourceControlInformation" dans le fichier "C:\Program Files\dotnet\sdk\9.0.203\Sdks\Microsoft.SourceLink.GitLab\build\Microsoft.SourceLink.GitLab.targets" du projet "D:\www\SqlParserLight\SqlParserLib.csproj" (la cible "_InitializeSourceControlInformationFromSourceControlManager" en d├®pend)┬á:
       Assembly charg├® pendant TaskRun┬á: Microsoft.SourceLink.GitLab, Version=9.0.11.11701, Culture=neutral, PublicKeyToken=31bf3856ad364e35 (emplacement : C:\Program Files\dotnet\sdk\9.0.203\Sdks\Microsoft.SourceLink.GitLab\tools\net\Microsoft.SourceLink.GitLab.dll, MVID : ccdddc0a-7879-4673-a23d-bd877ae513a4, AssemblyLoadContext : MSBuild plugin C:\Program Files\dotnet\sdk\9.0.203\Sdks\Microsoft.SourceLink.GitLab\tools\net\Microsoft.SourceLink.GitLab.dll)
       Utilisation de la t├óche "Microsoft.SourceLink.GitLab.TranslateRepositoryUrls" ├á partir de l'assembly "C:\Program Files\dotnet\sdk\9.0.203\Sdks\Microsoft.SourceLink.GitLab\build\..\tools\net\Microsoft.SourceLink.GitLab.dll".
       T├óche "Microsoft.SourceLink.GitLab.TranslateRepositoryUrls"
       Ex├®cution de la t├óche "Microsoft.SourceLink.GitLab.TranslateRepositoryUrls" termin├®e.
   2:6>G├®n├®ration de la cible "TranslateGitLabUrlsInSourceControlInformation" termin├®e dans le projet "SqlParserLib.csproj".
   2:6>Cible "TranslateAzureReposGitUrlsInSourceControlInformation" dans le fichier "C:\Program Files\dotnet\sdk\9.0.203\Sdks\Microsoft.SourceLink.AzureRepos.Git\build\Microsoft.SourceLink.AzureRepos.Git.targets" du projet "D:\www\SqlParserLight\SqlParserLib.csproj" (la cible "_InitializeSourceControlInformationFromSourceControlManager" en d├®pend)┬á:
       Assembly charg├® pendant TaskRun┬á: Microsoft.SourceLink.AzureRepos.Git, Version=9.0.11.11701, Culture=neutral, PublicKeyToken=31bf3856ad364e35 (emplacement : C:\Program Files\dotnet\sdk\9.0.203\Sdks\Microsoft.SourceLink.AzureRepos.Git\tools\net\Microsoft.SourceLink.AzureRepos.Git.dll, MVID : cc8362fa-d14c-4e8c-a855-a55f196817ae, AssemblyLoadContext : MSBuild plugin C:\Program Files\dotnet\sdk\9.0.203\Sdks\Microsoft.SourceLink.AzureRepos.Git\tools\net\Microsoft.SourceLink.AzureRepos.Git.dll)
       Utilisation de la t├óche "Microsoft.SourceLink.AzureRepos.Git.TranslateRepositoryUrls" ├á partir de l'assembly "C:\Program Files\dotnet\sdk\9.0.203\Sdks\Microsoft.SourceLink.AzureRepos.Git\build\..\tools\net\Microsoft.SourceLink.AzureRepos.Git.dll".
       T├óche "Microsoft.SourceLink.AzureRepos.Git.TranslateRepositoryUrls"
       Ex├®cution de la t├óche "Microsoft.SourceLink.AzureRepos.Git.TranslateRepositoryUrls" termin├®e.
   2:6>G├®n├®ration de la cible "TranslateAzureReposGitUrlsInSourceControlInformation" termin├®e dans le projet "SqlParserLib.csproj".
   2:6>Cible "TranslateBitbucketGitUrlsInSourceControlInformation" dans le fichier "C:\Program Files\dotnet\sdk\9.0.203\Sdks\Microsoft.SourceLink.Bitbucket.Git\build\Microsoft.SourceLink.Bitbucket.Git.targets" du projet "D:\www\SqlParserLight\SqlParserLib.csproj" (la cible "_InitializeSourceControlInformationFromSourceControlManager" en d├®pend)┬á:
       Assembly charg├® pendant TaskRun┬á: Microsoft.SourceLink.Bitbucket.Git, Version=9.0.11.11701, Culture=neutral, PublicKeyToken=31bf3856ad364e35 (emplacement : C:\Program Files\dotnet\sdk\9.0.203\Sdks\Microsoft.SourceLink.Bitbucket.Git\tools\net\Microsoft.SourceLink.Bitbucket.Git.dll, MVID : 633cbf61-44e1-4706-8334-7e18ba081963, AssemblyLoadContext : MSBuild plugin C:\Program Files\dotnet\sdk\9.0.203\Sdks\Microsoft.SourceLink.Bitbucket.Git\tools\net\Microsoft.SourceLink.Bitbucket.Git.dll)
       Utilisation de la t├óche "Microsoft.SourceLink.Bitbucket.Git.TranslateRepositoryUrls" ├á partir de l'assembly "C:\Program Files\dotnet\sdk\9.0.203\Sdks\Microsoft.SourceLink.Bitbucket.Git\build\..\tools\net\Microsoft.SourceLink.Bitbucket.Git.dll".
       T├óche "Microsoft.SourceLink.Bitbucket.Git.TranslateRepositoryUrls"
       Ex├®cution de la t├óche "Microsoft.SourceLink.Bitbucket.Git.TranslateRepositoryUrls" termin├®e.
   2:6>G├®n├®ration de la cible "TranslateBitbucketGitUrlsInSourceControlInformation" termin├®e dans le projet "SqlParserLib.csproj".
   2:6>Cible "SourceControlManagerPublishTranslatedUrls" dans le fichier "C:\Program Files\dotnet\sdk\9.0.203\Sdks\Microsoft.SourceLink.Common\build\InitializeSourceControlInformation.targets" du projet "D:\www\SqlParserLight\SqlParserLib.csproj" (la cible "_InitializeSourceControlInformationFromSourceControlManager" en d├®pend)┬á:
   2:6>G├®n├®ration de la cible "SourceControlManagerPublishTranslatedUrls" termin├®e dans le projet "SqlParserLib.csproj".
   2:6>Cible "_InitializeSourceControlInformationFromSourceControlManager" dans le fichier "C:\Program Files\dotnet\sdk\9.0.203\Sdks\Microsoft.SourceLink.Common\build\InitializeSourceControlInformation.targets" du projet "D:\www\SqlParserLight\SqlParserLib.csproj" (la cible "InitializeSourceControlInformation" en d├®pend)┬á:
   2:6>G├®n├®ration de la cible "_InitializeSourceControlInformationFromSourceControlManager" termin├®e dans le projet "SqlParserLib.csproj".
   2:6>Cible "InitializeSourceControlInformation" dans le fichier "C:\Program Files\dotnet\sdk\9.0.203\Microsoft.Common.CurrentVersion.targets" du projet "D:\www\SqlParserLight\SqlParserLib.csproj" (la cible "AddSourceRevisionToInformationalVersion" en d├®pend)┬á:
   2:6>G├®n├®ration de la cible "InitializeSourceControlInformation" termin├®e dans le projet "SqlParserLib.csproj".
   2:6>Cible "AddSourceRevisionToInformationalVersion" dans le fichier "C:\Program Files\dotnet\sdk\9.0.203\Sdks\Microsoft.NET.Sdk\targets\Microsoft.NET.GenerateAssemblyInfo.targets" du projet "D:\www\SqlParserLight\SqlParserLib.csproj" (la cible "GetAssemblyAttributes" en d├®pend)┬á:
   2:6>G├®n├®ration de la cible "AddSourceRevisionToInformationalVersion" termin├®e dans le projet "SqlParserLib.csproj".
       Cible "_GetUserSecretsAssemblyAttribute" ignor├®e en raison d'une fausse condition┬á; ( '$(UserSecretsId)' != '' AND '$(GenerateUserSecretsAttribute)' != 'false' AND '$(GeneratedUserSecretsAttributeFile)' == '' ) a ├®t├® ├®valu├®e comme ( '' != '' AND '' != 'false' AND '' == '' ).
   2:6>Cible "GetAssemblyAttributes" dans le fichier "C:\Program Files\dotnet\sdk\9.0.203\Sdks\Microsoft.NET.Sdk\targets\Microsoft.NET.GenerateAssemblyInfo.targets" du projet "D:\www\SqlParserLight\SqlParserLib.csproj" (la cible "CreateGeneratedAssemblyInfoInputsCacheFile" en d├®pend)┬á:
   2:6>G├®n├®ration de la cible "GetAssemblyAttributes" termin├®e dans le projet "SqlParserLib.csproj".
   2:6>Cible "CreateGeneratedAssemblyInfoInputsCacheFile" dans le fichier "C:\Program Files\dotnet\sdk\9.0.203\Sdks\Microsoft.NET.Sdk\targets\Microsoft.NET.GenerateAssemblyInfo.targets" du projet "D:\www\SqlParserLight\SqlParserLib.csproj" (la cible "CoreGenerateAssemblyInfo" en d├®pend)┬á:
       Utilisation de la t├óche "Hash" ├á partir de l'assembly "Microsoft.Build.Tasks.Core, Version=15.1.0.0, Culture=neutral, PublicKeyToken=b03f5f7f11d50a3a".
       T├óche "Hash"
       Ex├®cution de la t├óche "Hash" termin├®e.
       T├óche "WriteLinesToFile"
         L'├®criture dans le fichier "obj\Debug\net8.0\SqlParserLib.AssemblyInfoInputs.cache" est ignor├®e, car le contenu ne change pas.
       Ex├®cution de la t├óche "WriteLinesToFile" termin├®e.
   2:6>G├®n├®ration de la cible "CreateGeneratedAssemblyInfoInputsCacheFile" termin├®e dans le projet "SqlParserLib.csproj".
   2:6>Cible "CoreGenerateAssemblyInfo" dans le fichier "C:\Program Files\dotnet\sdk\9.0.203\Sdks\Microsoft.NET.Sdk\targets\Microsoft.NET.GenerateAssemblyInfo.targets" du projet "D:\www\SqlParserLight\SqlParserLib.csproj" (la cible "GenerateAssemblyInfo" en d├®pend)┬á:
       La cible est ignor├®e "CoreGenerateAssemblyInfo", car tous les fichiers de sortie sont ├á jour par rapport aux fichiers d'entr├®e.
       Fichiers d'entr├®e┬á: obj\Debug\net8.0\SqlParserLib.AssemblyInfoInputs.cache
       Fichiers de sortie┬á: obj\Debug\net8.0\SqlParserLib.AssemblyInfo.cs
   2:6>G├®n├®ration de la cible "CoreGenerateAssemblyInfo" termin├®e dans le projet "SqlParserLib.csproj".
   2:6>Cible "GenerateAssemblyInfo" dans le fichier "C:\Program Files\dotnet\sdk\9.0.203\Sdks\Microsoft.NET.Sdk\targets\Microsoft.NET.GenerateAssemblyInfo.targets" du projet "D:\www\SqlParserLight\SqlParserLib.csproj" (la cible "BeforeCompile" en d├®pend)┬á:
   2:6>G├®n├®ration de la cible "GenerateAssemblyInfo" termin├®e dans le projet "SqlParserLib.csproj".
   2:6>Cible "BeforeCompile" dans le fichier "C:\Program Files\dotnet\sdk\9.0.203\Microsoft.Common.CurrentVersion.targets" du projet "D:\www\SqlParserLight\SqlParserLib.csproj" (la cible "Compile" en d├®pend)┬á:
   2:6>G├®n├®ration de la cible "BeforeCompile" termin├®e dans le projet "SqlParserLib.csproj".
       Cible "_TimeStampBeforeCompile" ignor├®e en raison d'une fausse condition┬á; ('$(RunPostBuildEvent)'=='OnOutputUpdated' or ('$(RegisterForComInterop)'=='true' and '$(OutputType)'=='library')) a ├®t├® ├®valu├®e comme (''=='OnOutputUpdated' or (''=='true' and 'Exe'=='library')).
       Cible "ResolveAssemblyReferences" ignor├®e. Elle a ├®t├® g├®n├®r├®e.
   2:6>Cible "_GenerateCompileDependencyCache" dans le fichier "C:\Program Files\dotnet\sdk\9.0.203\Microsoft.Common.CurrentVersion.targets" du projet "D:\www\SqlParserLight\SqlParserLib.csproj" (la cible "Compile" en d├®pend)┬á:
       T├óche "Hash"
       Ex├®cution de la t├óche "Hash" termin├®e.
       T├óche "WriteLinesToFile"
         L'├®criture dans le fichier "obj\Debug\net8.0\SqlParserLib.csproj.CoreCompileInputs.cache" est ignor├®e, car le contenu ne change pas.
       Ex├®cution de la t├óche "WriteLinesToFile" termin├®e.
   2:6>G├®n├®ration de la cible "_GenerateCompileDependencyCache" termin├®e dans le projet "SqlParserLib.csproj".
       Cible "_ComputeNonExistentFileProperty" ignor├®e en raison d'une fausse condition┬á; (('$(BuildingInsideVisualStudio)' == 'true') and ('$(BuildingOutOfProcess)' != 'true') and (('$(BuildingProject)' == 'false') or ('$(UseHostCompilerIfAvailable)' == 'true'))) a ├®t├® ├®valu├®e comme (('' == 'true') and ('' != 'true') and (('true' == 'false') or ('true' == 'true'))).
       Cible "ResolveCodeAnalysisRuleSet" ignor├®e en raison d'une fausse condition┬á; ('$(CodeAnalysisRuleSet)' != '') a ├®t├® ├®valu├®e comme ('' != '').
       Cible "ShimReferencePathsWhenCommonTargetsDoesNotUnderstandReferenceAssemblies" ignor├®e en raison d'une fausse condition┬á; ('@(ReferencePathWithRefAssemblies)' == '') a ├®t├® ├®valu├®e comme ('C:\Program Files\dotnet\packs\Microsoft.NETCore.App.Ref\8.0.15\ref\net8.0\Microsoft.CSharp.dll;C:\Program Files\dotnet\packs\Microsoft.NETCore.App.Ref\8.0.15\ref\net8.0\Microsoft.VisualBasic.Core.dll;C:\Program Files\dotnet\packs\Microsoft.NETCore.App.Ref\8.0.15\ref\net8.0\Microsoft.VisualBasic.dll;...' == '').
   2:6>Cible "_BeforeVBCSCoreCompile" dans le fichier "C:\Program Files\dotnet\sdk\9.0.203\Roslyn\Microsoft.Managed.Core.targets" du projet "D:\www\SqlParserLight\SqlParserLib.csproj" (la cible "CoreCompile" en d├®pend)┬á:
   2:6>G├®n├®ration de la cible "_BeforeVBCSCoreCompile" termin├®e dans le projet "SqlParserLib.csproj".
       Cible "AdjustDefaultPlatformTargetForNetFrameworkExeWithNoNativeCopyLocalItems" ignor├®e en raison d'une fausse condition┬á; ('$(_UsingDefaultPlatformTarget)' == 'true' and
                            '$(_UsingDefaultRuntimeIdentifier)' == 'true') a ├®t├® ├®valu├®e comme ('true' == 'true' and
                            '' == 'true').
       Cible "_DisableDiagnosticTracing" ignor├®e en raison d'une fausse condition┬á; ('$(DisableDiagnosticTracing)' == 'true') a ├®t├® ├®valu├®e comme ('' == 'true').
       Cible "ShimReferencePathsWhenCommonTargetsDoesNotUnderstandReferenceAssemblies" ignor├®e en raison d'une fausse condition┬á; ('@(ReferencePathWithRefAssemblies)' == '') a ├®t├® ├®valu├®e comme ('C:\Program Files\dotnet\packs\Microsoft.NETCore.App.Ref\8.0.15\ref\net8.0\Microsoft.CSharp.dll;C:\Program Files\dotnet\packs\Microsoft.NETCore.App.Ref\8.0.15\ref\net8.0\Microsoft.VisualBasic.Core.dll;C:\Program Files\dotnet\packs\Microsoft.NETCore.App.Ref\8.0.15\ref\net8.0\Microsoft.VisualBasic.dll;...' == '').
   2:6>Cible "_ComputeSkipAnalyzers" dans le fichier "C:\Program Files\dotnet\sdk\9.0.203\Roslyn\Microsoft.Managed.Core.targets" du projet "D:\www\SqlParserLight\SqlParserLib.csproj" (la cible "CoreCompile" en d├®pend)┬á:
       T├óche "ShowMessageForImplicitlySkipAnalyzers" ignor├®e en raison d'une fausse condition┬á; ('$(_ImplicitlySkipAnalyzers)' == 'true') a ├®t├® ├®valu├®e comme ('' == 'true').
   2:6>G├®n├®ration de la cible "_ComputeSkipAnalyzers" termin├®e dans le projet "SqlParserLib.csproj".
       Cible "_SetPathMapFromSourceRoots" ignor├®e en raison d'une fausse condition┬á; ('$(DeterministicSourcePaths)' == 'true') a ├®t├® ├®valu├®e comme ('' == 'true').
       Cible "CreateCompilerGeneratedFilesOutputPath" ignor├®e en raison d'une fausse condition┬á; ('$(EmitCompilerGeneratedFiles)' == 'true' and !('$(DesignTimeBuild)' == 'true' OR '$(BuildingProject)' != 'true')) a ├®t├® ├®valu├®e comme ('false' == 'true' and !('' == 'true' OR 'true' != 'true')).
       Cible "_CheckMicrosoftNetSdkCompilersToolsetPackageExists" ignor├®e en raison d'une fausse condition┬á; ('$(_NeedToDownloadMicrosoftNetSdkCompilersToolsetPackage)' == 'true' and '$(DesignTimeBuild)' != 'true') a ├®t├® ├®valu├®e comme ('' == 'true' and '' != 'true').
       Cible "BeforeCompile" ignor├®e. Elle a ├®t├® g├®n├®r├®e.
       Cible "InitializeSourceControlInformationFromSourceControlManager" ignor├®e. Elle a ├®t├® g├®n├®r├®e.
   2:6>Cible "SetEmbeddedFilesFromSourceControlManagerUntrackedFiles" dans le fichier "C:\Program Files\dotnet\sdk\9.0.203\Sdks\Microsoft.Build.Tasks.Git\build\Microsoft.Build.Tasks.Git.targets" du projet "D:\www\SqlParserLight\SqlParserLib.csproj" (la cible "_SetEmbeddedFilesFromSourceControlManagerUntrackedFiles" en d├®pend)┬á:
       Utilisation de la t├óche "Microsoft.Build.Tasks.Git.GetUntrackedFiles" ├á partir de l'assembly "C:\Program Files\dotnet\sdk\9.0.203\Sdks\Microsoft.Build.Tasks.Git\build\..\tools\net\Microsoft.Build.Tasks.Git.dll".
       T├óche "Microsoft.Build.Tasks.Git.GetUntrackedFiles"
         SourceLink: Reusing cached git repository information.
       Ex├®cution de la t├óche "Microsoft.Build.Tasks.Git.GetUntrackedFiles" termin├®e.
   2:6>G├®n├®ration de la cible "SetEmbeddedFilesFromSourceControlManagerUntrackedFiles" termin├®e dans le projet "SqlParserLib.csproj".
   2:6>Cible "_SetEmbeddedFilesFromSourceControlManagerUntrackedFiles" dans le fichier "C:\Program Files\dotnet\sdk\9.0.203\Sdks\Microsoft.SourceLink.Common\build\Microsoft.SourceLink.Common.targets" du projet "D:\www\SqlParserLight\SqlParserLib.csproj" (la cible "CoreCompile" en d├®pend)┬á:
   2:6>G├®n├®ration de la cible "_SetEmbeddedFilesFromSourceControlManagerUntrackedFiles" termin├®e dans le projet "SqlParserLib.csproj".
       Cible "InitializeSourceControlInformation" ignor├®e. Elle a ├®t├® g├®n├®r├®e.
   2:6>Cible "_SetSourceLinkFilePath" dans le fichier "C:\Program Files\dotnet\sdk\9.0.203\Sdks\Microsoft.SourceLink.Common\build\Microsoft.SourceLink.Common.targets" du projet "D:\www\SqlParserLight\SqlParserLib.csproj" (la cible "_GenerateSourceLinkFile" en d├®pend)┬á:
   2:6>G├®n├®ration de la cible "_SetSourceLinkFilePath" termin├®e dans le projet "SqlParserLib.csproj".
       Cible "InitializeSourceControlInformation" ignor├®e. Elle a ├®t├® g├®n├®r├®e.
   2:6>Cible "_InitializeSourceRootMappedPathsFromSourceControl" dans le fichier "C:\Program Files\dotnet\sdk\9.0.203\Roslyn\Microsoft.Managed.Core.targets" du projet "D:\www\SqlParserLight\SqlParserLib.csproj" (la cible "InitializeSourceRootMappedPaths" en d├®pend)┬á:
   2:6>G├®n├®ration de la cible "_InitializeSourceRootMappedPathsFromSourceControl" termin├®e dans le projet "SqlParserLib.csproj".
   2:6>Cible "InitializeSourceRootMappedPaths" dans le fichier "C:\Program Files\dotnet\sdk\9.0.203\Roslyn\Microsoft.Managed.Core.targets" du projet "D:\www\SqlParserLight\SqlParserLib.csproj" (la cible "_InitializeSourceRootMappedPathsOpt" en d├®pend)┬á:
       Utilisation de la t├óche "Microsoft.CodeAnalysis.BuildTasks.MapSourceRoots" ├á partir de l'assembly "C:\Program Files\dotnet\sdk\9.0.203\Roslyn\Microsoft.Build.Tasks.CodeAnalysis.dll".
       T├óche "Microsoft.CodeAnalysis.BuildTasks.MapSourceRoots"
       Ex├®cution de la t├óche "Microsoft.CodeAnalysis.BuildTasks.MapSourceRoots" termin├®e.
   2:6>G├®n├®ration de la cible "InitializeSourceRootMappedPaths" termin├®e dans le projet "SqlParserLib.csproj".
   2:6>Cible "_InitializeSourceRootMappedPathsOpt" dans le fichier "C:\Program Files\dotnet\sdk\9.0.203\Sdks\Microsoft.SourceLink.Common\build\Microsoft.SourceLink.Common.targets" du projet "D:\www\SqlParserLight\SqlParserLib.csproj" (la cible "_GenerateSourceLinkFile" en d├®pend)┬á:
   2:6>G├®n├®ration de la cible "_InitializeSourceRootMappedPathsOpt" termin├®e dans le projet "SqlParserLib.csproj".
   2:6>Cible "_InitializeGitHubSourceLinkUrl" dans le fichier "C:\Program Files\dotnet\sdk\9.0.203\Sdks\Microsoft.SourceLink.GitHub\build\Microsoft.SourceLink.GitHub.targets" du projet "D:\www\SqlParserLight\SqlParserLib.csproj" (la cible "_GenerateSourceLinkFile" en d├®pend)┬á:
       G├®n├®ration compl├¿te de la cible "_InitializeGitHubSourceLinkUrl".
       Aucun fichier d'entr├®e n'a ├®t├® sp├®cifi├®.
       Utilisation de la t├óche "Microsoft.SourceLink.GitHub.GetSourceLinkUrl" ├á partir de l'assembly "C:\Program Files\dotnet\sdk\9.0.203\Sdks\Microsoft.SourceLink.GitHub\build\..\tools\net\Microsoft.SourceLink.GitHub.dll".
       T├óche "Microsoft.SourceLink.GitHub.GetSourceLinkUrl"
       Ex├®cution de la t├óche "Microsoft.SourceLink.GitHub.GetSourceLinkUrl" termin├®e.
   2:6>G├®n├®ration de la cible "_InitializeGitHubSourceLinkUrl" termin├®e dans le projet "SqlParserLib.csproj".
   2:6>Cible "_InitializeGitHubSourceLinkUrl" dans le fichier "C:\Program Files\dotnet\sdk\9.0.203\Sdks\Microsoft.SourceLink.GitHub\build\Microsoft.SourceLink.GitHub.targets" du projet "D:\www\SqlParserLight\SqlParserLib.csproj" (la cible "_GenerateSourceLinkFile" en d├®pend)┬á:
       G├®n├®ration compl├¿te de la cible "_InitializeGitHubSourceLinkUrl".
       Aucun fichier d'entr├®e n'a ├®t├® sp├®cifi├®.
       T├óche "Microsoft.SourceLink.GitHub.GetSourceLinkUrl"
       Ex├®cution de la t├óche "Microsoft.SourceLink.GitHub.GetSourceLinkUrl" termin├®e.
   2:6>G├®n├®ration de la cible "_InitializeGitHubSourceLinkUrl" termin├®e dans le projet "SqlParserLib.csproj".
   2:6>Cible "_InitializeGitHubSourceLinkUrl" dans le fichier "C:\Program Files\dotnet\sdk\9.0.203\Sdks\Microsoft.SourceLink.GitHub\build\Microsoft.SourceLink.GitHub.targets" du projet "D:\www\SqlParserLight\SqlParserLib.csproj" (la cible "_GenerateSourceLinkFile" en d├®pend)┬á:
       G├®n├®ration compl├¿te de la cible "_InitializeGitHubSourceLinkUrl".
       Aucun fichier d'entr├®e n'a ├®t├® sp├®cifi├®.
       T├óche "Microsoft.SourceLink.GitHub.GetSourceLinkUrl"
       Ex├®cution de la t├óche "Microsoft.SourceLink.GitHub.GetSourceLinkUrl" termin├®e.
   2:6>G├®n├®ration de la cible "_InitializeGitHubSourceLinkUrl" termin├®e dans le projet "SqlParserLib.csproj".
   2:6>Cible "_InitializeGitLabSourceLinkUrl" dans le fichier "C:\Program Files\dotnet\sdk\9.0.203\Sdks\Microsoft.SourceLink.GitLab\build\Microsoft.SourceLink.GitLab.targets" du projet "D:\www\SqlParserLight\SqlParserLib.csproj" (la cible "_GenerateSourceLinkFile" en d├®pend)┬á:
       G├®n├®ration compl├¿te de la cible "_InitializeGitLabSourceLinkUrl".
       Aucun fichier d'entr├®e n'a ├®t├® sp├®cifi├®.
       Utilisation de la t├óche "Microsoft.SourceLink.GitLab.GetSourceLinkUrl" ├á partir de l'assembly "C:\Program Files\dotnet\sdk\9.0.203\Sdks\Microsoft.SourceLink.GitLab\build\..\tools\net\Microsoft.SourceLink.GitLab.dll".
       T├óche "Microsoft.SourceLink.GitLab.GetSourceLinkUrl"
       Ex├®cution de la t├óche "Microsoft.SourceLink.GitLab.GetSourceLinkUrl" termin├®e.
   2:6>G├®n├®ration de la cible "_InitializeGitLabSourceLinkUrl" termin├®e dans le projet "SqlParserLib.csproj".
   2:6>Cible "_InitializeGitLabSourceLinkUrl" dans le fichier "C:\Program Files\dotnet\sdk\9.0.203\Sdks\Microsoft.SourceLink.GitLab\build\Microsoft.SourceLink.GitLab.targets" du projet "D:\www\SqlParserLight\SqlParserLib.csproj" (la cible "_GenerateSourceLinkFile" en d├®pend)┬á:
       G├®n├®ration compl├¿te de la cible "_InitializeGitLabSourceLinkUrl".
       Aucun fichier d'entr├®e n'a ├®t├® sp├®cifi├®.
       T├óche "Microsoft.SourceLink.GitLab.GetSourceLinkUrl"
       Ex├®cution de la t├óche "Microsoft.SourceLink.GitLab.GetSourceLinkUrl" termin├®e.
   2:6>G├®n├®ration de la cible "_InitializeGitLabSourceLinkUrl" termin├®e dans le projet "SqlParserLib.csproj".
   2:6>Cible "_InitializeGitLabSourceLinkUrl" dans le fichier "C:\Program Files\dotnet\sdk\9.0.203\Sdks\Microsoft.SourceLink.GitLab\build\Microsoft.SourceLink.GitLab.targets" du projet "D:\www\SqlParserLight\SqlParserLib.csproj" (la cible "_GenerateSourceLinkFile" en d├®pend)┬á:
       G├®n├®ration compl├¿te de la cible "_InitializeGitLabSourceLinkUrl".
       Aucun fichier d'entr├®e n'a ├®t├® sp├®cifi├®.
       T├óche "Microsoft.SourceLink.GitLab.GetSourceLinkUrl"
       Ex├®cution de la t├óche "Microsoft.SourceLink.GitLab.GetSourceLinkUrl" termin├®e.
   2:6>G├®n├®ration de la cible "_InitializeGitLabSourceLinkUrl" termin├®e dans le projet "SqlParserLib.csproj".
   2:6>Cible "_InitializeAzureReposGitSourceLinkUrl" dans le fichier "C:\Program Files\dotnet\sdk\9.0.203\Sdks\Microsoft.SourceLink.AzureRepos.Git\build\Microsoft.SourceLink.AzureRepos.Git.targets" du projet "D:\www\SqlParserLight\SqlParserLib.csproj" (la cible "_GenerateSourceLinkFile" en d├®pend)┬á:
       G├®n├®ration compl├¿te de la cible "_InitializeAzureReposGitSourceLinkUrl".
       Aucun fichier d'entr├®e n'a ├®t├® sp├®cifi├®.
       Utilisation de la t├óche "Microsoft.SourceLink.AzureRepos.Git.GetSourceLinkUrl" ├á partir de l'assembly "C:\Program Files\dotnet\sdk\9.0.203\Sdks\Microsoft.SourceLink.AzureRepos.Git\build\..\tools\net\Microsoft.SourceLink.AzureRepos.Git.dll".
       T├óche "Microsoft.SourceLink.AzureRepos.Git.GetSourceLinkUrl"
       Ex├®cution de la t├óche "Microsoft.SourceLink.AzureRepos.Git.GetSourceLinkUrl" termin├®e.
   2:6>G├®n├®ration de la cible "_InitializeAzureReposGitSourceLinkUrl" termin├®e dans le projet "SqlParserLib.csproj".
   2:6>Cible "_InitializeAzureReposGitSourceLinkUrl" dans le fichier "C:\Program Files\dotnet\sdk\9.0.203\Sdks\Microsoft.SourceLink.AzureRepos.Git\build\Microsoft.SourceLink.AzureRepos.Git.targets" du projet "D:\www\SqlParserLight\SqlParserLib.csproj" (la cible "_GenerateSourceLinkFile" en d├®pend)┬á:
       G├®n├®ration compl├¿te de la cible "_InitializeAzureReposGitSourceLinkUrl".
       Aucun fichier d'entr├®e n'a ├®t├® sp├®cifi├®.
       T├óche "Microsoft.SourceLink.AzureRepos.Git.GetSourceLinkUrl"
       Ex├®cution de la t├óche "Microsoft.SourceLink.AzureRepos.Git.GetSourceLinkUrl" termin├®e.
   2:6>G├®n├®ration de la cible "_InitializeAzureReposGitSourceLinkUrl" termin├®e dans le projet "SqlParserLib.csproj".
   2:6>Cible "_InitializeAzureReposGitSourceLinkUrl" dans le fichier "C:\Program Files\dotnet\sdk\9.0.203\Sdks\Microsoft.SourceLink.AzureRepos.Git\build\Microsoft.SourceLink.AzureRepos.Git.targets" du projet "D:\www\SqlParserLight\SqlParserLib.csproj" (la cible "_GenerateSourceLinkFile" en d├®pend)┬á:
       G├®n├®ration compl├¿te de la cible "_InitializeAzureReposGitSourceLinkUrl".
       Aucun fichier d'entr├®e n'a ├®t├® sp├®cifi├®.
       T├óche "Microsoft.SourceLink.AzureRepos.Git.GetSourceLinkUrl"
       Ex├®cution de la t├óche "Microsoft.SourceLink.AzureRepos.Git.GetSourceLinkUrl" termin├®e.
   2:6>G├®n├®ration de la cible "_InitializeAzureReposGitSourceLinkUrl" termin├®e dans le projet "SqlParserLib.csproj".
   2:6>Cible "_InitializeBitbucketGitSourceLinkUrl" dans le fichier "C:\Program Files\dotnet\sdk\9.0.203\Sdks\Microsoft.SourceLink.Bitbucket.Git\build\Microsoft.SourceLink.Bitbucket.Git.targets" du projet "D:\www\SqlParserLight\SqlParserLib.csproj" (la cible "_GenerateSourceLinkFile" en d├®pend)┬á:
       G├®n├®ration compl├¿te de la cible "_InitializeBitbucketGitSourceLinkUrl".
       Aucun fichier d'entr├®e n'a ├®t├® sp├®cifi├®.
       Utilisation de la t├óche "Microsoft.SourceLink.Bitbucket.Git.GetSourceLinkUrl" ├á partir de l'assembly "C:\Program Files\dotnet\sdk\9.0.203\Sdks\Microsoft.SourceLink.Bitbucket.Git\build\..\tools\net\Microsoft.SourceLink.Bitbucket.Git.dll".
       T├óche "Microsoft.SourceLink.Bitbucket.Git.GetSourceLinkUrl"
       Ex├®cution de la t├óche "Microsoft.SourceLink.Bitbucket.Git.GetSourceLinkUrl" termin├®e.
   2:6>G├®n├®ration de la cible "_InitializeBitbucketGitSourceLinkUrl" termin├®e dans le projet "SqlParserLib.csproj".
   2:6>Cible "_InitializeBitbucketGitSourceLinkUrl" dans le fichier "C:\Program Files\dotnet\sdk\9.0.203\Sdks\Microsoft.SourceLink.Bitbucket.Git\build\Microsoft.SourceLink.Bitbucket.Git.targets" du projet "D:\www\SqlParserLight\SqlParserLib.csproj" (la cible "_GenerateSourceLinkFile" en d├®pend)┬á:
       G├®n├®ration compl├¿te de la cible "_InitializeBitbucketGitSourceLinkUrl".
       Aucun fichier d'entr├®e n'a ├®t├® sp├®cifi├®.
       T├óche "Microsoft.SourceLink.Bitbucket.Git.GetSourceLinkUrl"
       Ex├®cution de la t├óche "Microsoft.SourceLink.Bitbucket.Git.GetSourceLinkUrl" termin├®e.
   2:6>G├®n├®ration de la cible "_InitializeBitbucketGitSourceLinkUrl" termin├®e dans le projet "SqlParserLib.csproj".
   2:6>Cible "_InitializeBitbucketGitSourceLinkUrl" dans le fichier "C:\Program Files\dotnet\sdk\9.0.203\Sdks\Microsoft.SourceLink.Bitbucket.Git\build\Microsoft.SourceLink.Bitbucket.Git.targets" du projet "D:\www\SqlParserLight\SqlParserLib.csproj" (la cible "_GenerateSourceLinkFile" en d├®pend)┬á:
       G├®n├®ration compl├¿te de la cible "_InitializeBitbucketGitSourceLinkUrl".
       Aucun fichier d'entr├®e n'a ├®t├® sp├®cifi├®.
       T├óche "Microsoft.SourceLink.Bitbucket.Git.GetSourceLinkUrl"
       Ex├®cution de la t├óche "Microsoft.SourceLink.Bitbucket.Git.GetSourceLinkUrl" termin├®e.
   2:6>G├®n├®ration de la cible "_InitializeBitbucketGitSourceLinkUrl" termin├®e dans le projet "SqlParserLib.csproj".
   2:6>Cible "_GenerateSourceLinkFile" dans le fichier "C:\Program Files\dotnet\sdk\9.0.203\Sdks\Microsoft.SourceLink.Common\build\Microsoft.SourceLink.Common.targets" du projet "D:\www\SqlParserLight\SqlParserLib.csproj" (la cible "GenerateSourceLinkFile" en d├®pend)┬á:
       G├®n├®ration compl├¿te de la cible "_GenerateSourceLinkFile".
       Aucun fichier d'entr├®e n'a ├®t├® sp├®cifi├®.
       Utilisation de la t├óche "Microsoft.SourceLink.Common.GenerateSourceLinkFile" ├á partir de l'assembly "C:\Program Files\dotnet\sdk\9.0.203\Sdks\Microsoft.SourceLink.Common\build\..\tools\net\Microsoft.SourceLink.Common.dll".
       T├óche "Microsoft.SourceLink.Common.GenerateSourceLinkFile"
         Assembly charg├® pendant TaskRun (Microsoft.SourceLink.Common.GenerateSourceLinkFile)┬á: Microsoft.SourceLink.Common.resources, Version=9.0.11.11701, Culture=fr, PublicKeyToken=31bf3856ad364e35 (emplacement : C:\Program Files\dotnet\sdk\9.0.203\Sdks\Microsoft.SourceLink.Common\tools\net\fr\Microsoft.SourceLink.Common.resources.dll, MVID : a545b495-a42d-409e-b855-09c058e6393f, AssemblyLoadContext : MSBuild plugin C:\Program Files\dotnet\sdk\9.0.203\Sdks\Microsoft.SourceLink.Common\tools\net\Microsoft.SourceLink.Common.dll)
         Le fichier 'obj\Debug\net8.0\SqlParserLib.sourcelink.json' de Source Link est ├á jour.
       Ex├®cution de la t├óche "Microsoft.SourceLink.Common.GenerateSourceLinkFile" termin├®e.
   2:6>G├®n├®ration de la cible "_GenerateSourceLinkFile" termin├®e dans le projet "SqlParserLib.csproj".
   2:6>Cible "GenerateSourceLinkFile" dans le fichier "C:\Program Files\dotnet\sdk\9.0.203\Sdks\Microsoft.SourceLink.Common\build\Microsoft.SourceLink.Common.targets" du projet "D:\www\SqlParserLight\SqlParserLib.csproj" (la cible "CoreCompile" en d├®pend)┬á:
   2:6>G├®n├®ration de la cible "GenerateSourceLinkFile" termin├®e dans le projet "SqlParserLib.csproj".
   2:6>Cible "AddGlobalAnalyzerConfigForPackage_MicrosoftCodeAnalysisNetAnalyzers" dans le fichier "C:\Program Files\dotnet\sdk\9.0.203\Sdks\Microsoft.NET.Sdk\analyzers\build\Microsoft.CodeAnalysis.NetAnalyzers.targets" du projet "D:\www\SqlParserLight\SqlParserLib.csproj" (la cible "CoreCompile" en d├®pend)┬á:
   2:6>G├®n├®ration de la cible "AddGlobalAnalyzerConfigForPackage_MicrosoftCodeAnalysisNetAnalyzers" termin├®e dans le projet "SqlParserLib.csproj".
       Cible "AddGlobalAnalyzerConfigForPackage_MicrosoftCodeAnalysisNetAnalyzersDesign" ignor├®e en raison d'une fausse condition┬á; ('$(SkipGlobalAnalyzerConfigForPackage)' != 'true' and ('$(AnalysisLevelDesign)' != '' or '$(AnalysisModeDesign)' != '')) a ├®t├® ├®valu├®e comme ('' != 'true' and ('' != '' or '' != '')).
       Cible "AddGlobalAnalyzerConfigForPackage_MicrosoftCodeAnalysisNetAnalyzersDocumentation" ignor├®e en raison d'une fausse condition┬á; ('$(SkipGlobalAnalyzerConfigForPackage)' != 'true' and ('$(AnalysisLevelDocumentation)' != '' or '$(AnalysisModeDocumentation)' != '')) a ├®t├® ├®valu├®e comme ('' != 'true' and ('' != '' or '' != '')).
       Cible "AddGlobalAnalyzerConfigForPackage_MicrosoftCodeAnalysisNetAnalyzersGlobalization" ignor├®e en raison d'une fausse condition┬á; ('$(SkipGlobalAnalyzerConfigForPackage)' != 'true' and ('$(AnalysisLevelGlobalization)' != '' or '$(AnalysisModeGlobalization)' != '')) a ├®t├® ├®valu├®e comme ('' != 'true' and ('' != '' or '' != '')).
       Cible "AddGlobalAnalyzerConfigForPackage_MicrosoftCodeAnalysisNetAnalyzersInteroperability" ignor├®e en raison d'une fausse condition┬á; ('$(SkipGlobalAnalyzerConfigForPackage)' != 'true' and ('$(AnalysisLevelInteroperability)' != '' or '$(AnalysisModeInteroperability)' != '')) a ├®t├® ├®valu├®e comme ('' != 'true' and ('' != '' or '' != '')).
       Cible "AddGlobalAnalyzerConfigForPackage_MicrosoftCodeAnalysisNetAnalyzersMaintainability" ignor├®e en raison d'une fausse condition┬á; ('$(SkipGlobalAnalyzerConfigForPackage)' != 'true' and ('$(AnalysisLevelMaintainability)' != '' or '$(AnalysisModeMaintainability)' != '')) a ├®t├® ├®valu├®e comme ('' != 'true' and ('' != '' or '' != '')).
       Cible "AddGlobalAnalyzerConfigForPackage_MicrosoftCodeAnalysisNetAnalyzersNaming" ignor├®e en raison d'une fausse condition┬á; ('$(SkipGlobalAnalyzerConfigForPackage)' != 'true' and ('$(AnalysisLevelNaming)' != '' or '$(AnalysisModeNaming)' != '')) a ├®t├® ├®valu├®e comme ('' != 'true' and ('' != '' or '' != '')).
       Cible "AddGlobalAnalyzerConfigForPackage_MicrosoftCodeAnalysisNetAnalyzersPerformance" ignor├®e en raison d'une fausse condition┬á; ('$(SkipGlobalAnalyzerConfigForPackage)' != 'true' and ('$(AnalysisLevelPerformance)' != '' or '$(AnalysisModePerformance)' != '')) a ├®t├® ├®valu├®e comme ('' != 'true' and ('' != '' or '' != '')).
       Cible "AddGlobalAnalyzerConfigForPackage_MicrosoftCodeAnalysisNetAnalyzersReliability" ignor├®e en raison d'une fausse condition┬á; ('$(SkipGlobalAnalyzerConfigForPackage)' != 'true' and ('$(AnalysisLevelReliability)' != '' or '$(AnalysisModeReliability)' != '')) a ├®t├® ├®valu├®e comme ('' != 'true' and ('' != '' or '' != '')).
       Cible "AddGlobalAnalyzerConfigForPackage_MicrosoftCodeAnalysisNetAnalyzersSecurity" ignor├®e en raison d'une fausse condition┬á; ('$(SkipGlobalAnalyzerConfigForPackage)' != 'true' and ('$(AnalysisLevelSecurity)' != '' or '$(AnalysisModeSecurity)' != '')) a ├®t├® ├®valu├®e comme ('' != 'true' and ('' != '' or '' != '')).
       Cible "AddGlobalAnalyzerConfigForPackage_MicrosoftCodeAnalysisNetAnalyzersUsage" ignor├®e en raison d'une fausse condition┬á; ('$(SkipGlobalAnalyzerConfigForPackage)' != 'true' and ('$(AnalysisLevelUsage)' != '' or '$(AnalysisModeUsage)' != '')) a ├®t├® ├®valu├®e comme ('' != 'true' and ('' != '' or '' != '')).
       Cible "_CodeAnalysisTreatWarningsAsErrors" ignor├®e en raison d'une fausse condition┬á; ('$(DesignTimeBuild)' == 'true' OR '$(BuildingProject)' != 'true') a ├®t├® ├®valu├®e comme ('' == 'true' OR 'true' != 'true').
   2:6>Cible "CoreCompile" dans le fichier "C:\Program Files\dotnet\sdk\9.0.203\Roslyn\Microsoft.CSharp.Core.targets" du projet "D:\www\SqlParserLight\SqlParserLib.csproj" (la cible "Compile" en d├®pend)┬á:
       G├®n├®ration compl├¿te de la cible "CoreCompile".
       Le fichier d'entr├®e "AST\ColumnPathResult.cs" est plus r├®cent que le fichier de sortie "obj\Debug\net8.0\SqlParserLib.dll".
       Utilisation de la t├óche "Csc" ├á partir de l'assembly "C:\Program Files\dotnet\sdk\9.0.203\Roslyn\Microsoft.Build.Tasks.CodeAnalysis.dll".
       T├óche "Csc"
         C:\Program Files\dotnet\dotnet.exe exec "C:\Program Files\dotnet\sdk\9.0.203\Roslyn\bincore\csc.dll" /noconfig /unsafe- /checked- /nowarn:1701,1702,1701,1702 /fullpaths /nostdlib+ /errorreport:prompt /warn:8 /define:TRACE;DEBUG;NET;NET8_0;NETCOREAPP;NET5_0_OR_GREATER;NET6_0_OR_GREATER;NET7_0_OR_GREATER;NET8_0_OR_GREATER;NETCOREAPP1_0_OR_GREATER;NETCOREAPP1_1_OR_GREATER;NETCOREAPP2_0_OR_GREATER;NETCOREAPP2_1_OR_GREATER;NETCOREAPP2_2_OR_GREATER;NETCOREAPP3_0_OR_GREATER;NETCOREAPP3_1_OR_GREATER /highentropyva+ /nullable:disable /reference:"C:\Program Files\dotnet\packs\Microsoft.NETCore.App.Ref\8.0.15\ref\net8.0\Microsoft.CSharp.dll" /reference:"C:\Program Files\dotnet\packs\Microsoft.NETCore.App.Ref\8.0.15\ref\net8.0\Microsoft.VisualBasic.Core.dll" /reference:"C:\Program Files\dotnet\packs\Microsoft.NETCore.App.Ref\8.0.15\ref\net8.0\Microsoft.VisualBasic.dll" /reference:"C:\Program Files\dotnet\packs\Microsoft.NETCore.App.Ref\8.0.15\ref\net8.0\Microsoft.Win32.Primitives.dll" /reference:"C:\Program Files\dotnet\packs\Microsoft.NETCore.App.Ref\8.0.15\ref\net8.0\Microsoft.Win32.Registry.dll" /reference:"C:\Program Files\dotnet\packs\Microsoft.NETCore.App.Ref\8.0.15\ref\net8.0\mscorlib.dll" /reference:"C:\Program Files\dotnet\packs\Microsoft.NETCore.App.Ref\8.0.15\ref\net8.0\netstandard.dll" /reference:"C:\Program Files\dotnet\packs\Microsoft.NETCore.App.Ref\8.0.15\ref\net8.0\System.AppContext.dll" /reference:"C:\Program Files\dotnet\packs\Microsoft.NETCore.App.Ref\8.0.15\ref\net8.0\System.Buffers.dll" /reference:"C:\Program Files\dotnet\packs\Microsoft.NETCore.App.Ref\8.0.15\ref\net8.0\System.Collections.Concurrent.dll" /reference:"C:\Program Files\dotnet\packs\Microsoft.NETCore.App.Ref\8.0.15\ref\net8.0\System.Collections.dll" /reference:"C:\Program Files\dotnet\packs\Microsoft.NETCore.App.Ref\8.0.15\ref\net8.0\System.Collections.Immutable.dll" /reference:"C:\Program Files\dotnet\packs\Microsoft.NETCore.App.Ref\8.0.15\ref\net8.0\System.Collections.NonGeneric.dll" /reference:"C:\Program Files\dotnet\packs\Microsoft.NETCore.App.Ref\8.0.15\ref\net8.0\System.Collections.Specialized.dll" /reference:"C:\Program Files\dotnet\packs\Microsoft.NETCore.App.Ref\8.0.15\ref\net8.0\System.ComponentModel.Annotations.dll" /reference:"C:\Program Files\dotnet\packs\Microsoft.NETCore.App.Ref\8.0.15\ref\net8.0\System.ComponentModel.DataAnnotations.dll" /reference:"C:\Program Files\dotnet\packs\Microsoft.NETCore.App.Ref\8.0.15\ref\net8.0\System.ComponentModel.dll" /reference:"C:\Program Files\dotnet\packs\Microsoft.NETCore.App.Ref\8.0.15\ref\net8.0\System.ComponentModel.EventBasedAsync.dll" /reference:"C:\Program Files\dotnet\packs\Microsoft.NETCore.App.Ref\8.0.15\ref\net8.0\System.ComponentModel.Primitives.dll" /reference:"C:\Program Files\dotnet\packs\Microsoft.NETCore.App.Ref\8.0.15\ref\net8.0\System.ComponentModel.TypeConverter.dll" /reference:"C:\Program Files\dotnet\packs\Microsoft.NETCore.App.Ref\8.0.15\ref\net8.0\System.Configuration.dll" /reference:"C:\Program Files\dotnet\packs\Microsoft.NETCore.App.Ref\8.0.15\ref\net8.0\System.Console.dll" /reference:"C:\Program Files\dotnet\packs\Microsoft.NETCore.App.Ref\8.0.15\ref\net8.0\System.Core.dll" /reference:"C:\Program Files\dotnet\packs\Microsoft.NETCore.App.Ref\8.0.15\ref\net8.0\System.Data.Common.dll" /reference:"C:\Program Files\dotnet\packs\Microsoft.NETCore.App.Ref\8.0.15\ref\net8.0\System.Data.DataSetExtensions.dll" /reference:"C:\Program Files\dotnet\packs\Microsoft.NETCore.App.Ref\8.0.15\ref\net8.0\System.Data.dll" /reference:"C:\Program Files\dotnet\packs\Microsoft.NETCore.App.Ref\8.0.15\ref\net8.0\System.Diagnostics.Contracts.dll" /reference:"C:\Program Files\dotnet\packs\Microsoft.NETCore.App.Ref\8.0.15\ref\net8.0\System.Diagnostics.Debug.dll" /reference:"C:\Program Files\dotnet\packs\Microsoft.NETCore.App.Ref\8.0.15\ref\net8.0\System.Diagnostics.DiagnosticSource.dll" /reference:"C:\Program Files\dotnet\packs\Microsoft.NETCore.App.Ref\8.0.15\ref\net8.0\System.Diagnostics.FileVersionInfo.dll" /reference:"C:\Program Files\dotnet\packs\Microsoft.NETCore.App.Ref\8.0.15\ref\net8.0\System.Diagnostics.Process.dll" /reference:"C:\Program Files\dotnet\packs\Microsoft.NETCore.App.Ref\8.0.15\ref\net8.0\System.Diagnostics.StackTrace.dll" /reference:"C:\Program Files\dotnet\packs\Microsoft.NETCore.App.Ref\8.0.15\ref\net8.0\System.Diagnostics.TextWriterTraceListener.dll" /reference:"C:\Program Files\dotnet\packs\Microsoft.NETCore.App.Ref\8.0.15\ref\net8.0\System.Diagnostics.Tools.dll" /reference:"C:\Program Files\dotnet\packs\Microsoft.NETCore.App.Ref\8.0.15\ref\net8.0\System.Diagnostics.TraceSource.dll" /reference:"C:\Program Files\dotnet\packs\Microsoft.NETCore.App.Ref\8.0.15\ref\net8.0\System.Diagnostics.Tracing.dll" /reference:"C:\Program Files\dotnet\packs\Microsoft.NETCore.App.Ref\8.0.15\ref\net8.0\System.dll" /reference:"C:\Program Files\dotnet\packs\Microsoft.NETCore.App.Ref\8.0.15\ref\net8.0\System.Drawing.dll" /reference:"C:\Program Files\dotnet\packs\Microsoft.NETCore.App.Ref\8.0.15\ref\net8.0\System.Drawing.Primitives.dll" /reference:"C:\Program Files\dotnet\packs\Microsoft.NETCore.App.Ref\8.0.15\ref\net8.0\System.Dynamic.Runtime.dll" /reference:"C:\Program Files\dotnet\packs\Microsoft.NETCore.App.Ref\8.0.15\ref\net8.0\System.Formats.Asn1.dll" /reference:"C:\Program Files\dotnet\packs\Microsoft.NETCore.App.Ref\8.0.15\ref\net8.0\System.Formats.Tar.dll" /reference:"C:\Program Files\dotnet\packs\Microsoft.NETCore.App.Ref\8.0.15\ref\net8.0\System.Globalization.Calendars.dll" /reference:"C:\Program Files\dotnet\packs\Microsoft.NETCore.App.Ref\8.0.15\ref\net8.0\System.Globalization.dll" /reference:"C:\Program Files\dotnet\packs\Microsoft.NETCore.App.Ref\8.0.15\ref\net8.0\System.Globalization.Extensions.dll" /reference:"C:\Program Files\dotnet\packs\Microsoft.NETCore.App.Ref\8.0.15\ref\net8.0\System.IO.Compression.Brotli.dll" /reference:"C:\Program Files\dotnet\packs\Microsoft.NETCore.App.Ref\8.0.15\ref\net8.0\System.IO.Compression.dll" /reference:"C:\Program Files\dotnet\packs\Microsoft.NETCore.App.Ref\8.0.15\ref\net8.0\System.IO.Compression.FileSystem.dll" /reference:"C:\Program Files\dotnet\packs\Microsoft.NETCore.App.Ref\8.0.15\ref\net8.0\System.IO.Compression.ZipFile.dll" /reference:"C:\Program Files\dotnet\packs\Microsoft.NETCore.App.Ref\8.0.15\ref\net8.0\System.IO.dll" /reference:"C:\Program Files\dotnet\packs\Microsoft.NETCore.App.Ref\8.0.15\ref\net8.0\System.IO.FileSystem.AccessControl.dll" /reference:"C:\Program Files\dotnet\packs\Microsoft.NETCore.App.Ref\8.0.15\ref\net8.0\System.IO.FileSystem.dll" /reference:"C:\Program Files\dotnet\packs\Microsoft.NETCore.App.Ref\8.0.15\ref\net8.0\System.IO.FileSystem.DriveInfo.dll" /reference:"C:\Program Files\dotnet\packs\Microsoft.NETCore.App.Ref\8.0.15\ref\net8.0\System.IO.FileSystem.Primitives.dll" /reference:"C:\Program Files\dotnet\packs\Microsoft.NETCore.App.Ref\8.0.15\ref\net8.0\System.IO.FileSystem.Watcher.dll" /reference:"C:\Program Files\dotnet\packs\Microsoft.NETCore.App.Ref\8.0.15\ref\net8.0\System.IO.IsolatedStorage.dll" /reference:"C:\Program Files\dotnet\packs\Microsoft.NETCore.App.Ref\8.0.15\ref\net8.0\System.IO.MemoryMappedFiles.dll" /reference:"C:\Program Files\dotnet\packs\Microsoft.NETCore.App.Ref\8.0.15\ref\net8.0\System.IO.Pipes.AccessControl.dll" /reference:"C:\Program Files\dotnet\packs\Microsoft.NETCore.App.Ref\8.0.15\ref\net8.0\System.IO.Pipes.dll" /reference:"C:\Program Files\dotnet\packs\Microsoft.NETCore.App.Ref\8.0.15\ref\net8.0\System.IO.UnmanagedMemoryStream.dll" /reference:"C:\Program Files\dotnet\packs\Microsoft.NETCore.App.Ref\8.0.15\ref\net8.0\System.Linq.dll" /reference:"C:\Program Files\dotnet\packs\Microsoft.NETCore.App.Ref\8.0.15\ref\net8.0\System.Linq.Expressions.dll" /reference:"C:\Program Files\dotnet\packs\Microsoft.NETCore.App.Ref\8.0.15\ref\net8.0\System.Linq.Parallel.dll" /reference:"C:\Program Files\dotnet\packs\Microsoft.NETCore.App.Ref\8.0.15\ref\net8.0\System.Linq.Queryable.dll" /reference:"C:\Program Files\dotnet\packs\Microsoft.NETCore.App.Ref\8.0.15\ref\net8.0\System.Memory.dll" /reference:"C:\Program Files\dotnet\packs\Microsoft.NETCore.App.Ref\8.0.15\ref\net8.0\System.Net.dll" /reference:"C:\Program Files\dotnet\packs\Microsoft.NETCore.App.Ref\8.0.15\ref\net8.0\System.Net.Http.dll" /reference:"C:\Program Files\dotnet\packs\Microsoft.NETCore.App.Ref\8.0.15\ref\net8.0\System.Net.Http.Json.dll" /reference:"C:\Program Files\dotnet\packs\Microsoft.NETCore.App.Ref\8.0.15\ref\net8.0\System.Net.HttpListener.dll" /reference:"C:\Program Files\dotnet\packs\Microsoft.NETCore.App.Ref\8.0.15\ref\net8.0\System.Net.Mail.dll" /reference:"C:\Program Files\dotnet\packs\Microsoft.NETCore.App.Ref\8.0.15\ref\net8.0\System.Net.NameResolution.dll" /reference:"C:\Program Files\dotnet\packs\Microsoft.NETCore.App.Ref\8.0.15\ref\net8.0\System.Net.NetworkInformation.dll" /reference:"C:\Program Files\dotnet\packs\Microsoft.NETCore.App.Ref\8.0.15\ref\net8.0\System.Net.Ping.dll" /reference:"C:\Program Files\dotnet\packs\Microsoft.NETCore.App.Ref\8.0.15\ref\net8.0\System.Net.Primitives.dll" /reference:"C:\Program Files\dotnet\packs\Microsoft.NETCore.App.Ref\8.0.15\ref\net8.0\System.Net.Quic.dll" /reference:"C:\Program Files\dotnet\packs\Microsoft.NETCore.App.Ref\8.0.15\ref\net8.0\System.Net.Requests.dll" /reference:"C:\Program Files\dotnet\packs\Microsoft.NETCore.App.Ref\8.0.15\ref\net8.0\System.Net.Security.dll" /reference:"C:\Program Files\dotnet\packs\Microsoft.NETCore.App.Ref\8.0.15\ref\net8.0\System.Net.ServicePoint.dll" /reference:"C:\Program Files\dotnet\packs\Microsoft.NETCore.App.Ref\8.0.15\ref\net8.0\System.Net.Sockets.dll" /reference:"C:\Program Files\dotnet\packs\Microsoft.NETCore.App.Ref\8.0.15\ref\net8.0\System.Net.WebClient.dll" /reference:"C:\Program Files\dotnet\packs\Microsoft.NETCore.App.Ref\8.0.15\ref\net8.0\System.Net.WebHeaderCollection.dll" /reference:"C:\Program Files\dotnet\packs\Microsoft.NETCore.App.Ref\8.0.15\ref\net8.0\System.Net.WebProxy.dll" /reference:"C:\Program Files\dotnet\packs\Microsoft.NETCore.App.Ref\8.0.15\ref\net8.0\System.Net.WebSockets.Client.dll" /reference:"C:\Program Files\dotnet\packs\Microsoft.NETCore.App.Ref\8.0.15\ref\net8.0\System.Net.WebSockets.dll" /reference:"C:\Program Files\dotnet\packs\Microsoft.NETCore.App.Ref\8.0.15\ref\net8.0\System.Numerics.dll" /reference:"C:\Program Files\dotnet\packs\Microsoft.NETCore.App.Ref\8.0.15\ref\net8.0\System.Numerics.Vectors.dll" /reference:"C:\Program Files\dotnet\packs\Microsoft.NETCore.App.Ref\8.0.15\ref\net8.0\System.ObjectModel.dll" /reference:"C:\Program Files\dotnet\packs\Microsoft.NETCore.App.Ref\8.0.15\ref\net8.0\System.Reflection.DispatchProxy.dll" /reference:"C:\Program Files\dotnet\packs\Microsoft.NETCore.App.Ref\8.0.15\ref\net8.0\System.Reflection.dll" /reference:"C:\Program Files\dotnet\packs\Microsoft.NETCore.App.Ref\8.0.15\ref\net8.0\System.Reflection.Emit.dll" /reference:"C:\Program Files\dotnet\packs\Microsoft.NETCore.App.Ref\8.0.15\ref\net8.0\System.Reflection.Emit.ILGeneration.dll" /reference:"C:\Program Files\dotnet\packs\Microsoft.NETCore.App.Ref\8.0.15\ref\net8.0\System.Reflection.Emit.Lightweight.dll" /reference:"C:\Program Files\dotnet\packs\Microsoft.NETCore.App.Ref\8.0.15\ref\net8.0\System.Reflection.Extensions.dll" /reference:"C:\Program Files\dotnet\packs\Microsoft.NETCore.App.Ref\8.0.15\ref\net8.0\System.Reflection.Metadata.dll" /reference:"C:\Program Files\dotnet\packs\Microsoft.NETCore.App.Ref\8.0.15\ref\net8.0\System.Reflection.Primitives.dll" /reference:"C:\Program Files\dotnet\packs\Microsoft.NETCore.App.Ref\8.0.15\ref\net8.0\System.Reflection.TypeExtensions.dll" /reference:"C:\Program Files\dotnet\packs\Microsoft.NETCore.App.Ref\8.0.15\ref\net8.0\System.Resources.Reader.dll" /reference:"C:\Program Files\dotnet\packs\Microsoft.NETCore.App.Ref\8.0.15\ref\net8.0\System.Resources.ResourceManager.dll" /reference:"C:\Program Files\dotnet\packs\Microsoft.NETCore.App.Ref\8.0.15\ref\net8.0\System.Resources.Writer.dll" /reference:"C:\Program Files\dotnet\packs\Microsoft.NETCore.App.Ref\8.0.15\ref\net8.0\System.Runtime.CompilerServices.Unsafe.dll" /reference:"C:\Program Files\dotnet\packs\Microsoft.NETCore.App.Ref\8.0.15\ref\net8.0\System.Runtime.CompilerServices.VisualC.dll" /reference:"C:\Program Files\dotnet\packs\Microsoft.NETCore.App.Ref\8.0.15\ref\net8.0\System.Runtime.dll" /reference:"C:\Program Files\dotnet\packs\Microsoft.NETCore.App.Ref\8.0.15\ref\net8.0\System.Runtime.Extensions.dll" /reference:"C:\Program Files\dotnet\packs\Microsoft.NETCore.App.Ref\8.0.15\ref\net8.0\System.Runtime.Handles.dll" /reference:"C:\Program Files\dotnet\packs\Microsoft.NETCore.App.Ref\8.0.15\ref\net8.0\System.Runtime.InteropServices.dll" /reference:"C:\Program Files\dotnet\packs\Microsoft.NETCore.App.Ref\8.0.15\ref\net8.0\System.Runtime.InteropServices.JavaScript.dll" /reference:"C:\Program Files\dotnet\packs\Microsoft.NETCore.App.Ref\8.0.15\ref\net8.0\System.Runtime.InteropServices.RuntimeInformation.dll" /reference:"C:\Program Files\dotnet\packs\Microsoft.NETCore.App.Ref\8.0.15\ref\net8.0\System.Runtime.Intrinsics.dll" /reference:"C:\Program Files\dotnet\packs\Microsoft.NETCore.App.Ref\8.0.15\ref\net8.0\System.Runtime.Loader.dll" /reference:"C:\Program Files\dotnet\packs\Microsoft.NETCore.App.Ref\8.0.15\ref\net8.0\System.Runtime.Numerics.dll" /reference:"C:\Program Files\dotnet\packs\Microsoft.NETCore.App.Ref\8.0.15\ref\net8.0\System.Runtime.Serialization.dll" /reference:"C:\Program Files\dotnet\packs\Microsoft.NETCore.App.Ref\8.0.15\ref\net8.0\System.Runtime.Serialization.Formatters.dll" /reference:"C:\Program Files\dotnet\packs\Microsoft.NETCore.App.Ref\8.0.15\ref\net8.0\System.Runtime.Serialization.Json.dll" /reference:"C:\Program Files\dotnet\packs\Microsoft.NETCore.App.Ref\8.0.15\ref\net8.0\System.Runtime.Serialization.Primitives.dll" /reference:"C:\Program Files\dotnet\packs\Microsoft.NETCore.App.Ref\8.0.15\ref\net8.0\System.Runtime.Serialization.Xml.dll" /reference:"C:\Program Files\dotnet\packs\Microsoft.NETCore.App.Ref\8.0.15\ref\net8.0\System.Security.AccessControl.dll" /reference:"C:\Program Files\dotnet\packs\Microsoft.NETCore.App.Ref\8.0.15\ref\net8.0\System.Security.Claims.dll" /reference:"C:\Program Files\dotnet\packs\Microsoft.NETCore.App.Ref\8.0.15\ref\net8.0\System.Security.Cryptography.Algorithms.dll" /reference:"C:\Program Files\dotnet\packs\Microsoft.NETCore.App.Ref\8.0.15\ref\net8.0\System.Security.Cryptography.Cng.dll" /reference:"C:\Program Files\dotnet\packs\Microsoft.NETCore.App.Ref\8.0.15\ref\net8.0\System.Security.Cryptography.Csp.dll" /reference:"C:\Program Files\dotnet\packs\Microsoft.NETCore.App.Ref\8.0.15\ref\net8.0\System.Security.Cryptography.dll" /reference:"C:\Program Files\dotnet\packs\Microsoft.NETCore.App.Ref\8.0.15\ref\net8.0\System.Security.Cryptography.Encoding.dll" /reference:"C:\Program Files\dotnet\packs\Microsoft.NETCore.App.Ref\8.0.15\ref\net8.0\System.Security.Cryptography.OpenSsl.dll" /reference:"C:\Program Files\dotnet\packs\Microsoft.NETCore.App.Ref\8.0.15\ref\net8.0\System.Security.Cryptography.Primitives.dll" /reference:"C:\Program Files\dotnet\packs\Microsoft.NETCore.App.Ref\8.0.15\ref\net8.0\System.Security.Cryptography.X509Certificates.dll" /reference:"C:\Program Files\dotnet\packs\Microsoft.NETCore.App.Ref\8.0.15\ref\net8.0\System.Security.dll" /reference:"C:\Program Files\dotnet\packs\Microsoft.NETCore.App.Ref\8.0.15\ref\net8.0\System.Security.Principal.dll" /reference:"C:\Program Files\dotnet\packs\Microsoft.NETCore.App.Ref\8.0.15\ref\net8.0\System.Security.Principal.Windows.dll" /reference:"C:\Program Files\dotnet\packs\Microsoft.NETCore.App.Ref\8.0.15\ref\net8.0\System.Security.SecureString.dll" /reference:"C:\Program Files\dotnet\packs\Microsoft.NETCore.App.Ref\8.0.15\ref\net8.0\System.ServiceModel.Web.dll" /reference:"C:\Program Files\dotnet\packs\Microsoft.NETCore.App.Ref\8.0.15\ref\net8.0\System.ServiceProcess.dll" /reference:"C:\Program Files\dotnet\packs\Microsoft.NETCore.App.Ref\8.0.15\ref\net8.0\System.Text.Encoding.CodePages.dll" /reference:"C:\Program Files\dotnet\packs\Microsoft.NETCore.App.Ref\8.0.15\ref\net8.0\System.Text.Encoding.dll" /reference:"C:\Program Files\dotnet\packs\Microsoft.NETCore.App.Ref\8.0.15\ref\net8.0\System.Text.Encoding.Extensions.dll" /reference:"C:\Program Files\dotnet\packs\Microsoft.NETCore.App.Ref\8.0.15\ref\net8.0\System.Text.Encodings.Web.dll" /reference:"C:\Program Files\dotnet\packs\Microsoft.NETCore.App.Ref\8.0.15\ref\net8.0\System.Text.Json.dll" /reference:"C:\Program Files\dotnet\packs\Microsoft.NETCore.App.Ref\8.0.15\ref\net8.0\System.Text.RegularExpressions.dll" /reference:"C:\Program Files\dotnet\packs\Microsoft.NETCore.App.Ref\8.0.15\ref\net8.0\System.Threading.Channels.dll" /reference:"C:\Program Files\dotnet\packs\Microsoft.NETCore.App.Ref\8.0.15\ref\net8.0\System.Threading.dll" /reference:"C:\Program Files\dotnet\packs\Microsoft.NETCore.App.Ref\8.0.15\ref\net8.0\System.Threading.Overlapped.dll" /reference:"C:\Program Files\dotnet\packs\Microsoft.NETCore.App.Ref\8.0.15\ref\net8.0\System.Threading.Tasks.Dataflow.dll" /reference:"C:\Program Files\dotnet\packs\Microsoft.NETCore.App.Ref\8.0.15\ref\net8.0\System.Threading.Tasks.dll" /reference:"C:\Program Files\dotnet\packs\Microsoft.NETCore.App.Ref\8.0.15\ref\net8.0\System.Threading.Tasks.Extensions.dll" /reference:"C:\Program Files\dotnet\packs\Microsoft.NETCore.App.Ref\8.0.15\ref\net8.0\System.Threading.Tasks.Parallel.dll" /reference:"C:\Program Files\dotnet\packs\Microsoft.NETCore.App.Ref\8.0.15\ref\net8.0\System.Threading.Thread.dll" /reference:"C:\Program Files\dotnet\packs\Microsoft.NETCore.App.Ref\8.0.15\ref\net8.0\System.Threading.ThreadPool.dll" /reference:"C:\Program Files\dotnet\packs\Microsoft.NETCore.App.Ref\8.0.15\ref\net8.0\System.Threading.Timer.dll" /reference:"C:\Program Files\dotnet\packs\Microsoft.NETCore.App.Ref\8.0.15\ref\net8.0\System.Transactions.dll" /reference:"C:\Program Files\dotnet\packs\Microsoft.NETCore.App.Ref\8.0.15\ref\net8.0\System.Transactions.Local.dll" /reference:"C:\Program Files\dotnet\packs\Microsoft.NETCore.App.Ref\8.0.15\ref\net8.0\System.ValueTuple.dll" /reference:"C:\Program Files\dotnet\packs\Microsoft.NETCore.App.Ref\8.0.15\ref\net8.0\System.Web.dll" /reference:"C:\Program Files\dotnet\packs\Microsoft.NETCore.App.Ref\8.0.15\ref\net8.0\System.Web.HttpUtility.dll" /reference:"C:\Program Files\dotnet\packs\Microsoft.NETCore.App.Ref\8.0.15\ref\net8.0\System.Windows.dll" /reference:"C:\Program Files\dotnet\packs\Microsoft.NETCore.App.Ref\8.0.15\ref\net8.0\System.Xml.dll" /reference:"C:\Program Files\dotnet\packs\Microsoft.NETCore.App.Ref\8.0.15\ref\net8.0\System.Xml.Linq.dll" /reference:"C:\Program Files\dotnet\packs\Microsoft.NETCore.App.Ref\8.0.15\ref\net8.0\System.Xml.ReaderWriter.dll" /reference:"C:\Program Files\dotnet\packs\Microsoft.NETCore.App.Ref\8.0.15\ref\net8.0\System.Xml.Serialization.dll" /reference:"C:\Program Files\dotnet\packs\Microsoft.NETCore.App.Ref\8.0.15\ref\net8.0\System.Xml.XDocument.dll" /reference:"C:\Program Files\dotnet\packs\Microsoft.NETCore.App.Ref\8.0.15\ref\net8.0\System.Xml.XmlDocument.dll" /reference:"C:\Program Files\dotnet\packs\Microsoft.NETCore.App.Ref\8.0.15\ref\net8.0\System.Xml.XmlSerializer.dll" /reference:"C:\Program Files\dotnet\packs\Microsoft.NETCore.App.Ref\8.0.15\ref\net8.0\System.Xml.XPath.dll" /reference:"C:\Program Files\dotnet\packs\Microsoft.NETCore.App.Ref\8.0.15\ref\net8.0\System.Xml.XPath.XDocument.dll" /reference:"C:\Program Files\dotnet\packs\Microsoft.NETCore.App.Ref\8.0.15\ref\net8.0\WindowsBase.dll" /reference:C:\Users\PREDTR\.nuget\packages\xunit.abstractions\2.0.3\lib\netstandard2.0\xunit.abstractions.dll /reference:C:\Users\PREDTR\.nuget\packages\xunit.assert\2.9.3\lib\net6.0\xunit.assert.dll /reference:C:\Users\PREDTR\.nuget\packages\xunit.extensibility.core\2.9.3\lib\netstandard1.1\xunit.core.dll /debug+ /debug:portable /filealign:512 /optimize- /out:obj\Debug\net8.0\SqlParserLib.dll /refout:obj\Debug\net8.0\refint\SqlParserLib.dll /target:exe /warnaserror- /utf8output /deterministic+ /sourcelink:obj\Debug\net8.0\SqlParserLib.sourcelink.json /langversion:12.0 /embed:SqlParserLib.Tests\obj\Debug\net8.0\SqlParserLib.Tests.GlobalUsings.g.cs /embed:obj\Debug\net8.0\SqlParserLib.GlobalUsings.g.cs /embed:"obj\Debug\net8.0\.NETCoreApp,Version=v8.0.AssemblyAttributes.cs" /embed:obj\Debug\net8.0\SqlParserLib.AssemblyInfo.cs /analyzerconfig:obj\Debug\net8.0\SqlParserLib.GeneratedMSBuildEditorConfig.editorconfig /analyzerconfig:"C:\Program Files\dotnet\sdk\9.0.203\Sdks\Microsoft.NET.Sdk\analyzers\build\config\analysislevel_8_default.globalconfig" /analyzer:"C:\Program Files\dotnet\sdk\9.0.203\Sdks\Microsoft.NET.Sdk\targets\..\analyzers\Microsoft.CodeAnalysis.CSharp.NetAnalyzers.dll" /analyzer:"C:\Program Files\dotnet\sdk\9.0.203\Sdks\Microsoft.NET.Sdk\targets\..\analyzers\Microsoft.CodeAnalysis.NetAnalyzers.dll" /analyzer:"C:\Program Files\dotnet\packs\Microsoft.NETCore.App.Ref\8.0.15\analyzers/dotnet/cs/Microsoft.Interop.ComInterfaceGenerator.dll" /analyzer:"C:\Program Files\dotnet\packs\Microsoft.NETCore.App.Ref\8.0.15\analyzers/dotnet/cs/Microsoft.Interop.JavaScript.JSImportGenerator.dll" /analyzer:"C:\Program Files\dotnet\packs\Microsoft.NETCore.App.Ref\8.0.15\analyzers/dotnet/cs/Microsoft.Interop.LibraryImportGenerator.dll" /analyzer:"C:\Program Files\dotnet\packs\Microsoft.NETCore.App.Ref\8.0.15\analyzers/dotnet/cs/Microsoft.Interop.SourceGeneration.dll" /analyzer:"C:\Program Files\dotnet\packs\Microsoft.NETCore.App.Ref\8.0.15\analyzers/dotnet/cs/System.Text.Json.SourceGeneration.dll" /analyzer:"C:\Program Files\dotnet\packs\Microsoft.NETCore.App.Ref\8.0.15\analyzers/dotnet/cs/System.Text.RegularExpressions.Generator.dll" AST\ColumnPathResult.cs AST\SqlAst.cs AST\SqlAstNode.cs AST\SqlColumn.cs AST\SqlExpression.cs AST\SqlJoin.cs AST\SqlStatement.cs AST\SqlTableSource.cs Core\SqlToken.cs Exceptions\ParseException.cs Interfaces\ISqlLexer.cs Interfaces\ISqlParser.cs Interfaces\ISqlVisitor.cs Lexer\SqlLexer.cs Parser\ExpressionParser.cs Parser\JoinParser.cs Parser\ParserContext.cs Parser\SelectStatementParser.cs Parser\SqlParser.cs Parser\TableSourceParser.cs Program.cs SqlParserLib.Tests\ExpressionParserTests.cs SqlParserLib.Tests\JoinParserTests.cs SqlParserLib.Tests\obj\Debug\net8.0\SqlParserLib.Tests.GlobalUsings.g.cs SqlParserLib.Tests\SelectStatementParserTests.cs SqlParserLib.Tests\SqlLexerTests.cs SqlParserLib.Tests\SqlParserTests.cs SqlParserLib.Tests\SqlPrinterVisitorTests.cs SqlParserLib.Tests\TableSourceParserTests.cs Visitors\SqlPrinterVisitor.cs Visitors\SqlVisitorBase.cs obj\Debug\net8.0\SqlParserLib.GlobalUsings.g.cs "obj\Debug\net8.0\.NETCoreApp,Version=v8.0.AssemblyAttributes.cs" obj\Debug\net8.0\SqlParserLib.AssemblyInfo.cs /warnaserror+:NU1605,SYSLIB0011
         Assembly charg├® pendant TaskRun (Microsoft.CodeAnalysis.BuildTasks.Csc)┬á: System.IO.Pipes, Version=9.0.0.0, Culture=neutral, PublicKeyToken=b03f5f7f11d50a3a (emplacement : C:\Program Files\dotnet\shared\Microsoft.NETCore.App\9.0.4\System.IO.Pipes.dll, MVID : 4eb355a2-2ddc-4cbb-9a47-07aa7b8ce7f5, AssemblyLoadContext : Default)
         Assembly charg├® pendant TaskRun (Microsoft.CodeAnalysis.BuildTasks.Csc)┬á: System.Security.AccessControl, Version=9.0.0.0, Culture=neutral, PublicKeyToken=b03f5f7f11d50a3a (emplacement : C:\Program Files\dotnet\shared\Microsoft.NETCore.App\9.0.4\System.Security.AccessControl.dll, MVID : 56f8ecd6-1c47-4192-8025-d85922731550, AssemblyLoadContext : Default)
         Compilateur Microsoft (R) Visual C# version 4.13.0-3.25155.17 (398aa319)
         Copyright (C) Microsoft Corporation. Tous droits r├®serv├®s.
   2:6>D:\www\SqlParserLight\Exceptions\ParseException.cs(23,22): warning CS8632: L'annotation pour les types r├®f├®rence Nullable doit ├¬tre utilis├®e uniquement dans le code au sein d'un contexte d'annotations '#nullable'. [D:\www\SqlParserLight\SqlParserLib.csproj]
   2:6>D:\www\SqlParserLight\SqlParserLib.Tests\ExpressionParserTests.cs(32,37): error CS1061: 'ExpressionParser' ne contient pas de d├®finition pour 'Parse' et aucune m├®thode d'extension accessible 'Parse' acceptant un premier argument de type 'ExpressionParser' n'a ├®t├® trouv├®e (une directive using ou une r├®f├®rence d'assembly est-elle manquante┬á?) [D:\www\SqlParserLight\SqlParserLib.csproj]
   2:6>D:\www\SqlParserLight\SqlParserLib.Tests\ExpressionParserTests.cs(36,41): error CS0117: 'ExpressionType' ne contient pas de d├®finition pour 'Function' [D:\www\SqlParserLight\SqlParserLib.csproj]
   2:6>D:\www\SqlParserLight\SqlParserLib.Tests\ExpressionParserTests.cs(52,37): error CS1061: 'ExpressionParser' ne contient pas de d├®finition pour 'Parse' et aucune m├®thode d'extension accessible 'Parse' acceptant un premier argument de type 'ExpressionParser' n'a ├®t├® trouv├®e (une directive using ou une r├®f├®rence d'assembly est-elle manquante┬á?) [D:\www\SqlParserLight\SqlParserLib.csproj]
   2:6>D:\www\SqlParserLight\SqlParserLib.Tests\ExpressionParserTests.cs(68,37): error CS1061: 'ExpressionParser' ne contient pas de d├®finition pour 'Parse' et aucune m├®thode d'extension accessible 'Parse' acceptant un premier argument de type 'ExpressionParser' n'a ├®t├® trouv├®e (une directive using ou une r├®f├®rence d'assembly est-elle manquante┬á?) [D:\www\SqlParserLight\SqlParserLib.csproj]
   2:6>D:\www\SqlParserLight\SqlParserLib.Tests\ExpressionParserTests.cs(72,41): error CS0117: 'ExpressionType' ne contient pas de d├®finition pour 'BinaryOperation' [D:\www\SqlParserLight\SqlParserLib.csproj]
   2:6>D:\www\SqlParserLight\SqlParserLib.Tests\ExpressionParserTests.cs(88,37): error CS1061: 'ExpressionParser' ne contient pas de d├®finition pour 'Parse' et aucune m├®thode d'extension accessible 'Parse' acceptant un premier argument de type 'ExpressionParser' n'a ├®t├® trouv├®e (une directive using ou une r├®f├®rence d'assembly est-elle manquante┬á?) [D:\www\SqlParserLight\SqlParserLib.csproj]
   2:6>D:\www\SqlParserLight\SqlParserLib.Tests\ExpressionParserTests.cs(92,41): error CS0117: 'ExpressionType' ne contient pas de d├®finition pour 'Function' [D:\www\SqlParserLight\SqlParserLib.csproj]
   2:6>D:\www\SqlParserLight\SqlParserLib.Tests\SqlLexerTests.cs(27,46): error CS1061: 'SqlToken' ne contient pas de d├®finition pour 'Value' et aucune m├®thode d'extension accessible 'Value' acceptant un premier argument de type 'SqlToken' n'a ├®t├® trouv├®e (une directive using ou une r├®f├®rence d'assembly est-elle manquante┬á?) [D:\www\SqlParserLight\SqlParserLib.csproj]
   2:6>D:\www\SqlParserLight\SqlParserLib.Tests\SqlLexerTests.cs(28,42): error CS1061: 'SqlToken' ne contient pas de d├®finition pour 'Value' et aucune m├®thode d'extension accessible 'Value' acceptant un premier argument de type 'SqlToken' n'a ├®t├® trouv├®e (une directive using ou une r├®f├®rence d'assembly est-elle manquante┬á?) [D:\www\SqlParserLight\SqlParserLib.csproj]
   2:6>D:\www\SqlParserLight\SqlParserLib.Tests\SqlLexerTests.cs(29,41): error CS1061: 'SqlToken' ne contient pas de d├®finition pour 'Value' et aucune m├®thode d'extension accessible 'Value' acceptant un premier argument de type 'SqlToken' n'a ├®t├® trouv├®e (une directive using ou une r├®f├®rence d'assembly est-elle manquante┬á?) [D:\www\SqlParserLight\SqlParserLib.csproj]
   2:6>D:\www\SqlParserLight\SqlParserLib.Tests\SqlLexerTests.cs(30,44): error CS1061: 'SqlToken' ne contient pas de d├®finition pour 'Value' et aucune m├®thode d'extension accessible 'Value' acceptant un premier argument de type 'SqlToken' n'a ├®t├® trouv├®e (une directive using ou une r├®f├®rence d'assembly est-elle manquante┬á?) [D:\www\SqlParserLight\SqlParserLib.csproj]
   2:6>D:\www\SqlParserLight\SqlParserLib.Tests\SqlLexerTests.cs(31,44): error CS1061: 'SqlToken' ne contient pas de d├®finition pour 'Value' et aucune m├®thode d'extension accessible 'Value' acceptant un premier argument de type 'SqlToken' n'a ├®t├® trouv├®e (une directive using ou une r├®f├®rence d'assembly est-elle manquante┬á?) [D:\www\SqlParserLight\SqlParserLib.csproj]
   2:6>D:\www\SqlParserLight\SqlParserLib.Tests\SqlLexerTests.cs(32,45): error CS1061: 'SqlToken' ne contient pas de d├®finition pour 'Value' et aucune m├®thode d'extension accessible 'Value' acceptant un premier argument de type 'SqlToken' n'a ├®t├® trouv├®e (une directive using ou une r├®f├®rence d'assembly est-elle manquante┬á?) [D:\www\SqlParserLight\SqlParserLib.csproj]
   2:6>D:\www\SqlParserLight\SqlParserLib.Tests\SqlLexerTests.cs(49,59): error CS1061: 'SqlToken' ne contient pas de d├®finition pour 'Value' et aucune m├®thode d'extension accessible 'Value' acceptant un premier argument de type 'SqlToken' n'a ├®t├® trouv├®e (une directive using ou une r├®f├®rence d'assembly est-elle manquante┬á?) [D:\www\SqlParserLight\SqlParserLib.csproj]
   2:6>D:\www\SqlParserLight\SqlParserLib.Tests\SqlLexerTests.cs(67,60): error CS1061: 'SqlToken' ne contient pas de d├®finition pour 'Value' et aucune m├®thode d'extension accessible 'Value' acceptant un premier argument de type 'SqlToken' n'a ├®t├® trouv├®e (une directive using ou une r├®f├®rence d'assembly est-elle manquante┬á?) [D:\www\SqlParserLight\SqlParserLib.csproj]
   2:6>D:\www\SqlParserLight\Parser\ExpressionParser.cs(94,17): warning CA2200: Quand une exception intercept├®e est lev├®e ├á nouveau, cela entra├«ne un changement des informations de la pile (https://learn.microsoft.com/dotnet/fundamentals/code-analysis/quality-rules/ca2200) [D:\www\SqlParserLight\SqlParserLib.csproj]
         CompilerServer: server - server processed compilation - SqlParserLib (net8.0)
       Ex├®cution de la t├óche "Csc" termin├®e -- ├ëCHEC.
   2:6>G├®n├®ration de la cible "CoreCompile" termin├®e dans le projet "SqlParserLib.csproj" -- ├ëCHEC.
   2:6>Cible "_CheckForCompileOutputs" dans le fichier "C:\Program Files\dotnet\sdk\9.0.203\Microsoft.Common.CurrentVersion.targets" du projet "D:\www\SqlParserLight\SqlParserLib.csproj" (la cible "_CleanGetCurrentAndPriorFileWrites" en d├®pend)┬á:
   2:6>G├®n├®ration de la cible "_CheckForCompileOutputs" termin├®e dans le projet "SqlParserLib.csproj".
       Cible "_SGenCheckForOutputs" ignor├®e en raison d'une fausse condition┬á; ('$(_SGenGenerateSerializationAssembliesConfig)' == 'On' or ('@(WebReferenceUrl)'!='' and '$(_SGenGenerateSerializationAssembliesConfig)' == 'Auto')) a ├®t├® ├®valu├®e comme ('Off' == 'On' or (''!='' and 'Off' == 'Auto')).
   2:6>Cible "_CleanGetCurrentAndPriorFileWrites" dans le fichier "C:\Program Files\dotnet\sdk\9.0.203\Microsoft.Common.CurrentVersion.targets" du projet "D:\www\SqlParserLight\SqlParserLib.csproj" (la cible "_CleanRecordFileWrites" en d├®pend)┬á:
       Utilisation de la t├óche "ReadLinesFromFile" ├á partir de l'assembly "Microsoft.Build.Tasks.Core, Version=15.1.0.0, Culture=neutral, PublicKeyToken=b03f5f7f11d50a3a".
       T├óche "ReadLinesFromFile"
       Ex├®cution de la t├óche "ReadLinesFromFile" termin├®e.
       T├óche "ConvertToAbsolutePath"
       Ex├®cution de la t├óche "ConvertToAbsolutePath" termin├®e.
       Utilisation de la t├óche "FindUnderPath" ├á partir de l'assembly "Microsoft.Build.Tasks.Core, Version=15.1.0.0, Culture=neutral, PublicKeyToken=b03f5f7f11d50a3a".
       T├óche "FindUnderPath"
         Le chemin de comparaison est "D:\www\SqlParserLight".
       Ex├®cution de la t├óche "FindUnderPath" termin├®e.
       T├óche "FindUnderPath"
         Le chemin de comparaison est "bin\Debug\net8.0\".
       Ex├®cution de la t├óche "FindUnderPath" termin├®e.
       T├óche "FindUnderPath"
         Le chemin de comparaison est "obj\Debug\net8.0\".
       Ex├®cution de la t├óche "FindUnderPath" termin├®e.
       T├óche "RemoveDuplicates"
       Ex├®cution de la t├óche "RemoveDuplicates" termin├®e.
   2:6>G├®n├®ration de la cible "_CleanGetCurrentAndPriorFileWrites" termin├®e dans le projet "SqlParserLib.csproj".
   2:6>Cible "_CleanRecordFileWrites" dans le fichier "C:\Program Files\dotnet\sdk\9.0.203\Microsoft.Common.CurrentVersion.targets" du projet "D:\www\SqlParserLight\SqlParserLib.csproj" (la cible "CoreBuild" en d├®pend)┬á:
       T├óche "RemoveDuplicates"
       Ex├®cution de la t├óche "RemoveDuplicates" termin├®e.
       T├óche "MakeDir"
       Ex├®cution de la t├óche "MakeDir" termin├®e.
       T├óche "WriteLinesToFile"
         L'├®criture dans le fichier "obj\Debug\net8.0\SqlParserLib.csproj.FileListAbsolute.txt" est ignor├®e, car le contenu ne change pas.
       Ex├®cution de la t├óche "WriteLinesToFile" termin├®e.
   2:6>G├®n├®ration de la cible "_CleanRecordFileWrites" termin├®e dans le projet "SqlParserLib.csproj".
   2:6>G├®n├®ration du projet "D:\www\SqlParserLight\SqlParserLib.csproj" termin├®e (cibles par d├®faut) -- ├ëCHEC.
   1:2>Ex├®cution de la t├óche "MSBuild" termin├®e -- ├ëCHEC.
   1:2>G├®n├®ration de la cible "Build" termin├®e dans le projet "SqlParserLight.sln" -- ├ëCHEC.
   1:2>G├®n├®ration du projet "D:\www\SqlParserLight\SqlParserLight.sln" termin├®e (cibles par d├®faut) -- ├ëCHEC.

├ëCHEC de la build.

       "D:\www\SqlParserLight\SqlParserLight.sln" (cible par d├®faut) (1:2) ->
       "D:\www\SqlParserLight\SqlParserLib.csproj" (cible par d├®faut) (2:6) ->
       (CoreCompile cible) -> 
         D:\www\SqlParserLight\Exceptions\ParseException.cs(23,22): warning CS8632: L'annotation pour les types r├®f├®rence Nullable doit ├¬tre utilis├®e uniquement dans le code au sein d'un contexte d'annotations '#nullable'. [D:\www\SqlParserLight\SqlParserLib.csproj]
         D:\www\SqlParserLight\Parser\ExpressionParser.cs(94,17): warning CA2200: Quand une exception intercept├®e est lev├®e ├á nouveau, cela entra├«ne un changement des informations de la pile (https://learn.microsoft.com/dotnet/fundamentals/code-analysis/quality-rules/ca2200) [D:\www\SqlParserLight\SqlParserLib.csproj]


       "D:\www\SqlParserLight\SqlParserLight.sln" (cible par d├®faut) (1:2) ->
       "D:\www\SqlParserLight\SqlParserLib.csproj" (cible par d├®faut) (2:6) ->
       (CoreCompile cible) -> 
         D:\www\SqlParserLight\SqlParserLib.Tests\ExpressionParserTests.cs(32,37): error CS1061: 'ExpressionParser' ne contient pas de d├®finition pour 'Parse' et aucune m├®thode d'extension accessible 'Parse' acceptant un premier argument de type 'ExpressionParser' n'a ├®t├® trouv├®e (une directive using ou une r├®f├®rence d'assembly est-elle manquante┬á?) [D:\www\SqlParserLight\SqlParserLib.csproj]
         D:\www\SqlParserLight\SqlParserLib.Tests\ExpressionParserTests.cs(36,41): error CS0117: 'ExpressionType' ne contient pas de d├®finition pour 'Function' [D:\www\SqlParserLight\SqlParserLib.csproj]
         D:\www\SqlParserLight\SqlParserLib.Tests\ExpressionParserTests.cs(52,37): error CS1061: 'ExpressionParser' ne contient pas de d├®finition pour 'Parse' et aucune m├®thode d'extension accessible 'Parse' acceptant un premier argument de type 'ExpressionParser' n'a ├®t├® trouv├®e (une directive using ou une r├®f├®rence d'assembly est-elle manquante┬á?) [D:\www\SqlParserLight\SqlParserLib.csproj]
         D:\www\SqlParserLight\SqlParserLib.Tests\ExpressionParserTests.cs(68,37): error CS1061: 'ExpressionParser' ne contient pas de d├®finition pour 'Parse' et aucune m├®thode d'extension accessible 'Parse' acceptant un premier argument de type 'ExpressionParser' n'a ├®t├® trouv├®e (une directive using ou une r├®f├®rence d'assembly est-elle manquante┬á?) [D:\www\SqlParserLight\SqlParserLib.csproj]
         D:\www\SqlParserLight\SqlParserLib.Tests\ExpressionParserTests.cs(72,41): error CS0117: 'ExpressionType' ne contient pas de d├®finition pour 'BinaryOperation' [D:\www\SqlParserLight\SqlParserLib.csproj]
         D:\www\SqlParserLight\SqlParserLib.Tests\ExpressionParserTests.cs(88,37): error CS1061: 'ExpressionParser' ne contient pas de d├®finition pour 'Parse' et aucune m├®thode d'extension accessible 'Parse' acceptant un premier argument de type 'ExpressionParser' n'a ├®t├® trouv├®e (une directive using ou une r├®f├®rence d'assembly est-elle manquante┬á?) [D:\www\SqlParserLight\SqlParserLib.csproj]
         D:\www\SqlParserLight\SqlParserLib.Tests\ExpressionParserTests.cs(92,41): error CS0117: 'ExpressionType' ne contient pas de d├®finition pour 'Function' [D:\www\SqlParserLight\SqlParserLib.csproj]
         D:\www\SqlParserLight\SqlParserLib.Tests\SqlLexerTests.cs(27,46): error CS1061: 'SqlToken' ne contient pas de d├®finition pour 'Value' et aucune m├®thode d'extension accessible 'Value' acceptant un premier argument de type 'SqlToken' n'a ├®t├® trouv├®e (une directive using ou une r├®f├®rence d'assembly est-elle manquante┬á?) [D:\www\SqlParserLight\SqlParserLib.csproj]
         D:\www\SqlParserLight\SqlParserLib.Tests\SqlLexerTests.cs(28,42): error CS1061: 'SqlToken' ne contient pas de d├®finition pour 'Value' et aucune m├®thode d'extension accessible 'Value' acceptant un premier argument de type 'SqlToken' n'a ├®t├® trouv├®e (une directive using ou une r├®f├®rence d'assembly est-elle manquante┬á?) [D:\www\SqlParserLight\SqlParserLib.csproj]
         D:\www\SqlParserLight\SqlParserLib.Tests\SqlLexerTests.cs(29,41): error CS1061: 'SqlToken' ne contient pas de d├®finition pour 'Value' et aucune m├®thode d'extension accessible 'Value' acceptant un premier argument de type 'SqlToken' n'a ├®t├® trouv├®e (une directive using ou une r├®f├®rence d'assembly est-elle manquante┬á?) [D:\www\SqlParserLight\SqlParserLib.csproj]
         D:\www\SqlParserLight\SqlParserLib.Tests\SqlLexerTests.cs(30,44): error CS1061: 'SqlToken' ne contient pas de d├®finition pour 'Value' et aucune m├®thode d'extension accessible 'Value' acceptant un premier argument de type 'SqlToken' n'a ├®t├® trouv├®e (une directive using ou une r├®f├®rence d'assembly est-elle manquante┬á?) [D:\www\SqlParserLight\SqlParserLib.csproj]
         D:\www\SqlParserLight\SqlParserLib.Tests\SqlLexerTests.cs(31,44): error CS1061: 'SqlToken' ne contient pas de d├®finition pour 'Value' et aucune m├®thode d'extension accessible 'Value' acceptant un premier argument de type 'SqlToken' n'a ├®t├® trouv├®e (une directive using ou une r├®f├®rence d'assembly est-elle manquante┬á?) [D:\www\SqlParserLight\SqlParserLib.csproj]
         D:\www\SqlParserLight\SqlParserLib.Tests\SqlLexerTests.cs(32,45): error CS1061: 'SqlToken' ne contient pas de d├®finition pour 'Value' et aucune m├®thode d'extension accessible 'Value' acceptant un premier argument de type 'SqlToken' n'a ├®t├® trouv├®e (une directive using ou une r├®f├®rence d'assembly est-elle manquante┬á?) [D:\www\SqlParserLight\SqlParserLib.csproj]
         D:\www\SqlParserLight\SqlParserLib.Tests\SqlLexerTests.cs(49,59): error CS1061: 'SqlToken' ne contient pas de d├®finition pour 'Value' et aucune m├®thode d'extension accessible 'Value' acceptant un premier argument de type 'SqlToken' n'a ├®t├® trouv├®e (une directive using ou une r├®f├®rence d'assembly est-elle manquante┬á?) [D:\www\SqlParserLight\SqlParserLib.csproj]
         D:\www\SqlParserLight\SqlParserLib.Tests\SqlLexerTests.cs(67,60): error CS1061: 'SqlToken' ne contient pas de d├®finition pour 'Value' et aucune m├®thode d'extension accessible 'Value' acceptant un premier argument de type 'SqlToken' n'a ├®t├® trouv├®e (une directive using ou une r├®f├®rence d'assembly est-elle manquante┬á?) [D:\www\SqlParserLight\SqlParserLib.csproj]

    2 Avertissement(s)
    15 Erreur(s)

Temps ├®coul├® 00:00:01.02
